{
  "instrToOriginalMap": [
    [
      "406:995:0",
      "40:67:0"
    ],
    [
      "675:73:0",
      "55:50:0"
    ],
    [
      "697:5:0",
      "65:5:0"
    ],
    [
      "698:3:0",
      "66:3:0"
    ],
    [
      "698:1:0",
      "66:1:0"
    ],
    [
      "698:1:0",
      "66:1:0"
    ],
    [
      "719:3:0",
      "88:3:0"
    ],
    [
      "720:1:0",
      "89:1:0"
    ],
    [
      "720:1:0",
      "89:1:0"
    ],
    [
      "720:1:0",
      "89:1:0"
    ],
    [
      "723:25:0",
      "92:13:0"
    ],
    [
      "733:8:0",
      "94:8:0"
    ],
    [
      "740:1:0",
      "101:1:0"
    ],
    [
      "1424:995:0",
      "40:67:1"
    ],
    [
      "1693:73:0",
      "55:50:1"
    ],
    [
      "1715:5:0",
      "65:5:1"
    ],
    [
      "1716:3:0",
      "66:3:1"
    ],
    [
      "1716:1:0",
      "66:1:1"
    ],
    [
      "1716:1:0",
      "66:1:1"
    ],
    [
      "1737:3:0",
      "88:3:1"
    ],
    [
      "1738:1:0",
      "89:1:1"
    ],
    [
      "1738:1:0",
      "89:1:1"
    ],
    [
      "1738:1:0",
      "89:1:1"
    ],
    [
      "1741:25:0",
      "92:13:1"
    ],
    [
      "1751:8:0",
      "94:8:1"
    ],
    [
      "1758:1:0",
      "101:1:1"
    ],
    [
      "916:7:0",
      "24:15:0"
    ],
    [
      "1934:7:0",
      "24:15:1"
    ]
  ],
  "otherInstrumentation": [
    "342:38:0",
    "1187:46:0",
    "1270:34:0",
    "1314:35:0",
    "1359:33:0",
    "487:7:0",
    "550:24:0",
    "506:34:0",
    "584:35:0",
    "629:33:0",
    "2205:46:0",
    "2288:34:0",
    "2332:35:0",
    "2377:33:0",
    "1505:7:0",
    "1568:24:0",
    "1524:34:0",
    "1602:35:0",
    "1647:33:0"
  ],
  "propertyMap": [
    {
      "id": 0,
      "contract": "A",
      "filename": "test/multifile_samples/circular_imports/A.sol",
      "propertySource": "34:4:0",
      "annotationSource": "24:15:0",
      "annotationText": "invariant true;",
      "target": "contract",
      "type": "invariant",
      "targetName": "A",
      "debugEventEncoding": [],
      "message": "",
      "instrumentationRanges": [
        "943:27:0",
        "912:104:0"
      ],
      "checkRanges": [
        "916:7:0"
      ],
      "assertionRanges": [
        "943:27:0",
        "988:13:0"
      ]
    },
    {
      "id": 1,
      "contract": "B",
      "filename": "test/multifile_samples/circular_imports/B.sol",
      "propertySource": "34:4:1",
      "annotationSource": "24:15:1",
      "annotationText": "invariant true;",
      "target": "contract",
      "type": "invariant",
      "targetName": "B",
      "debugEventEncoding": [],
      "message": "",
      "instrumentationRanges": [
        "1961:27:0",
        "1930:104:0"
      ],
      "checkRanges": [
        "1934:7:0"
      ],
      "assertionRanges": [
        "1961:27:0",
        "2006:13:0"
      ]
    }
  ],
  "originalSourceList": [
    "test/multifile_samples/circular_imports/A.sol",
    "test/multifile_samples/circular_imports/B.sol"
  ],
  "instrSourceList": [
    "--"
  ]
}
