{
  "instrToOriginalMap": [
    [
      "167:1041:0",
      "40:67:0"
    ],
    [
      "424:74:0",
      "55:50:0"
    ],
    [
      "446:5:0",
      "65:5:0"
    ],
    [
      "447:3:0",
      "66:3:0"
    ],
    [
      "447:1:0",
      "66:1:0"
    ],
    [
      "447:1:0",
      "66:1:0"
    ],
    [
      "469:3:0",
      "88:3:0"
    ],
    [
      "470:1:0",
      "89:1:0"
    ],
    [
      "470:1:0",
      "89:1:0"
    ],
    [
      "470:1:0",
      "89:1:0"
    ],
    [
      "473:25:0",
      "92:13:0"
    ],
    [
      "483:8:0",
      "94:8:0"
    ],
    [
      "490:1:0",
      "101:1:0"
    ],
    [
      "1969:1041:0",
      "40:67:1"
    ],
    [
      "2226:74:0",
      "55:50:1"
    ],
    [
      "2248:5:0",
      "65:5:1"
    ],
    [
      "2249:3:0",
      "66:3:1"
    ],
    [
      "2249:1:0",
      "66:1:1"
    ],
    [
      "2249:1:0",
      "66:1:1"
    ],
    [
      "2271:3:0",
      "88:3:1"
    ],
    [
      "2272:1:0",
      "89:1:1"
    ],
    [
      "2272:1:0",
      "89:1:1"
    ],
    [
      "2272:1:0",
      "89:1:1"
    ],
    [
      "2275:25:0",
      "92:13:1"
    ],
    [
      "2285:8:0",
      "94:8:1"
    ],
    [
      "2292:1:0",
      "101:1:1"
    ],
    [
      "666:7:0",
      "24:15:0"
    ],
    [
      "2468:7:0",
      "24:15:1"
    ]
  ],
  "otherInstrumentation": [
    "1426:22:0",
    "1545:33:0",
    "1633:8:0",
    "1653:113:0",
    "1828:110:0",
    "976:46:0",
    "1059:42:0",
    "1111:35:0",
    "1156:43:0",
    "218:7:0",
    "289:24:0",
    "237:42:0",
    "323:35:0",
    "368:43:0",
    "3228:22:0",
    "3347:33:0",
    "3435:8:0",
    "3455:113:0",
    "3630:110:0",
    "2778:46:0",
    "2861:42:0",
    "2913:35:0",
    "2958:43:0",
    "2020:7:0",
    "2091:24:0",
    "2039:42:0",
    "2125:35:0",
    "2170:43:0"
  ],
  "propertyMap": [
    {
      "id": 0,
      "contract": "A",
      "filename": "test/multifile_samples/circular_imports/A.sol",
      "propertySource": "34:4:0",
      "annotationSource": "24:15:0",
      "annotationText": "invariant true;",
      "target": "contract",
      "type": "invariant",
      "targetName": "A",
      "debugEventEncoding": [],
      "message": "",
      "instrumentationRanges": [
        "693:66:0",
        "662:143:0"
      ],
      "checkRanges": [
        "666:7:0"
      ],
      "assertionRanges": [
        "693:66:0",
        "777:13:0"
      ]
    },
    {
      "id": 1,
      "contract": "B",
      "filename": "test/multifile_samples/circular_imports/B.sol",
      "propertySource": "34:4:1",
      "annotationSource": "24:15:1",
      "annotationText": "invariant true;",
      "target": "contract",
      "type": "invariant",
      "targetName": "B",
      "debugEventEncoding": [],
      "message": "",
      "instrumentationRanges": [
        "2495:66:0",
        "2464:143:0"
      ],
      "checkRanges": [
        "2468:7:0"
      ],
      "assertionRanges": [
        "2495:66:0",
        "2579:13:0"
      ]
    }
  ],
  "originalSourceList": [
    "test/multifile_samples/circular_imports/A.sol",
    "test/multifile_samples/circular_imports/B.sol"
  ],
  "instrSourceList": [
    "--"
  ],
  "scribbleVersion": "0.7.0"
}