{
  "instrToOriginalMap": [
    [
      "297:1039:0",
      "40:67:0"
    ],
    [
      "610:73:0",
      "55:50:0"
    ],
    [
      "632:5:0",
      "65:5:0"
    ],
    [
      "633:3:0",
      "66:3:0"
    ],
    [
      "633:1:0",
      "66:1:0"
    ],
    [
      "633:1:0",
      "66:1:0"
    ],
    [
      "654:3:0",
      "88:3:0"
    ],
    [
      "655:1:0",
      "89:1:0"
    ],
    [
      "655:1:0",
      "89:1:0"
    ],
    [
      "655:1:0",
      "89:1:0"
    ],
    [
      "658:25:0",
      "92:13:0"
    ],
    [
      "668:8:0",
      "94:8:0"
    ],
    [
      "675:1:0",
      "101:1:0"
    ],
    [
      "1359:1039:0",
      "40:67:1"
    ],
    [
      "1672:73:0",
      "55:50:1"
    ],
    [
      "1694:5:0",
      "65:5:1"
    ],
    [
      "1695:3:0",
      "66:3:1"
    ],
    [
      "1695:1:0",
      "66:1:1"
    ],
    [
      "1695:1:0",
      "66:1:1"
    ],
    [
      "1716:3:0",
      "88:3:1"
    ],
    [
      "1717:1:0",
      "89:1:1"
    ],
    [
      "1717:1:0",
      "89:1:1"
    ],
    [
      "1717:1:0",
      "89:1:1"
    ],
    [
      "1720:25:0",
      "92:13:1"
    ],
    [
      "1730:8:0",
      "94:8:1"
    ],
    [
      "1737:1:0",
      "101:1:1"
    ],
    [
      "851:7:0",
      "24:15:0"
    ],
    [
      "1913:7:0",
      "24:15:1"
    ]
  ],
  "otherInstrumentation": [
    "233:38:0",
    "1122:46:0",
    "1205:34:0",
    "1249:35:0",
    "1294:33:0",
    "422:7:0",
    "485:24:0",
    "441:34:0",
    "519:35:0",
    "564:33:0",
    "2184:46:0",
    "2267:34:0",
    "2311:35:0",
    "2356:33:0",
    "1484:7:0",
    "1547:24:0",
    "1503:34:0",
    "1581:35:0",
    "1626:33:0"
  ],
  "propertyMap": [
    {
      "id": 0,
      "contract": "A",
      "filename": "test/multifile_samples/circular_imports/A.sol",
      "propertySource": "34:4:0",
      "annotationSource": "24:15:0",
      "target": "contract",
      "type": "invariant",
      "targetName": "A",
      "debugEventEncoding": [],
      "message": "",
      "instrumentationRanges": [
        "878:27:0",
        "847:104:0"
      ],
      "checkRanges": [
        "851:7:0"
      ],
      "assertionRanges": [
        "878:27:0",
        "923:13:0"
      ]
    },
    {
      "id": 1,
      "contract": "B",
      "filename": "test/multifile_samples/circular_imports/B.sol",
      "propertySource": "34:4:1",
      "annotationSource": "24:15:1",
      "target": "contract",
      "type": "invariant",
      "targetName": "B",
      "debugEventEncoding": [],
      "message": "",
      "instrumentationRanges": [
        "1940:27:0",
        "1909:104:0"
      ],
      "checkRanges": [
        "1913:7:0"
      ],
      "assertionRanges": [
        "1940:27:0",
        "1985:13:0"
      ]
    }
  ],
  "originalSourceList": [
    "test/multifile_samples/circular_imports/A.sol",
    "test/multifile_samples/circular_imports/B.sol"
  ],
  "instrSourceList": [
    "--"
  ]
}