import "./base.sol";

/// #macro macro2();
contract Foo {
    event AssertionFailed(string message);

    function foo(uint z, uint w) public {
        _original_Foo_foo(z, w);
        unchecked {
            if (!((z + w) > 0)) {
                emit AssertionFailed("3: dummy");
                assert(false);
            }
        }
    }

    function _original_Foo_foo(uint z, uint w) private {}
}