{
  "instrToOriginalMap": [
    [
      "51:1218:0",
      "97:497:0"
    ],
    [
      "330:20:0",
      "120:20:0"
    ],
    [
      "330:7:0",
      "120:7:0"
    ],
    [
      "74:69:0",
      "147:69:0"
    ],
    [
      "100:42:0",
      "173:42:0"
    ],
    [
      "101:20:0",
      "174:20:0"
    ],
    [
      "101:7:0",
      "174:7:0"
    ],
    [
      "123:18:0",
      "196:18:0"
    ],
    [
      "123:7:0",
      "196:7:0"
    ],
    [
      "492:60:0",
      "222:60:0"
    ],
    [
      "503:2:0",
      "233:2:0"
    ],
    [
      "506:46:0",
      "236:46:0"
    ],
    [
      "516:29:0",
      "246:29:0"
    ],
    [
      "516:29:0",
      "246:29:0"
    ],
    [
      "516:17:0",
      "246:17:0"
    ],
    [
      "534:10:0",
      "264:10:0"
    ],
    [
      "534:3:0",
      "264:3:0"
    ],
    [
      "357:129:0",
      "288:130:0"
    ],
    [
      "375:2:0",
      "306:2:0"
    ],
    [
      "378:108:0",
      "309:109:0"
    ],
    [
      "388:80:0",
      "319:80:0"
    ],
    [
      "388:80:0",
      "319:80:0"
    ],
    [
      "388:7:0",
      "319:7:0"
    ],
    [
      "396:19:0",
      "327:19:0"
    ],
    [
      "396:5:0",
      "327:5:0"
    ],
    [
      "405:10:0",
      "336:10:0"
    ],
    [
      "405:3:0",
      "336:3:0"
    ],
    [
      "417:50:0",
      "348:50:0"
    ],
    [
      "478:1:0",
      "410:1:0"
    ],
    [
      "558:190:0",
      "424:168:0"
    ],
    [
      "584:12:0",
      "450:12:0"
    ],
    [
      "585:10:0",
      "451:10:0"
    ],
    [
      "585:7:0",
      "451:7:0"
    ],
    [
      "612:11:0",
      "478:9:0"
    ],
    [
      "612:9:0",
      "478:9:0"
    ],
    [
      "624:124:0",
      "488:104:0"
    ],
    [
      "634:20:0",
      "498:20:0"
    ],
    [
      "634:12:0",
      "498:12:0"
    ],
    [
      "634:7:0",
      "498:7:0"
    ],
    [
      "649:5:0",
      "513:5:0"
    ],
    [
      "664:32:0",
      "529:10:0"
    ],
    [
      "664:32:0",
      "529:10:0"
    ],
    [
      "693:2:0",
      "537:2:0"
    ],
    [
      "706:35:0",
      "550:35:0"
    ],
    [
      "711:30:0",
      "555:30:0"
    ],
    [
      "711:20:0",
      "555:20:0"
    ],
    [
      "732:4:0",
      "576:4:0"
    ],
    [
      "738:2:0",
      "582:2:0"
    ],
    [
      "1292:487:0",
      "43:57:1"
    ],
    [
      "1724:53:0",
      "60:38:1"
    ],
    [
      "1750:16:0",
      "72:16:1"
    ],
    [
      "1751:6:0",
      "73:6:1"
    ],
    [
      "1751:4:0",
      "73:4:1"
    ],
    [
      "1759:6:0",
      "81:6:1"
    ],
    [
      "1759:4:0",
      "81:4:1"
    ],
    [
      "1775:2:0",
      "96:2:1"
    ],
    [
      "1911:27:0",
      "596:27:0"
    ],
    [
      "1928:7:0",
      "613:7:0"
    ],
    [
      "1928:7:0",
      "613:7:0"
    ],
    [
      "1527:14:0",
      [
        "108:22:3",
        "27:15:1"
      ]
    ],
    [
      "1035:25:0",
      [
        "153:37:2",
        "71:21:0"
      ]
    ]
  ],
  "otherInstrumentation": [
    "1868:38:0",
    "1466:23:0",
    "838:429:0",
    "963:12:0",
    "824:12:0",
    "985:12:0",
    "664:32:0",
    "848:15:0"
  ],
  "propertyMap": [
    {
      "id": 2,
      "contract": "Ownable",
      "filename": "test/multifile_samples/macros/base.sol",
      "propertySource": [
        "164:25:2",
        "71:21:0"
      ],
      "annotationSource": [
        "153:37:2",
        "71:21:0"
      ],
      "target": "variable",
      "type": "if_updated",
      "targetName": "owner",
      "debugEventEncoding": [
        [
          [
            "168:6:2"
          ],
          "address"
        ]
      ],
      "message": "can only be updated by an owner",
      "instrumentationRanges": [
        "897:16:0",
        "927:16:0",
        "1156:49:0",
        "1080:58:0",
        "1031:220:0"
      ],
      "checkRanges": [
        "1035:25:0"
      ],
      "assertionRanges": [
        "1080:58:0",
        "1156:49:0",
        "1223:13:0"
      ]
    },
    {
      "id": 3,
      "contract": "Foo",
      "filename": "test/multifile_samples/macros/child.sol",
      "propertySource": [
        "120:9:3",
        "27:15:1"
      ],
      "annotationSource": [
        "108:22:3",
        "27:15:1"
      ],
      "target": "function",
      "type": "if_succeeds",
      "targetName": "foo",
      "debugEventEncoding": [
        [
          [
            "120:1:3"
          ],
          "uint256"
        ],
        [
          [
            "124:1:3"
          ],
          "uint256"
        ]
      ],
      "message": "dummy",
      "instrumentationRanges": [
        "1611:45:0",
        "1561:32:0",
        "1523:179:0"
      ],
      "checkRanges": [
        "1527:14:0"
      ],
      "assertionRanges": [
        "1561:32:0",
        "1611:45:0",
        "1674:13:0"
      ]
    }
  ],
  "originalSourceList": [
    "test/multifile_samples/macros/base.sol",
    "test/multifile_samples/macros/child.sol",
    "/home/dimo/work/consensys/scribble-clean/test/multifile_samples/macros/macro1.scribble.yaml",
    "/home/dimo/work/consensys/scribble-clean/test/multifile_samples/macros/macro2.scribble.yaml"
  ],
  "instrSourceList": [
    "--"
  ]
}
