{
  "instrToOriginalMap": [
    [
      "174:1218:0",
      "98:497:0"
    ],
    [
      "453:20:0",
      "121:20:0"
    ],
    [
      "453:7:0",
      "121:7:0"
    ],
    [
      "197:69:0",
      "148:69:0"
    ],
    [
      "223:42:0",
      "174:42:0"
    ],
    [
      "224:20:0",
      "175:20:0"
    ],
    [
      "224:7:0",
      "175:7:0"
    ],
    [
      "246:18:0",
      "197:18:0"
    ],
    [
      "246:7:0",
      "197:7:0"
    ],
    [
      "615:60:0",
      "223:60:0"
    ],
    [
      "626:2:0",
      "234:2:0"
    ],
    [
      "629:46:0",
      "237:46:0"
    ],
    [
      "639:29:0",
      "247:29:0"
    ],
    [
      "639:29:0",
      "247:29:0"
    ],
    [
      "639:17:0",
      "247:17:0"
    ],
    [
      "657:10:0",
      "265:10:0"
    ],
    [
      "657:3:0",
      "265:3:0"
    ],
    [
      "480:129:0",
      "289:130:0"
    ],
    [
      "498:2:0",
      "307:2:0"
    ],
    [
      "501:108:0",
      "310:109:0"
    ],
    [
      "511:80:0",
      "320:80:0"
    ],
    [
      "511:80:0",
      "320:80:0"
    ],
    [
      "511:7:0",
      "320:7:0"
    ],
    [
      "519:19:0",
      "328:19:0"
    ],
    [
      "519:5:0",
      "328:5:0"
    ],
    [
      "528:10:0",
      "337:10:0"
    ],
    [
      "528:3:0",
      "337:3:0"
    ],
    [
      "540:50:0",
      "349:50:0"
    ],
    [
      "601:1:0",
      "411:1:0"
    ],
    [
      "681:190:0",
      "425:168:0"
    ],
    [
      "707:12:0",
      "451:12:0"
    ],
    [
      "708:10:0",
      "452:10:0"
    ],
    [
      "708:7:0",
      "452:7:0"
    ],
    [
      "735:11:0",
      "479:9:0"
    ],
    [
      "735:9:0",
      "479:9:0"
    ],
    [
      "747:124:0",
      "489:104:0"
    ],
    [
      "757:20:0",
      "499:20:0"
    ],
    [
      "757:12:0",
      "499:12:0"
    ],
    [
      "757:7:0",
      "499:7:0"
    ],
    [
      "772:5:0",
      "514:5:0"
    ],
    [
      "787:32:0",
      "530:10:0"
    ],
    [
      "787:32:0",
      "530:10:0"
    ],
    [
      "816:2:0",
      "538:2:0"
    ],
    [
      "829:35:0",
      "551:35:0"
    ],
    [
      "834:30:0",
      "556:30:0"
    ],
    [
      "834:20:0",
      "556:20:0"
    ],
    [
      "855:4:0",
      "577:4:0"
    ],
    [
      "861:2:0",
      "583:2:0"
    ],
    [
      "1415:487:0",
      "43:57:1"
    ],
    [
      "1847:53:0",
      "60:38:1"
    ],
    [
      "1873:16:0",
      "72:16:1"
    ],
    [
      "1874:6:0",
      "73:6:1"
    ],
    [
      "1874:4:0",
      "73:4:1"
    ],
    [
      "1882:6:0",
      "81:6:1"
    ],
    [
      "1882:4:0",
      "81:4:1"
    ],
    [
      "1898:2:0",
      "96:2:1"
    ],
    [
      "2034:27:0",
      "597:27:0"
    ],
    [
      "2051:7:0",
      "614:7:0"
    ],
    [
      "2051:7:0",
      "614:7:0"
    ],
    [
      "1650:14:0",
      [
        "108:22:3",
        "27:15:1"
      ]
    ],
    [
      "1158:25:0",
      [
        "154:37:2",
        "72:21:0"
      ]
    ]
  ],
  "otherInstrumentation": [
    "1991:38:0",
    "1589:23:0",
    "961:429:0",
    "1086:12:0",
    "947:12:0",
    "1108:12:0",
    "787:32:0",
    "971:15:0"
  ],
  "propertyMap": [
    {
      "id": 2,
      "contract": "Ownable",
      "filename": "test/multifile_samples/macros/base.sol",
      "propertySource": [
        "165:25:2",
        "72:21:0"
      ],
      "annotationSource": [
        "154:37:2",
        "72:21:0"
      ],
      "target": "variable",
      "type": "if_updated",
      "targetName": "owner",
      "debugEventEncoding": [
        [
          [
            "169:6:2"
          ],
          "address"
        ]
      ],
      "message": "can only be updated by an owner",
      "instrumentationRanges": [
        "1020:16:0",
        "1050:16:0",
        "1279:49:0",
        "1203:58:0",
        "1154:220:0"
      ],
      "checkRanges": [
        "1158:25:0"
      ],
      "assertionRanges": [
        "1203:58:0",
        "1279:49:0",
        "1346:13:0"
      ]
    },
    {
      "id": 3,
      "contract": "Foo",
      "filename": "test/multifile_samples/macros/child.sol",
      "propertySource": [
        "120:9:3",
        "27:15:1"
      ],
      "annotationSource": [
        "108:22:3",
        "27:15:1"
      ],
      "target": "function",
      "type": "if_succeeds",
      "targetName": "foo",
      "debugEventEncoding": [
        [
          [
            "120:1:3"
          ],
          "uint256"
        ],
        [
          [
            "124:1:3"
          ],
          "uint256"
        ]
      ],
      "message": "dummy",
      "instrumentationRanges": [
        "1734:45:0",
        "1684:32:0",
        "1646:179:0"
      ],
      "checkRanges": [
        "1650:14:0"
      ],
      "assertionRanges": [
        "1684:32:0",
        "1734:45:0",
        "1797:13:0"
      ]
    }
  ],
  "originalSourceList": [
    "test/multifile_samples/macros/base.sol",
    "test/multifile_samples/macros/child.sol",
    "test/multifile_samples/macros/macro1.scribble.yaml",
    "test/multifile_samples/macros/macro2.scribble.yaml"
  ],
  "instrSourceList": [
    "--"
  ]
}