{
  "instrToOriginalMap": [
    [
      "173:1218:0",
      "97:497:0"
    ],
    [
      "452:20:0",
      "120:20:0"
    ],
    [
      "452:7:0",
      "120:7:0"
    ],
    [
      "196:69:0",
      "147:69:0"
    ],
    [
      "222:42:0",
      "173:42:0"
    ],
    [
      "223:20:0",
      "174:20:0"
    ],
    [
      "223:7:0",
      "174:7:0"
    ],
    [
      "245:18:0",
      "196:18:0"
    ],
    [
      "245:7:0",
      "196:7:0"
    ],
    [
      "614:60:0",
      "222:60:0"
    ],
    [
      "625:2:0",
      "233:2:0"
    ],
    [
      "628:46:0",
      "236:46:0"
    ],
    [
      "638:29:0",
      "246:29:0"
    ],
    [
      "638:29:0",
      "246:29:0"
    ],
    [
      "638:17:0",
      "246:17:0"
    ],
    [
      "656:10:0",
      "264:10:0"
    ],
    [
      "656:3:0",
      "264:3:0"
    ],
    [
      "479:129:0",
      "288:130:0"
    ],
    [
      "497:2:0",
      "306:2:0"
    ],
    [
      "500:108:0",
      "309:109:0"
    ],
    [
      "510:80:0",
      "319:80:0"
    ],
    [
      "510:80:0",
      "319:80:0"
    ],
    [
      "510:7:0",
      "319:7:0"
    ],
    [
      "518:19:0",
      "327:19:0"
    ],
    [
      "518:5:0",
      "327:5:0"
    ],
    [
      "527:10:0",
      "336:10:0"
    ],
    [
      "527:3:0",
      "336:3:0"
    ],
    [
      "539:50:0",
      "348:50:0"
    ],
    [
      "600:1:0",
      "410:1:0"
    ],
    [
      "680:190:0",
      "424:168:0"
    ],
    [
      "706:12:0",
      "450:12:0"
    ],
    [
      "707:10:0",
      "451:10:0"
    ],
    [
      "707:7:0",
      "451:7:0"
    ],
    [
      "734:11:0",
      "478:9:0"
    ],
    [
      "734:9:0",
      "478:9:0"
    ],
    [
      "746:124:0",
      "488:104:0"
    ],
    [
      "756:20:0",
      "498:20:0"
    ],
    [
      "756:12:0",
      "498:12:0"
    ],
    [
      "756:7:0",
      "498:7:0"
    ],
    [
      "771:5:0",
      "513:5:0"
    ],
    [
      "786:32:0",
      "529:10:0"
    ],
    [
      "786:32:0",
      "529:10:0"
    ],
    [
      "815:2:0",
      "537:2:0"
    ],
    [
      "828:35:0",
      "550:35:0"
    ],
    [
      "833:30:0",
      "555:30:0"
    ],
    [
      "833:20:0",
      "555:20:0"
    ],
    [
      "854:4:0",
      "576:4:0"
    ],
    [
      "860:2:0",
      "582:2:0"
    ],
    [
      "1414:487:0",
      "43:57:1"
    ],
    [
      "1846:53:0",
      "60:38:1"
    ],
    [
      "1872:16:0",
      "72:16:1"
    ],
    [
      "1873:6:0",
      "73:6:1"
    ],
    [
      "1873:4:0",
      "73:4:1"
    ],
    [
      "1881:6:0",
      "81:6:1"
    ],
    [
      "1881:4:0",
      "81:4:1"
    ],
    [
      "1897:2:0",
      "96:2:1"
    ],
    [
      "2033:27:0",
      "596:27:0"
    ],
    [
      "2050:7:0",
      "613:7:0"
    ],
    [
      "2050:7:0",
      "613:7:0"
    ],
    [
      "1649:14:0",
      [
        "108:22:3",
        "27:15:1"
      ]
    ],
    [
      "1157:25:0",
      [
        "153:37:2",
        "71:21:0"
      ]
    ]
  ],
  "otherInstrumentation": [
    "1990:38:0",
    "1588:23:0",
    "960:429:0",
    "1085:12:0",
    "946:12:0",
    "1107:12:0",
    "786:32:0",
    "970:15:0"
  ],
  "propertyMap": [
    {
      "id": 2,
      "contract": "Ownable",
      "filename": "test/multifile_samples/macros/base.sol",
      "propertySource": [
        "164:25:2",
        "71:21:0"
      ],
      "annotationSource": [
        "153:37:2",
        "71:21:0"
      ],
      "target": "variable",
      "type": "if_updated",
      "targetName": "owner",
      "debugEventEncoding": [
        [
          [
            "168:6:2"
          ],
          "address"
        ]
      ],
      "message": "can only be updated by an owner",
      "instrumentationRanges": [
        "1019:16:0",
        "1049:16:0",
        "1278:49:0",
        "1202:58:0",
        "1153:220:0"
      ],
      "checkRanges": [
        "1157:25:0"
      ],
      "assertionRanges": [
        "1202:58:0",
        "1278:49:0",
        "1345:13:0"
      ]
    },
    {
      "id": 3,
      "contract": "Foo",
      "filename": "test/multifile_samples/macros/child.sol",
      "propertySource": [
        "120:9:3",
        "27:15:1"
      ],
      "annotationSource": [
        "108:22:3",
        "27:15:1"
      ],
      "target": "function",
      "type": "if_succeeds",
      "targetName": "foo",
      "debugEventEncoding": [
        [
          [
            "120:1:3"
          ],
          "uint256"
        ],
        [
          [
            "124:1:3"
          ],
          "uint256"
        ]
      ],
      "message": "dummy",
      "instrumentationRanges": [
        "1733:45:0",
        "1683:32:0",
        "1645:179:0"
      ],
      "checkRanges": [
        "1649:14:0"
      ],
      "assertionRanges": [
        "1683:32:0",
        "1733:45:0",
        "1796:13:0"
      ]
    }
  ],
  "originalSourceList": [
    "test/multifile_samples/macros/base.sol",
    "test/multifile_samples/macros/child.sol",
    "test/multifile_samples/macros/macro1.scribble.yaml",
    "test/multifile_samples/macros/macro2.scribble.yaml"
  ],
  "instrSourceList": [
    "--"
  ]
}