{
  "instrToOriginalMap": [
    [
      "147:1349:0",
      "0:133:0"
    ],
    [
      "885:85:0",
      "53:78:0"
    ],
    [
      "909:8:0",
      "65:8:0"
    ],
    [
      "910:6:0",
      "66:6:0"
    ],
    [
      "910:4:0",
      "66:4:0"
    ],
    [
      "934:6:0",
      "97:6:0"
    ],
    [
      "935:4:0",
      "98:4:0"
    ],
    [
      "935:4:0",
      "98:4:0"
    ],
    [
      "941:29:0",
      "104:27:0"
    ],
    [
      "951:12:0",
      "114:10:0"
    ],
    [
      "958:5:0",
      "121:3:0"
    ],
    [
      "958:1:0",
      "121:1:0"
    ],
    [
      "962:1:0",
      "123:1:0"
    ],
    [
      "2236:537:0",
      "0:15:1"
    ],
    [
      "5022:1871:0",
      "69:152:2"
    ],
    [
      "5036:1:0",
      "83:1:2"
    ],
    [
      "5036:1:0",
      "83:1:2"
    ],
    [
      "5039:1:0",
      "86:1:2"
    ],
    [
      "5039:1:0",
      "86:1:2"
    ],
    [
      "6008:85:0",
      "132:87:2"
    ],
    [
      "6032:8:0",
      "144:8:2"
    ],
    [
      "6033:6:0",
      "145:6:2"
    ],
    [
      "6033:4:0",
      "145:4:2"
    ],
    [
      "6057:6:0",
      "185:6:2"
    ],
    [
      "6058:4:0",
      "186:4:2"
    ],
    [
      "6058:4:0",
      "186:4:2"
    ],
    [
      "6064:29:0",
      "192:27:2"
    ],
    [
      "6074:12:0",
      "202:10:2"
    ],
    [
      "6081:5:0",
      "209:3:2"
    ],
    [
      "6081:1:0",
      "209:1:2"
    ],
    [
      "6085:1:0",
      "211:1:2"
    ],
    [
      "6895:672:0",
      "36:23:3"
    ],
    [
      "6909:1:0",
      "50:1:3"
    ],
    [
      "6909:1:0",
      "50:1:3"
    ],
    [
      "6912:1:0",
      "53:1:3"
    ],
    [
      "6912:1:0",
      "53:1:3"
    ],
    [
      "499:13:0",
      "23:25:0"
    ],
    [
      "5391:13:0",
      "23:25:0"
    ],
    [
      "6237:7:0",
      "41:27:2"
    ],
    [
      "5616:19:0",
      "100:27:2"
    ]
  ],
  "otherInstrumentation": [
    "1257:46:0",
    "1714:22:0",
    "1833:33:0",
    "1921:8:0",
    "1941:113:0",
    "2116:110:0",
    "1347:42:0",
    "1399:35:0",
    "1444:43:0",
    "278:10:0",
    "459:26:0",
    "325:72:0",
    "407:42:0",
    "720:72:0",
    "802:70:0",
    "2534:46:0",
    "2991:22:0",
    "3110:33:0",
    "3198:8:0",
    "3218:113:0",
    "3393:110:0",
    "2624:42:0",
    "2676:35:0",
    "2721:43:0",
    "3729:22:0",
    "3848:33:0",
    "3936:8:0",
    "3956:113:0",
    "4131:110:0",
    "6542:46:0",
    "6598:46:0",
    "6654:46:0",
    "6744:42:0",
    "6796:35:0",
    "6841:43:0",
    "5170:10:0",
    "5351:26:0",
    "5217:72:0",
    "5299:42:0",
    "5843:72:0",
    "5925:70:0",
    "7216:46:0",
    "7272:46:0",
    "7328:46:0",
    "4467:22:0",
    "4586:33:0",
    "4674:8:0",
    "4694:113:0",
    "4869:110:0",
    "7418:42:0",
    "7470:35:0",
    "7515:43:0",
    "300:15:0",
    "5192:15:0"
  ],
  "propertyMap": [
    {
      "id": 0,
      "contract": "A",
      "filename": "test/multifile_samples/inheritance1/A.sol",
      "propertySource": "35:12:0",
      "annotationSource": "23:25:0",
      "annotationText": "if_succeeds $result >= x;",
      "target": "function",
      "type": "if_succeeds",
      "targetName": "foo",
      "debugEventEncoding": [
        [
          "x",
          [
            "46:1:0"
          ],
          "uint256"
        ]
      ],
      "message": "",
      "instrumentationRanges": [
        "528:65:0",
        "607:66:0",
        "495:216:0",
        "5420:65:0",
        "5499:66:0",
        "5387:216:0"
      ],
      "checkRanges": [
        "499:13:0",
        "5391:13:0"
      ],
      "assertionRanges": [
        "528:65:0",
        "607:66:0",
        "687:13:0",
        "5420:65:0",
        "5499:66:0",
        "5579:13:0"
      ]
    },
    {
      "id": 1,
      "contract": "C",
      "filename": "test/multifile_samples/inheritance1/C.sol",
      "propertySource": "63:4:2",
      "annotationSource": "41:27:2",
      "annotationText": "invariant {:msg \"P1\"} true;",
      "target": "contract",
      "type": "invariant",
      "targetName": "C",
      "debugEventEncoding": [],
      "message": "P1",
      "instrumentationRanges": [
        "6260:68:0",
        "6233:133:0"
      ],
      "checkRanges": [
        "6237:7:0"
      ],
      "assertionRanges": [
        "6260:68:0",
        "6342:13:0"
      ]
    },
    {
      "id": 2,
      "contract": "C",
      "filename": "test/multifile_samples/inheritance1/C.sol",
      "propertySource": "112:14:2",
      "annotationSource": "100:27:2",
      "annotationText": "if_succeeds $result >= x+2;",
      "target": "function",
      "type": "if_succeeds",
      "targetName": "foo",
      "debugEventEncoding": [
        [
          "x",
          [
            "123:1:2"
          ],
          "uint256"
        ]
      ],
      "message": "",
      "instrumentationRanges": [
        "5651:65:0",
        "5730:66:0",
        "5612:222:0"
      ],
      "checkRanges": [
        "5616:19:0"
      ],
      "assertionRanges": [
        "5651:65:0",
        "5730:66:0",
        "5810:13:0"
      ]
    }
  ],
  "originalSourceList": [
    "test/multifile_samples/inheritance1/A.sol",
    "test/multifile_samples/inheritance1/B.sol",
    "test/multifile_samples/inheritance1/C.sol",
    "test/multifile_samples/inheritance1/D.sol"
  ],
  "instrSourceList": [
    "--"
  ],
  "scribbleVersion": "0.6.17"
}