{
  "instrToOriginalMap": [
    [
      "147:1346:0",
      "0:133:0"
    ],
    [
      "882:85:0",
      "53:78:0"
    ],
    [
      "906:8:0",
      "65:8:0"
    ],
    [
      "907:6:0",
      "66:6:0"
    ],
    [
      "907:4:0",
      "66:4:0"
    ],
    [
      "931:6:0",
      "97:6:0"
    ],
    [
      "932:4:0",
      "98:4:0"
    ],
    [
      "932:4:0",
      "98:4:0"
    ],
    [
      "938:29:0",
      "104:27:0"
    ],
    [
      "948:12:0",
      "114:10:0"
    ],
    [
      "955:5:0",
      "121:3:0"
    ],
    [
      "955:1:0",
      "121:1:0"
    ],
    [
      "959:1:0",
      "123:1:0"
    ],
    [
      "2233:537:0",
      "0:15:1"
    ],
    [
      "5019:1862:0",
      "69:152:2"
    ],
    [
      "5033:1:0",
      "83:1:2"
    ],
    [
      "5033:1:0",
      "83:1:2"
    ],
    [
      "5036:1:0",
      "86:1:2"
    ],
    [
      "5036:1:0",
      "86:1:2"
    ],
    [
      "5999:85:0",
      "132:87:2"
    ],
    [
      "6023:8:0",
      "144:8:2"
    ],
    [
      "6024:6:0",
      "145:6:2"
    ],
    [
      "6024:4:0",
      "145:4:2"
    ],
    [
      "6048:6:0",
      "185:6:2"
    ],
    [
      "6049:4:0",
      "186:4:2"
    ],
    [
      "6049:4:0",
      "186:4:2"
    ],
    [
      "6055:29:0",
      "192:27:2"
    ],
    [
      "6065:12:0",
      "202:10:2"
    ],
    [
      "6072:5:0",
      "209:3:2"
    ],
    [
      "6072:1:0",
      "209:1:2"
    ],
    [
      "6076:1:0",
      "211:1:2"
    ],
    [
      "6883:672:0",
      "36:23:3"
    ],
    [
      "6897:1:0",
      "50:1:3"
    ],
    [
      "6897:1:0",
      "50:1:3"
    ],
    [
      "6900:1:0",
      "53:1:3"
    ],
    [
      "6900:1:0",
      "53:1:3"
    ],
    [
      "499:13:0",
      "23:25:0"
    ],
    [
      "5388:13:0",
      "23:25:0"
    ],
    [
      "6228:7:0",
      "41:27:2"
    ],
    [
      "5610:19:0",
      "100:27:2"
    ]
  ],
  "otherInstrumentation": [
    "1254:46:0",
    "1711:22:0",
    "1830:33:0",
    "1918:8:0",
    "1938:113:0",
    "2113:110:0",
    "1344:42:0",
    "1396:35:0",
    "1441:43:0",
    "278:10:0",
    "459:26:0",
    "325:72:0",
    "407:42:0",
    "717:72:0",
    "799:70:0",
    "2531:46:0",
    "2988:22:0",
    "3107:33:0",
    "3195:8:0",
    "3215:113:0",
    "3390:110:0",
    "2621:42:0",
    "2673:35:0",
    "2718:43:0",
    "3726:22:0",
    "3845:33:0",
    "3933:8:0",
    "3953:113:0",
    "4128:110:0",
    "6530:46:0",
    "6586:46:0",
    "6642:46:0",
    "6732:42:0",
    "6784:35:0",
    "6829:43:0",
    "5167:10:0",
    "5348:26:0",
    "5214:72:0",
    "5296:42:0",
    "5834:72:0",
    "5916:70:0",
    "7204:46:0",
    "7260:46:0",
    "7316:46:0",
    "4464:22:0",
    "4583:33:0",
    "4671:8:0",
    "4691:113:0",
    "4866:110:0",
    "7406:42:0",
    "7458:35:0",
    "7503:43:0",
    "300:15:0",
    "5189:15:0"
  ],
  "propertyMap": [
    {
      "id": 0,
      "contract": "A",
      "filename": "test/multifile_samples/inheritance1/A.sol",
      "propertySource": "35:12:0",
      "annotationSource": "23:25:0",
      "annotationText": "if_succeeds $result >= x;",
      "target": "function",
      "type": "if_succeeds",
      "targetName": "foo",
      "debugEventEncoding": [
        [
          "x",
          [
            "46:1:0"
          ],
          "uint256"
        ]
      ],
      "message": "",
      "instrumentationRanges": [
        "528:65:0",
        "607:63:0",
        "495:213:0",
        "5417:65:0",
        "5496:63:0",
        "5384:213:0"
      ],
      "checkRanges": [
        "499:13:0",
        "5388:13:0"
      ],
      "assertionRanges": [
        "528:65:0",
        "607:63:0",
        "684:13:0",
        "5417:65:0",
        "5496:63:0",
        "5573:13:0"
      ]
    },
    {
      "id": 1,
      "contract": "C",
      "filename": "test/multifile_samples/inheritance1/C.sol",
      "propertySource": "63:4:2",
      "annotationSource": "41:27:2",
      "annotationText": "invariant {:msg \"P1\"} true;",
      "target": "contract",
      "type": "invariant",
      "targetName": "C",
      "debugEventEncoding": [],
      "message": "P1",
      "instrumentationRanges": [
        "6251:65:0",
        "6224:130:0"
      ],
      "checkRanges": [
        "6228:7:0"
      ],
      "assertionRanges": [
        "6251:65:0",
        "6330:13:0"
      ]
    },
    {
      "id": 2,
      "contract": "C",
      "filename": "test/multifile_samples/inheritance1/C.sol",
      "propertySource": "112:14:2",
      "annotationSource": "100:27:2",
      "annotationText": "if_succeeds $result >= x+2;",
      "target": "function",
      "type": "if_succeeds",
      "targetName": "foo",
      "debugEventEncoding": [
        [
          "x",
          [
            "123:1:2"
          ],
          "uint256"
        ]
      ],
      "message": "",
      "instrumentationRanges": [
        "5645:65:0",
        "5724:63:0",
        "5606:219:0"
      ],
      "checkRanges": [
        "5610:19:0"
      ],
      "assertionRanges": [
        "5645:65:0",
        "5724:63:0",
        "5801:13:0"
      ]
    }
  ],
  "originalSourceList": [
    "test/multifile_samples/inheritance1/A.sol",
    "test/multifile_samples/inheritance1/B.sol",
    "test/multifile_samples/inheritance1/C.sol",
    "test/multifile_samples/inheritance1/D.sol"
  ],
  "instrSourceList": [
    "--"
  ],
  "scribbleVersion": "0.6.17"
}