{
  "instrToOriginalMap": [
    [
      "386:1269:0",
      "0:133:0"
    ],
    [
      "1062:85:0",
      "53:78:0"
    ],
    [
      "1086:8:0",
      "65:8:0"
    ],
    [
      "1087:6:0",
      "66:6:0"
    ],
    [
      "1087:4:0",
      "66:4:0"
    ],
    [
      "1111:6:0",
      "97:6:0"
    ],
    [
      "1112:4:0",
      "98:4:0"
    ],
    [
      "1112:4:0",
      "98:4:0"
    ],
    [
      "1118:29:0",
      "104:27:0"
    ],
    [
      "1128:12:0",
      "114:10:0"
    ],
    [
      "1135:5:0",
      "121:3:0"
    ],
    [
      "1135:1:0",
      "121:1:0"
    ],
    [
      "1139:1:0",
      "123:1:0"
    ],
    [
      "1657:549:0",
      "0:15:1"
    ],
    [
      "2241:1688:0",
      "69:152:2"
    ],
    [
      "2283:1:0",
      "83:1:2"
    ],
    [
      "2283:1:0",
      "83:1:2"
    ],
    [
      "2286:1:0",
      "86:1:2"
    ],
    [
      "2286:1:0",
      "86:1:2"
    ],
    [
      "3101:85:0",
      "132:87:2"
    ],
    [
      "3125:8:0",
      "144:8:2"
    ],
    [
      "3126:6:0",
      "145:6:2"
    ],
    [
      "3126:4:0",
      "145:4:2"
    ],
    [
      "3150:6:0",
      "185:6:2"
    ],
    [
      "3151:4:0",
      "186:4:2"
    ],
    [
      "3151:4:0",
      "186:4:2"
    ],
    [
      "3157:29:0",
      "192:27:2"
    ],
    [
      "3167:12:0",
      "202:10:2"
    ],
    [
      "3174:5:0",
      "209:3:2"
    ],
    [
      "3174:1:0",
      "209:1:2"
    ],
    [
      "3178:1:0",
      "211:1:2"
    ],
    [
      "3931:682:0",
      "36:23:3"
    ],
    [
      "3973:1:0",
      "50:1:3"
    ],
    [
      "3973:1:0",
      "50:1:3"
    ],
    [
      "3976:1:0",
      "53:1:3"
    ],
    [
      "3976:1:0",
      "53:1:3"
    ],
    [
      "748:13:0",
      "23:25:0"
    ],
    [
      "2618:13:0",
      "23:25:0"
    ],
    [
      "3330:7:0",
      "41:27:2"
    ],
    [
      "2781:19:0",
      "100:27:2"
    ]
  ],
  "otherInstrumentation": [
    "343:38:0",
    "1434:46:0",
    "1524:34:0",
    "1568:35:0",
    "1613:33:0",
    "547:10:0",
    "708:26:0",
    "594:60:0",
    "664:34:0",
    "907:72:0",
    "989:60:0",
    "1985:46:0",
    "2075:34:0",
    "2119:35:0",
    "2164:33:0",
    "3596:46:0",
    "3652:46:0",
    "3708:46:0",
    "3798:34:0",
    "3842:35:0",
    "3887:33:0",
    "2417:10:0",
    "2578:26:0",
    "2464:60:0",
    "2534:34:0",
    "2946:72:0",
    "3028:60:0",
    "4280:46:0",
    "4336:46:0",
    "4392:46:0",
    "4482:34:0",
    "4526:35:0",
    "4571:33:0",
    "569:15:0",
    "2439:15:0"
  ],
  "propertyMap": [
    {
      "id": 0,
      "contract": "A",
      "filename": "test/multifile_samples/inheritance1/A.sol",
      "propertySource": "35:12:0",
      "annotationSource": "23:25:0",
      "target": "function",
      "type": "if_succeeds",
      "targetName": "foo",
      "debugEventEncoding": [
        [
          [
            "46:1:0"
          ],
          "uint256"
        ]
      ],
      "message": "",
      "instrumentationRanges": [
        "818:42:0",
        "777:27:0",
        "744:154:0",
        "2688:42:0",
        "2647:27:0",
        "2614:154:0"
      ],
      "checkRanges": [
        "748:13:0",
        "2618:13:0"
      ],
      "assertionRanges": [
        "777:27:0",
        "818:42:0",
        "874:13:0",
        "2647:27:0",
        "2688:42:0",
        "2744:13:0"
      ]
    },
    {
      "id": 1,
      "contract": "C",
      "filename": "test/multifile_samples/inheritance1/C.sol",
      "propertySource": "63:4:2",
      "annotationSource": "41:27:2",
      "target": "contract",
      "type": "invariant",
      "targetName": "C",
      "debugEventEncoding": [],
      "message": "P1",
      "instrumentationRanges": [
        "3353:29:0",
        "3326:94:0"
      ],
      "checkRanges": [
        "3330:7:0"
      ],
      "assertionRanges": [
        "3353:29:0",
        "3396:13:0"
      ]
    },
    {
      "id": 2,
      "contract": "C",
      "filename": "test/multifile_samples/inheritance1/C.sol",
      "propertySource": "112:14:2",
      "annotationSource": "100:27:2",
      "target": "function",
      "type": "if_succeeds",
      "targetName": "foo",
      "debugEventEncoding": [
        [
          [
            "123:1:2"
          ],
          "uint256"
        ]
      ],
      "message": "",
      "instrumentationRanges": [
        "2857:42:0",
        "2816:27:0",
        "2777:160:0"
      ],
      "checkRanges": [
        "2781:19:0"
      ],
      "assertionRanges": [
        "2816:27:0",
        "2857:42:0",
        "2913:13:0"
      ]
    }
  ],
  "originalSourceList": [
    "test/multifile_samples/inheritance1/A.sol",
    "test/multifile_samples/inheritance1/B.sol",
    "test/multifile_samples/inheritance1/C.sol",
    "test/multifile_samples/inheritance1/D.sol"
  ],
  "instrSourceList": [
    "--"
  ]
}
