{
  "propertyMap": [
    {
      "id": 0,
      "contract": "C",
      "filename": "test/multifile_samples/inheritance1/C.sol",
      "propertySource": "62:4:2",
      "annotationSource": "40:27:2",
      "target": "contract",
      "targetName": "C",
      "debugEventSignature": "",
      "message": "P1",
      "instrumentationRanges": [
        "1544:29:0",
        "1544:29:0",
        "1517:94:0"
      ],
      "checkRange": "1521:7:0"
    }
  ]
}