{
  "instrToOriginalMap": [
    [
      "147:23:0",
      "26:23:0"
    ],
    [
      "162:7:0",
      "41:7:0"
    ],
    [
      "233:120:0",
      "51:120:0"
    ],
    [
      "246:20:0",
      "64:20:0"
    ],
    [
      "247:8:0",
      "65:8:0"
    ],
    [
      "247:6:0",
      "65:6:0"
    ],
    [
      "247:6:0",
      "65:6:0"
    ],
    [
      "257:8:0",
      "75:8:0"
    ],
    [
      "257:6:0",
      "75:6:0"
    ],
    [
      "257:6:0",
      "75:6:0"
    ],
    [
      "280:8:0",
      "98:8:0"
    ],
    [
      "281:6:0",
      "99:6:0"
    ],
    [
      "281:6:0",
      "99:6:0"
    ],
    [
      "281:6:0",
      "99:6:0"
    ],
    [
      "289:64:0",
      "107:64:0"
    ],
    [
      "295:55:0",
      "113:55:0"
    ],
    [
      "302:48:0",
      "120:48:0"
    ],
    [
      "302:11:0",
      "120:11:0"
    ],
    [
      "302:6:0",
      "120:6:0"
    ],
    [
      "314:35:0",
      "132:35:0"
    ],
    [
      "314:16:0",
      "132:16:0"
    ],
    [
      "314:13:0",
      "132:13:0"
    ],
    [
      "314:6:0",
      "132:6:0"
    ],
    [
      "328:1:0",
      "146:1:0"
    ],
    [
      "333:16:0",
      "151:16:0"
    ],
    [
      "333:13:0",
      "151:13:0"
    ],
    [
      "333:6:0",
      "151:6:0"
    ],
    [
      "347:1:0",
      "165:1:0"
    ],
    [
      "355:120:0",
      "173:120:0"
    ],
    [
      "368:20:0",
      "186:20:0"
    ],
    [
      "369:8:0",
      "187:8:0"
    ],
    [
      "369:6:0",
      "187:6:0"
    ],
    [
      "369:6:0",
      "187:6:0"
    ],
    [
      "379:8:0",
      "197:8:0"
    ],
    [
      "379:6:0",
      "197:6:0"
    ],
    [
      "379:6:0",
      "197:6:0"
    ],
    [
      "402:8:0",
      "220:8:0"
    ],
    [
      "403:6:0",
      "221:6:0"
    ],
    [
      "403:6:0",
      "221:6:0"
    ],
    [
      "403:6:0",
      "221:6:0"
    ],
    [
      "411:64:0",
      "229:64:0"
    ],
    [
      "417:55:0",
      "235:55:0"
    ],
    [
      "424:48:0",
      "242:48:0"
    ],
    [
      "424:11:0",
      "242:11:0"
    ],
    [
      "424:6:0",
      "242:6:0"
    ],
    [
      "436:35:0",
      "254:35:0"
    ],
    [
      "436:16:0",
      "254:16:0"
    ],
    [
      "436:13:0",
      "254:13:0"
    ],
    [
      "436:6:0",
      "254:6:0"
    ],
    [
      "450:1:0",
      "268:1:0"
    ],
    [
      "455:16:0",
      "273:16:0"
    ],
    [
      "455:13:0",
      "273:13:0"
    ],
    [
      "455:6:0",
      "273:6:0"
    ],
    [
      "469:1:0",
      "287:1:0"
    ],
    [
      "477:104:0",
      "295:104:0"
    ],
    [
      "488:20:0",
      "306:20:0"
    ],
    [
      "489:8:0",
      "307:8:0"
    ],
    [
      "489:6:0",
      "307:6:0"
    ],
    [
      "489:6:0",
      "307:6:0"
    ],
    [
      "499:8:0",
      "317:8:0"
    ],
    [
      "499:6:0",
      "317:6:0"
    ],
    [
      "499:6:0",
      "317:6:0"
    ],
    [
      "522:6:0",
      "340:6:0"
    ],
    [
      "523:4:0",
      "341:4:0"
    ],
    [
      "523:4:0",
      "341:4:0"
    ],
    [
      "529:52:0",
      "347:52:0"
    ],
    [
      "535:43:0",
      "353:43:0"
    ],
    [
      "542:36:0",
      "360:36:0"
    ],
    [
      "542:16:0",
      "360:16:0"
    ],
    [
      "542:13:0",
      "360:13:0"
    ],
    [
      "542:6:0",
      "360:6:0"
    ],
    [
      "556:1:0",
      "374:1:0"
    ],
    [
      "562:16:0",
      "380:16:0"
    ],
    [
      "562:13:0",
      "380:13:0"
    ],
    [
      "562:6:0",
      "380:6:0"
    ],
    [
      "576:1:0",
      "394:1:0"
    ],
    [
      "172:59:0",
      "401:59:0"
    ],
    [
      "180:4:0",
      "409:4:0"
    ],
    [
      "191:4:0",
      "420:4:0"
    ],
    [
      "202:2:0",
      "431:2:0"
    ],
    [
      "217:6:0",
      "446:6:0"
    ],
    [
      "217:6:0",
      "446:6:0"
    ],
    [
      "583:486:0",
      "53:225:1"
    ],
    [
      "603:17:0",
      "73:8:1"
    ],
    [
      "603:6:0",
      "73:6:1"
    ],
    [
      "603:6:0",
      "73:6:1"
    ],
    [
      "626:17:0",
      "87:8:1"
    ],
    [
      "626:6:0",
      "87:6:1"
    ],
    [
      "626:6:0",
      "87:6:1"
    ],
    [
      "904:163:0",
      "129:147:1"
    ],
    [
      "932:2:0",
      "142:2:1"
    ],
    [
      "944:123:0",
      "152:124:1"
    ],
    [
      "954:25:0",
      "162:25:1"
    ],
    [
      "954:8:0",
      "162:8:1"
    ],
    [
      "954:6:0",
      "162:6:1"
    ],
    [
      "954:6:0",
      "162:6:1"
    ],
    [
      "965:14:0",
      "173:14:1"
    ],
    [
      "965:11:0",
      "173:11:1"
    ],
    [
      "965:6:0",
      "173:6:1"
    ],
    [
      "977:1:0",
      "185:1:1"
    ],
    [
      "989:25:0",
      "197:25:1"
    ],
    [
      "989:8:0",
      "197:8:1"
    ],
    [
      "989:6:0",
      "197:6:1"
    ],
    [
      "989:6:0",
      "197:6:1"
    ],
    [
      "1000:14:0",
      "208:14:1"
    ],
    [
      "1000:11:0",
      "208:11:1"
    ],
    [
      "1000:6:0",
      "208:6:1"
    ],
    [
      "1012:1:0",
      "220:1:1"
    ],
    [
      "1024:5:0",
      "233:5:1"
    ],
    [
      "1024:5:0",
      "233:5:1"
    ],
    [
      "1024:1:0",
      "233:1:1"
    ],
    [
      "1028:1:0",
      "237:1:1"
    ],
    [
      "1039:5:0",
      "248:5:1"
    ],
    [
      "1039:5:0",
      "248:5:1"
    ],
    [
      "1039:1:0",
      "248:1:1"
    ],
    [
      "1043:1:0",
      "252:1:1"
    ],
    [
      "1054:6:0",
      "263:6:1"
    ],
    [
      "1054:6:0",
      "263:6:1"
    ],
    [
      "1054:1:0",
      "263:1:1"
    ],
    [
      "1059:1:0",
      "268:1:1"
    ],
    [
      "742:7:0",
      "107:17:1"
    ]
  ],
  "otherInstrumentation": [
    "683:21:0",
    "1288:22:0",
    "1407:33:0",
    "1495:8:0",
    "1515:113:0",
    "1690:110:0"
  ],
  "propertyMap": [
    {
      "id": 0,
      "contract": "Test",
      "filename": "test/multifile_samples/custom_operators/sample.sol",
      "propertySource": "119:4:1",
      "annotationSource": "107:17:1",
      "annotationText": "if_succeeds true;",
      "target": "function",
      "type": "if_succeeds",
      "targetName": "main",
      "debugEventEncoding": [],
      "message": "",
      "instrumentationRanges": [
        "769:67:0",
        "738:144:0"
      ],
      "checkRanges": [
        "742:7:0"
      ],
      "assertionRanges": [
        "769:67:0",
        "854:13:0"
      ]
    }
  ],
  "originalSourceList": [
    "test/multifile_samples/custom_operators/operators.sol",
    "test/multifile_samples/custom_operators/sample.sol"
  ],
  "instrSourceList": [
    "--"
  ],
  "scribbleVersion": "0.7.0"
}