{
  "instrToOriginalMap": [
    [
      "146:110:0",
      "26:86:0"
    ],
    [
      "165:15:0",
      "42:6:0"
    ],
    [
      "165:4:0",
      "42:4:0"
    ],
    [
      "187:67:0",
      "52:58:0"
    ],
    [
      "199:2:0",
      "64:2:0"
    ],
    [
      "222:6:0",
      "87:6:0"
    ],
    [
      "223:4:0",
      "88:4:0"
    ],
    [
      "223:4:0",
      "88:4:0"
    ],
    [
      "229:25:0",
      "94:16:0"
    ],
    [
      "239:8:0",
      "98:8:0"
    ],
    [
      "246:1:0",
      "105:1:0"
    ],
    [
      "258:37:0",
      "105:25:2"
    ],
    [
      "277:15:0",
      "121:6:2"
    ],
    [
      "277:4:0",
      "121:4:2"
    ],
    [
      "536:421:0",
      "74:423:3"
    ],
    [
      "552:3:0",
      "90:7:3"
    ],
    [
      "552:3:0",
      "90:7:3"
    ],
    [
      "562:15:0",
      "163:6:3"
    ],
    [
      "562:3:0",
      "163:3:3"
    ],
    [
      "583:15:0",
      "172:9:3"
    ],
    [
      "583:3:0",
      "172:6:3"
    ],
    [
      "604:15:0",
      "184:10:3"
    ],
    [
      "604:3:0",
      "184:7:3"
    ],
    [
      "626:75:0",
      "198:70:3"
    ],
    [
      "638:2:0",
      "210:2:3"
    ],
    [
      "661:6:0",
      "233:6:3"
    ],
    [
      "662:4:0",
      "234:4:3"
    ],
    [
      "662:4:0",
      "234:4:3"
    ],
    [
      "668:33:0",
      "240:28:3"
    ],
    [
      "678:16:0",
      "244:20:3"
    ],
    [
      "685:9:0",
      "251:13:3"
    ],
    [
      "685:7:0",
      "251:11:3"
    ],
    [
      "707:248:0",
      "271:224:3"
    ],
    [
      "720:2:0",
      "284:2:3"
    ],
    [
      "730:225:0",
      "294:201:3"
    ],
    [
      "740:17:0",
      "298:17:3"
    ],
    [
      "740:5:0",
      "298:5:3"
    ],
    [
      "740:3:0",
      "298:3:3"
    ],
    [
      "748:9:0",
      "306:9:3"
    ],
    [
      "748:7:0",
      "306:7:3"
    ],
    [
      "752:3:0",
      "310:3:3"
    ],
    [
      "767:17:0",
      "319:23:3"
    ],
    [
      "767:5:0",
      "319:8:3"
    ],
    [
      "767:3:0",
      "319:6:3"
    ],
    [
      "775:9:0",
      "330:12:3"
    ],
    [
      "775:7:0",
      "330:10:3"
    ],
    [
      "779:3:0",
      "334:6:3"
    ],
    [
      "794:17:0",
      "346:25:3"
    ],
    [
      "794:5:0",
      "346:9:3"
    ],
    [
      "794:3:0",
      "346:7:3"
    ],
    [
      "802:9:0",
      "358:13:3"
    ],
    [
      "802:7:0",
      "358:11:3"
    ],
    [
      "806:3:0",
      "362:7:3"
    ],
    [
      "821:17:0",
      "376:23:3"
    ],
    [
      "821:5:0",
      "376:8:3"
    ],
    [
      "821:3:0",
      "376:6:3"
    ],
    [
      "829:9:0",
      "387:12:3"
    ],
    [
      "829:7:0",
      "387:10:3"
    ],
    [
      "833:3:0",
      "391:6:3"
    ],
    [
      "848:51:0",
      "404:46:3"
    ],
    [
      "848:41:0",
      "404:32:3"
    ],
    [
      "848:39:0",
      "404:32:3"
    ],
    [
      "856:2:0",
      "412:2:3"
    ],
    [
      "881:6:0",
      "428:6:3"
    ],
    [
      "882:4:0",
      "429:4:3"
    ],
    [
      "882:4:0",
      "429:4:3"
    ],
    [
      "892:7:0",
      "439:11:3"
    ],
    [
      "909:14:0",
      "454:18:3"
    ],
    [
      "909:6:0",
      "454:6:3"
    ],
    [
      "909:4:0",
      "454:4:3"
    ],
    [
      "918:5:0",
      "463:9:3"
    ],
    [
      "933:15:0",
      "476:15:3"
    ],
    [
      "933:7:0",
      "476:7:3"
    ],
    [
      "933:4:0",
      "476:4:3"
    ],
    [
      "943:5:0",
      "486:5:3"
    ],
    [
      "943:3:0",
      "486:3:3"
    ]
  ],
  "otherInstrumentation": [
    "493:38:0"
  ],
  "propertyMap": [],
  "originalSourceList": [
    "./test/multifile_samples/reexported_imports_05/imp1.sol",
    "./test/multifile_samples/reexported_imports_05/imp2.sol",
    "./test/multifile_samples/reexported_imports_05/imp3.sol",
    "./test/multifile_samples/reexported_imports_05/main.sol"
  ],
  "instrSourceList": [
    "--"
  ]
}
