{
  "instrToOriginalMap": [
    [
      "146:110:0",
      "26:86:0"
    ],
    [
      "165:15:0",
      "42:6:0"
    ],
    [
      "165:4:0",
      "42:4:0"
    ],
    [
      "187:67:0",
      "52:58:0"
    ],
    [
      "199:2:0",
      "64:2:0"
    ],
    [
      "222:6:0",
      "87:6:0"
    ],
    [
      "223:4:0",
      "88:4:0"
    ],
    [
      "223:4:0",
      "88:4:0"
    ],
    [
      "229:25:0",
      "94:16:0"
    ],
    [
      "239:8:0",
      "98:8:0"
    ],
    [
      "246:1:0",
      "105:1:0"
    ],
    [
      "258:37:0",
      "105:25:2"
    ],
    [
      "277:15:0",
      "121:6:2"
    ],
    [
      "277:4:0",
      "121:4:2"
    ],
    [
      "297:421:0",
      "74:423:3"
    ],
    [
      "313:3:0",
      "90:7:3"
    ],
    [
      "313:3:0",
      "90:7:3"
    ],
    [
      "323:15:0",
      "163:6:3"
    ],
    [
      "323:3:0",
      "163:3:3"
    ],
    [
      "344:15:0",
      "172:9:3"
    ],
    [
      "344:3:0",
      "172:6:3"
    ],
    [
      "365:15:0",
      "184:10:3"
    ],
    [
      "365:3:0",
      "184:7:3"
    ],
    [
      "387:75:0",
      "198:70:3"
    ],
    [
      "399:2:0",
      "210:2:3"
    ],
    [
      "422:6:0",
      "233:6:3"
    ],
    [
      "423:4:0",
      "234:4:3"
    ],
    [
      "423:4:0",
      "234:4:3"
    ],
    [
      "429:33:0",
      "240:28:3"
    ],
    [
      "439:16:0",
      "244:20:3"
    ],
    [
      "446:9:0",
      "251:13:3"
    ],
    [
      "446:7:0",
      "251:11:3"
    ],
    [
      "468:248:0",
      "271:224:3"
    ],
    [
      "481:2:0",
      "284:2:3"
    ],
    [
      "491:225:0",
      "294:201:3"
    ],
    [
      "501:17:0",
      "298:17:3"
    ],
    [
      "501:5:0",
      "298:5:3"
    ],
    [
      "501:3:0",
      "298:3:3"
    ],
    [
      "509:9:0",
      "306:9:3"
    ],
    [
      "509:7:0",
      "306:7:3"
    ],
    [
      "513:3:0",
      "310:3:3"
    ],
    [
      "528:17:0",
      "319:23:3"
    ],
    [
      "528:5:0",
      "319:8:3"
    ],
    [
      "528:3:0",
      "319:6:3"
    ],
    [
      "536:9:0",
      "330:12:3"
    ],
    [
      "536:7:0",
      "330:10:3"
    ],
    [
      "540:3:0",
      "334:6:3"
    ],
    [
      "555:17:0",
      "346:25:3"
    ],
    [
      "555:5:0",
      "346:9:3"
    ],
    [
      "555:3:0",
      "346:7:3"
    ],
    [
      "563:9:0",
      "358:13:3"
    ],
    [
      "563:7:0",
      "358:11:3"
    ],
    [
      "567:3:0",
      "362:7:3"
    ],
    [
      "582:17:0",
      "376:23:3"
    ],
    [
      "582:5:0",
      "376:8:3"
    ],
    [
      "582:3:0",
      "376:6:3"
    ],
    [
      "590:9:0",
      "387:12:3"
    ],
    [
      "590:7:0",
      "387:10:3"
    ],
    [
      "594:3:0",
      "391:6:3"
    ],
    [
      "609:51:0",
      "404:46:3"
    ],
    [
      "609:41:0",
      "404:32:3"
    ],
    [
      "609:39:0",
      "404:32:3"
    ],
    [
      "617:2:0",
      "412:2:3"
    ],
    [
      "642:6:0",
      "428:6:3"
    ],
    [
      "643:4:0",
      "429:4:3"
    ],
    [
      "643:4:0",
      "429:4:3"
    ],
    [
      "653:7:0",
      "439:11:3"
    ],
    [
      "670:14:0",
      "454:18:3"
    ],
    [
      "670:6:0",
      "454:6:3"
    ],
    [
      "670:4:0",
      "454:4:3"
    ],
    [
      "679:5:0",
      "463:9:3"
    ],
    [
      "694:15:0",
      "476:15:3"
    ],
    [
      "694:7:0",
      "476:7:3"
    ],
    [
      "694:4:0",
      "476:4:3"
    ],
    [
      "704:5:0",
      "486:5:3"
    ],
    [
      "704:3:0",
      "486:3:3"
    ]
  ],
  "otherInstrumentation": [],
  "propertyMap": [],
  "originalSourceList": [
    "test/multifile_samples/reexported_imports_05/imp1.sol",
    "test/multifile_samples/reexported_imports_05/imp2.sol",
    "test/multifile_samples/reexported_imports_05/imp3.sol",
    "test/multifile_samples/reexported_imports_05/main.sol"
  ],
  "instrSourceList": [
    "--"
  ],
  "scribbleVersion": "0.7.0"
}