{
  "instrToOriginalMap": [
    [
      "24:110:0",
      "26:86:0"
    ],
    [
      "43:15:0",
      "42:6:0"
    ],
    [
      "43:4:0",
      "42:4:0"
    ],
    [
      "65:67:0",
      "52:58:0"
    ],
    [
      "77:2:0",
      "64:2:0"
    ],
    [
      "100:6:0",
      "87:6:0"
    ],
    [
      "101:4:0",
      "88:4:0"
    ],
    [
      "101:4:0",
      "88:4:0"
    ],
    [
      "107:25:0",
      "94:16:0"
    ],
    [
      "117:8:0",
      "98:8:0"
    ],
    [
      "124:1:0",
      "105:1:0"
    ],
    [
      "136:37:0",
      "105:25:2"
    ],
    [
      "155:15:0",
      "121:6:2"
    ],
    [
      "155:4:0",
      "121:4:2"
    ],
    [
      "305:421:0",
      "74:423:3"
    ],
    [
      "321:3:0",
      "90:7:3"
    ],
    [
      "321:3:0",
      "90:7:3"
    ],
    [
      "331:15:0",
      "163:6:3"
    ],
    [
      "331:3:0",
      "163:3:3"
    ],
    [
      "352:15:0",
      "172:9:3"
    ],
    [
      "352:3:0",
      "172:6:3"
    ],
    [
      "373:15:0",
      "184:10:3"
    ],
    [
      "373:3:0",
      "184:7:3"
    ],
    [
      "395:75:0",
      "198:70:3"
    ],
    [
      "407:2:0",
      "210:2:3"
    ],
    [
      "430:6:0",
      "233:6:3"
    ],
    [
      "431:4:0",
      "234:4:3"
    ],
    [
      "431:4:0",
      "234:4:3"
    ],
    [
      "437:33:0",
      "240:28:3"
    ],
    [
      "447:16:0",
      "244:20:3"
    ],
    [
      "454:9:0",
      "251:13:3"
    ],
    [
      "454:7:0",
      "251:11:3"
    ],
    [
      "476:248:0",
      "271:224:3"
    ],
    [
      "489:2:0",
      "284:2:3"
    ],
    [
      "499:225:0",
      "294:201:3"
    ],
    [
      "509:17:0",
      "298:17:3"
    ],
    [
      "509:5:0",
      "298:5:3"
    ],
    [
      "509:3:0",
      "298:3:3"
    ],
    [
      "517:9:0",
      "306:9:3"
    ],
    [
      "517:7:0",
      "306:7:3"
    ],
    [
      "521:3:0",
      "310:3:3"
    ],
    [
      "536:17:0",
      "319:23:3"
    ],
    [
      "536:5:0",
      "319:8:3"
    ],
    [
      "536:3:0",
      "319:6:3"
    ],
    [
      "544:9:0",
      "330:12:3"
    ],
    [
      "544:7:0",
      "330:10:3"
    ],
    [
      "548:3:0",
      "334:6:3"
    ],
    [
      "563:17:0",
      "346:25:3"
    ],
    [
      "563:5:0",
      "346:9:3"
    ],
    [
      "563:3:0",
      "346:7:3"
    ],
    [
      "571:9:0",
      "358:13:3"
    ],
    [
      "571:7:0",
      "358:11:3"
    ],
    [
      "575:3:0",
      "362:7:3"
    ],
    [
      "590:17:0",
      "376:23:3"
    ],
    [
      "590:5:0",
      "376:8:3"
    ],
    [
      "590:3:0",
      "376:6:3"
    ],
    [
      "598:9:0",
      "387:12:3"
    ],
    [
      "598:7:0",
      "387:10:3"
    ],
    [
      "602:3:0",
      "391:6:3"
    ],
    [
      "617:51:0",
      "404:46:3"
    ],
    [
      "617:41:0",
      "404:32:3"
    ],
    [
      "617:39:0",
      "404:32:3"
    ],
    [
      "625:2:0",
      "412:2:3"
    ],
    [
      "650:6:0",
      "428:6:3"
    ],
    [
      "651:4:0",
      "429:4:3"
    ],
    [
      "651:4:0",
      "429:4:3"
    ],
    [
      "661:7:0",
      "439:11:3"
    ],
    [
      "678:14:0",
      "454:18:3"
    ],
    [
      "678:6:0",
      "454:6:3"
    ],
    [
      "678:4:0",
      "454:4:3"
    ],
    [
      "687:5:0",
      "463:9:3"
    ],
    [
      "702:15:0",
      "476:15:3"
    ],
    [
      "702:7:0",
      "476:7:3"
    ],
    [
      "702:4:0",
      "476:4:3"
    ],
    [
      "712:5:0",
      "486:5:3"
    ],
    [
      "712:3:0",
      "486:3:3"
    ]
  ],
  "otherInstrumentation": [
    "262:38:0"
  ],
  "propertyMap": [],
  "originalSourceList": [
    "test/multifile_samples/reexported_imports_05/imp1.sol",
    "test/multifile_samples/reexported_imports_05/imp2.sol",
    "test/multifile_samples/reexported_imports_05/imp3.sol",
    "test/multifile_samples/reexported_imports_05/main.sol"
  ],
  "instrSourceList": [
    "--"
  ]
}
