{
  "instrToOriginalMap": [
    [
      "885:632:0",
      "64:642:1"
    ],
    [
      "908:69:0",
      "87:69:1"
    ],
    [
      "922:54:0",
      "101:54:1"
    ],
    [
      "923:20:0",
      "102:20:1"
    ],
    [
      "923:7:0",
      "102:7:1"
    ],
    [
      "945:18:0",
      "124:18:1"
    ],
    [
      "945:7:0",
      "124:7:1"
    ],
    [
      "965:10:0",
      "144:10:1"
    ],
    [
      "965:4:0",
      "144:4:1"
    ],
    [
      "983:75:0",
      "161:75:1"
    ],
    [
      "997:60:0",
      "175:60:1"
    ],
    [
      "998:21:0",
      "176:21:1"
    ],
    [
      "998:7:0",
      "176:7:1"
    ],
    [
      "1021:23:0",
      "199:23:1"
    ],
    [
      "1021:7:0",
      "199:7:1"
    ],
    [
      "1046:10:0",
      "224:10:1"
    ],
    [
      "1046:4:0",
      "224:4:1"
    ],
    [
      "1064:47:0",
      "242:52:1"
    ],
    [
      "1084:2:0",
      "262:2:1"
    ],
    [
      "1104:6:0",
      "287:6:1"
    ],
    [
      "1105:4:0",
      "288:4:1"
    ],
    [
      "1105:4:0",
      "288:4:1"
    ],
    [
      "1117:60:0",
      "299:65:1"
    ],
    [
      "1135:17:0",
      "317:17:1"
    ],
    [
      "1136:15:0",
      "318:15:1"
    ],
    [
      "1136:7:0",
      "318:7:1"
    ],
    [
      "1170:6:0",
      "357:6:1"
    ],
    [
      "1171:4:0",
      "358:4:1"
    ],
    [
      "1171:4:0",
      "358:4:1"
    ],
    [
      "1183:75:0",
      "369:80:1"
    ],
    [
      "1201:32:0",
      "387:32:1"
    ],
    [
      "1202:13:0",
      "388:13:1"
    ],
    [
      "1202:7:0",
      "388:7:1"
    ],
    [
      "1217:15:0",
      "403:15:1"
    ],
    [
      "1217:7:0",
      "403:7:1"
    ],
    [
      "1251:6:0",
      "442:6:1"
    ],
    [
      "1252:4:0",
      "443:4:1"
    ],
    [
      "1252:4:0",
      "443:4:1"
    ],
    [
      "1264:74:0",
      "455:74:1"
    ],
    [
      "1281:32:0",
      "472:32:1"
    ],
    [
      "1282:17:0",
      "473:17:1"
    ],
    [
      "1282:7:0",
      "473:7:1"
    ],
    [
      "1301:11:0",
      "492:11:1"
    ],
    [
      "1301:4:0",
      "492:4:1"
    ],
    [
      "1331:6:0",
      "522:6:1"
    ],
    [
      "1332:4:0",
      "523:4:1"
    ],
    [
      "1332:4:0",
      "523:4:1"
    ],
    [
      "1344:71:0",
      "534:71:1"
    ],
    [
      "1360:30:0",
      "550:30:1"
    ],
    [
      "1361:15:0",
      "551:15:1"
    ],
    [
      "1361:7:0",
      "551:7:1"
    ],
    [
      "1378:11:0",
      "568:11:1"
    ],
    [
      "1378:4:0",
      "568:4:1"
    ],
    [
      "1408:6:0",
      "598:6:1"
    ],
    [
      "1409:4:0",
      "599:4:1"
    ],
    [
      "1409:4:0",
      "599:4:1"
    ],
    [
      "1421:94:0",
      "610:94:1"
    ],
    [
      "1442:48:0",
      "631:48:1"
    ],
    [
      "1443:14:0",
      "632:14:1"
    ],
    [
      "1443:7:0",
      "632:7:1"
    ],
    [
      "1459:17:0",
      "648:17:1"
    ],
    [
      "1459:7:0",
      "648:7:1"
    ],
    [
      "1478:11:0",
      "667:11:1"
    ],
    [
      "1478:4:0",
      "667:4:1"
    ],
    [
      "1508:6:0",
      "697:6:1"
    ],
    [
      "1509:4:0",
      "698:4:1"
    ],
    [
      "1509:4:0",
      "698:4:1"
    ],
    [
      "1519:300:0",
      "2721:303:1"
    ],
    [
      "1542:125:0",
      "2744:126:1"
    ],
    [
      "1554:16:0",
      "2756:16:1"
    ],
    [
      "1555:6:0",
      "2757:6:1"
    ],
    [
      "1555:4:0",
      "2757:4:1"
    ],
    [
      "1563:6:0",
      "2765:6:1"
    ],
    [
      "1563:4:0",
      "2765:4:1"
    ],
    [
      "1593:6:0",
      "2795:6:1"
    ],
    [
      "1594:4:0",
      "2796:4:1"
    ],
    [
      "1594:4:0",
      "2796:4:1"
    ],
    [
      "1600:67:0",
      "2802:68:1"
    ],
    [
      "1610:28:0",
      "2812:28:1"
    ],
    [
      "1610:28:0",
      "2812:28:1"
    ],
    [
      "1610:7:0",
      "2812:7:1"
    ],
    [
      "1618:6:0",
      "2820:6:1"
    ],
    [
      "1618:1:0",
      "2820:1:1"
    ],
    [
      "1623:1:0",
      "2825:1:1"
    ],
    [
      "1626:11:0",
      "2828:11:1"
    ],
    [
      "1648:12:0",
      "2851:12:1"
    ],
    [
      "1655:5:0",
      "2858:5:1"
    ],
    [
      "1655:1:0",
      "2858:1:1"
    ],
    [
      "1659:1:0",
      "2862:1:1"
    ],
    [
      "1673:144:0",
      "2876:146:1"
    ],
    [
      "1685:16:0",
      "2888:16:1"
    ],
    [
      "1686:6:0",
      "2889:6:1"
    ],
    [
      "1686:4:0",
      "2889:4:1"
    ],
    [
      "1694:6:0",
      "2897:6:1"
    ],
    [
      "1694:4:0",
      "2897:4:1"
    ],
    [
      "1724:6:0",
      "2927:6:1"
    ],
    [
      "1725:4:0",
      "2928:4:1"
    ],
    [
      "1725:4:0",
      "2928:4:1"
    ],
    [
      "1731:86:0",
      "2934:88:1"
    ],
    [
      "1741:14:0",
      "2944:14:1"
    ],
    [
      "1741:6:0",
      "2944:6:1"
    ],
    [
      "1741:4:0",
      "2944:4:1"
    ],
    [
      "1750:5:0",
      "2953:5:1"
    ],
    [
      "1750:1:0",
      "2953:1:1"
    ],
    [
      "1754:1:0",
      "2957:1:1"
    ],
    [
      "1765:27:0",
      "2969:27:1"
    ],
    [
      "1765:27:0",
      "2969:27:1"
    ],
    [
      "1765:7:0",
      "2969:7:1"
    ],
    [
      "1773:6:0",
      "2977:6:1"
    ],
    [
      "1773:1:0",
      "2977:1:1"
    ],
    [
      "1778:1:0",
      "2982:1:1"
    ],
    [
      "1781:10:0",
      "2985:10:1"
    ],
    [
      "1802:8:0",
      "3007:8:1"
    ],
    [
      "1809:1:0",
      "3014:1:1"
    ],
    [
      "3752:10775:0",
      "708:2011:1"
    ],
    [
      "3770:6:0",
      "726:6:1"
    ],
    [
      "3770:6:0",
      "726:6:1"
    ],
    [
      "3783:24:0",
      "739:24:1"
    ],
    [
      "3789:8:0",
      "745:8:1"
    ],
    [
      "3802:4:0",
      "758:4:1"
    ],
    [
      "4663:44:0",
      "769:44:1"
    ],
    [
      "4663:6:0",
      "769:6:1"
    ],
    [
      "4693:14:0",
      "799:14:1"
    ],
    [
      "4713:38:0",
      "819:38:1"
    ],
    [
      "4713:6:0",
      "819:6:1"
    ],
    [
      "4745:6:0",
      "851:6:1"
    ],
    [
      "4757:35:0",
      "863:35:1"
    ],
    [
      "4757:5:0",
      "863:5:1"
    ],
    [
      "4790:2:0",
      "896:2:1"
    ],
    [
      "3813:81:0",
      "905:81:1"
    ],
    [
      "3827:66:0",
      "919:66:1"
    ],
    [
      "3828:26:0",
      "920:26:1"
    ],
    [
      "3828:7:0",
      "920:7:1"
    ],
    [
      "3856:23:0",
      "948:23:1"
    ],
    [
      "3856:7:0",
      "948:7:1"
    ],
    [
      "3881:11:0",
      "973:11:1"
    ],
    [
      "3881:4:0",
      "973:4:1"
    ],
    [
      "3900:70:0",
      "991:70:1"
    ],
    [
      "3914:55:0",
      "1005:55:1"
    ],
    [
      "3915:20:0",
      "1006:20:1"
    ],
    [
      "3915:7:0",
      "1006:7:1"
    ],
    [
      "3937:18:0",
      "1028:18:1"
    ],
    [
      "3937:7:0",
      "1028:7:1"
    ],
    [
      "3957:11:0",
      "1048:11:1"
    ],
    [
      "3957:4:0",
      "1048:4:1"
    ],
    [
      "4798:42:0",
      "1067:33:1"
    ],
    [
      "4846:64:0",
      "1106:56:1"
    ],
    [
      "4846:44:0",
      "1106:45:1"
    ],
    [
      "4854:7:0",
      "1114:7:1"
    ],
    [
      "4865:24:0",
      "1125:25:1"
    ],
    [
      "4873:7:0",
      "1134:7:1"
    ],
    [
      "4884:4:0",
      "1145:4:1"
    ],
    [
      "4916:26:0",
      "1169:17:1"
    ],
    [
      "4916:4:0",
      "1169:4:1"
    ],
    [
      "4949:292:0",
      "1193:114:1"
    ],
    [
      "4960:12:0",
      "1204:12:1"
    ],
    [
      "4961:10:0",
      "1205:10:1"
    ],
    [
      "4961:4:0",
      "1205:4:1"
    ],
    [
      "4980:261:0",
      "1224:83:1"
    ],
    [
      "5043:20:0",
      "1234:20:1"
    ],
    [
      "5043:20:0",
      "1234:20:1"
    ],
    [
      "5043:12:0",
      "1234:12:1"
    ],
    [
      "5058:5:0",
      "1249:5:1"
    ],
    [
      "5073:62:0",
      "1265:35:1"
    ],
    [
      "5073:62:0",
      "1265:35:1"
    ],
    [
      "5100:8:0",
      "1265:8:1"
    ],
    [
      "5110:10:0",
      "1274:10:1"
    ],
    [
      "5110:3:0",
      "1274:3:1"
    ],
    [
      "5122:12:0",
      "1288:12:1"
    ],
    [
      "5862:103:0",
      "1313:95:1"
    ],
    [
      "5898:2:0",
      "1333:2:1"
    ],
    [
      "5922:6:0",
      "1365:6:1"
    ],
    [
      "5923:4:0",
      "1366:4:1"
    ],
    [
      "5923:4:0",
      "1366:4:1"
    ],
    [
      "5929:36:0",
      "1372:36:1"
    ],
    [
      "5939:19:0",
      "1382:19:1"
    ],
    [
      "5946:12:0",
      "1389:12:1"
    ],
    [
      "6736:149:0",
      "1414:113:1"
    ],
    [
      "6770:17:0",
      "1432:17:1"
    ],
    [
      "6771:15:0",
      "1433:15:1"
    ],
    [
      "6771:7:0",
      "1433:7:1"
    ],
    [
      "6809:6:0",
      "1479:6:1"
    ],
    [
      "6810:4:0",
      "1480:4:1"
    ],
    [
      "6810:4:0",
      "1480:4:1"
    ],
    [
      "6816:69:0",
      "1486:41:1"
    ],
    [
      "6826:52:0",
      "1496:24:1"
    ],
    [
      "6833:45:0",
      "1503:17:1"
    ],
    [
      "6860:8:0",
      "1503:8:1"
    ],
    [
      "6870:7:0",
      "1512:7:1"
    ],
    [
      "9053:482:0",
      "1533:339:1"
    ],
    [
      "9086:31:0",
      "1550:31:1"
    ],
    [
      "9087:16:0",
      "1551:16:1"
    ],
    [
      "9087:7:0",
      "1551:7:1"
    ],
    [
      "9105:11:0",
      "1569:11:1"
    ],
    [
      "9105:4:0",
      "1569:4:1"
    ],
    [
      "9134:6:0",
      "1606:6:1"
    ],
    [
      "9135:4:0",
      "1607:4:1"
    ],
    [
      "9135:4:0",
      "1607:4:1"
    ],
    [
      "9141:394:0",
      "1613:259:1"
    ],
    [
      "9151:67:0",
      "1623:39:1"
    ],
    [
      "9151:67:0",
      "1623:39:1"
    ],
    [
      "9151:7:0",
      "1623:7:1"
    ],
    [
      "9159:58:0",
      "1631:30:1"
    ],
    [
      "9159:6:0",
      "1631:6:1"
    ],
    [
      "9169:48:0",
      "1641:20:1"
    ],
    [
      "9196:8:0",
      "1641:8:1"
    ],
    [
      "9206:10:0",
      "1650:10:1"
    ],
    [
      "9206:3:0",
      "1650:3:1"
    ],
    [
      "9228:110:0",
      "1673:55:1"
    ],
    [
      "9228:110:0",
      "1673:55:1"
    ],
    [
      "9255:8:0",
      "1673:8:1"
    ],
    [
      "9265:10:0",
      "1682:10:1"
    ],
    [
      "9265:3:0",
      "1682:3:1"
    ],
    [
      "9277:60:0",
      "1696:32:1"
    ],
    [
      "9277:52:0",
      "1696:24:1"
    ],
    [
      "9277:48:0",
      "1696:20:1"
    ],
    [
      "9304:8:0",
      "1696:8:1"
    ],
    [
      "9314:10:0",
      "1705:10:1"
    ],
    [
      "9314:3:0",
      "1705:3:1"
    ],
    [
      "9330:6:0",
      "1721:6:1"
    ],
    [
      "9348:106:0",
      "1738:51:1"
    ],
    [
      "9348:106:0",
      "1738:51:1"
    ],
    [
      "9375:8:0",
      "1738:8:1"
    ],
    [
      "9385:8:0",
      "1747:8:1"
    ],
    [
      "9395:58:0",
      "1759:30:1"
    ],
    [
      "9395:50:0",
      "1759:22:1"
    ],
    [
      "9395:46:0",
      "1759:18:1"
    ],
    [
      "9422:8:0",
      "1759:8:1"
    ],
    [
      "9432:8:0",
      "1768:8:1"
    ],
    [
      "9446:6:0",
      "1782:6:1"
    ],
    [
      "9464:43:0",
      "1800:43:1"
    ],
    [
      "9469:38:0",
      "1805:38:1"
    ],
    [
      "9469:8:0",
      "1805:8:1"
    ],
    [
      "9478:10:0",
      "1814:10:1"
    ],
    [
      "9478:3:0",
      "1814:3:1"
    ],
    [
      "9490:8:0",
      "1826:8:1"
    ],
    [
      "9500:6:0",
      "1836:6:1"
    ],
    [
      "9517:11:0",
      "1854:11:1"
    ],
    [
      "9524:4:0",
      "1861:4:1"
    ],
    [
      "10337:219:0",
      "1878:213:1"
    ],
    [
      "10369:31:0",
      "1894:31:1"
    ],
    [
      "10370:16:0",
      "1895:16:1"
    ],
    [
      "10370:7:0",
      "1895:7:1"
    ],
    [
      "10388:11:0",
      "1913:11:1"
    ],
    [
      "10388:4:0",
      "1913:4:1"
    ],
    [
      "10417:6:0",
      "1950:6:1"
    ],
    [
      "10418:4:0",
      "1951:4:1"
    ],
    [
      "10418:4:0",
      "1951:4:1"
    ],
    [
      "10424:132:0",
      "1957:134:1"
    ],
    [
      "10434:41:0",
      "1967:41:1"
    ],
    [
      "10434:41:0",
      "1967:41:1"
    ],
    [
      "10434:32:0",
      "1967:32:1"
    ],
    [
      "10434:22:0",
      "1967:22:1"
    ],
    [
      "10434:10:0",
      "1967:10:1"
    ],
    [
      "10445:10:0",
      "1978:10:1"
    ],
    [
      "10445:3:0",
      "1978:3:1"
    ],
    [
      "10457:8:0",
      "1990:8:1"
    ],
    [
      "10469:6:0",
      "2002:6:1"
    ],
    [
      "10485:43:0",
      "2019:43:1"
    ],
    [
      "10490:38:0",
      "2024:38:1"
    ],
    [
      "10490:8:0",
      "2024:8:1"
    ],
    [
      "10499:10:0",
      "2033:10:1"
    ],
    [
      "10499:3:0",
      "2033:3:1"
    ],
    [
      "10511:8:0",
      "2045:8:1"
    ],
    [
      "10521:6:0",
      "2055:6:1"
    ],
    [
      "10538:11:0",
      "2073:11:1"
    ],
    [
      "10545:4:0",
      "2080:4:1"
    ],
    [
      "10562:142:0",
      "2097:147:1"
    ],
    [
      "10580:33:0",
      "2115:33:1"
    ],
    [
      "10581:13:0",
      "2116:13:1"
    ],
    [
      "10581:7:0",
      "2116:7:1"
    ],
    [
      "10596:16:0",
      "2131:16:1"
    ],
    [
      "10596:7:0",
      "2131:7:1"
    ],
    [
      "10622:8:0",
      "2164:8:1"
    ],
    [
      "10646:6:0",
      "2186:6:1"
    ],
    [
      "10647:4:0",
      "2187:4:1"
    ],
    [
      "10647:4:0",
      "2187:4:1"
    ],
    [
      "10653:51:0",
      "2193:51:1"
    ],
    [
      "10663:34:0",
      "2203:34:1"
    ],
    [
      "10670:27:0",
      "2210:27:1"
    ],
    [
      "10670:17:0",
      "2210:17:1"
    ],
    [
      "10670:10:0",
      "2210:10:1"
    ],
    [
      "10681:5:0",
      "2221:5:1"
    ],
    [
      "10688:8:0",
      "2228:8:1"
    ],
    [
      "13567:610:0",
      "2250:467:1"
    ],
    [
      "13604:43:0",
      "2271:43:1"
    ],
    [
      "13605:13:0",
      "2272:13:1"
    ],
    [
      "13605:7:0",
      "2272:7:1"
    ],
    [
      "13620:13:0",
      "2287:13:1"
    ],
    [
      "13620:7:0",
      "2287:7:1"
    ],
    [
      "13635:11:0",
      "2302:11:1"
    ],
    [
      "13635:4:0",
      "2302:4:1"
    ],
    [
      "13664:6:0",
      "2339:6:1"
    ],
    [
      "13665:4:0",
      "2340:4:1"
    ],
    [
      "13665:4:0",
      "2340:4:1"
    ],
    [
      "13671:506:0",
      "2346:371:1"
    ],
    [
      "13681:62:0",
      "2356:34:1"
    ],
    [
      "13681:62:0",
      "2356:34:1"
    ],
    [
      "13681:7:0",
      "2356:7:1"
    ],
    [
      "13689:53:0",
      "2364:25:1"
    ],
    [
      "13689:6:0",
      "2364:6:1"
    ],
    [
      "13699:43:0",
      "2374:15:1"
    ],
    [
      "13726:8:0",
      "2374:8:1"
    ],
    [
      "13736:5:0",
      "2383:5:1"
    ],
    [
      "13753:48:0",
      "2400:48:1"
    ],
    [
      "13753:48:0",
      "2400:48:1"
    ],
    [
      "13753:7:0",
      "2400:7:1"
    ],
    [
      "13761:39:0",
      "2408:39:1"
    ],
    [
      "13761:6:0",
      "2408:6:1"
    ],
    [
      "13771:29:0",
      "2418:29:1"
    ],
    [
      "13771:17:0",
      "2418:17:1"
    ],
    [
      "13771:10:0",
      "2418:10:1"
    ],
    [
      "13782:5:0",
      "2429:5:1"
    ],
    [
      "13789:10:0",
      "2436:10:1"
    ],
    [
      "13789:3:0",
      "2436:3:1"
    ],
    [
      "13811:100:0",
      "2459:45:1"
    ],
    [
      "13811:100:0",
      "2459:45:1"
    ],
    [
      "13838:8:0",
      "2459:8:1"
    ],
    [
      "13848:5:0",
      "2468:5:1"
    ],
    [
      "13855:55:0",
      "2477:27:1"
    ],
    [
      "13855:47:0",
      "2477:19:1"
    ],
    [
      "13855:43:0",
      "2477:15:1"
    ],
    [
      "13882:8:0",
      "2477:8:1"
    ],
    [
      "13892:5:0",
      "2486:5:1"
    ],
    [
      "13903:6:0",
      "2497:6:1"
    ],
    [
      "13921:73:0",
      "2514:73:1"
    ],
    [
      "13921:73:0",
      "2514:73:1"
    ],
    [
      "13921:29:0",
      "2514:29:1"
    ],
    [
      "13921:17:0",
      "2514:17:1"
    ],
    [
      "13921:10:0",
      "2514:10:1"
    ],
    [
      "13932:5:0",
      "2525:5:1"
    ],
    [
      "13939:10:0",
      "2532:10:1"
    ],
    [
      "13939:3:0",
      "2532:3:1"
    ],
    [
      "13953:41:0",
      "2546:41:1"
    ],
    [
      "13953:33:0",
      "2546:33:1"
    ],
    [
      "13953:29:0",
      "2546:29:1"
    ],
    [
      "13953:17:0",
      "2546:17:1"
    ],
    [
      "13953:10:0",
      "2546:10:1"
    ],
    [
      "13964:5:0",
      "2557:5:1"
    ],
    [
      "13971:10:0",
      "2564:10:1"
    ],
    [
      "13971:3:0",
      "2564:3:1"
    ],
    [
      "13987:6:0",
      "2580:6:1"
    ],
    [
      "14004:100:0",
      "2597:45:1"
    ],
    [
      "14004:100:0",
      "2597:45:1"
    ],
    [
      "14031:8:0",
      "2597:8:1"
    ],
    [
      "14041:5:0",
      "2606:5:1"
    ],
    [
      "14048:55:0",
      "2615:27:1"
    ],
    [
      "14048:47:0",
      "2615:19:1"
    ],
    [
      "14048:43:0",
      "2615:15:1"
    ],
    [
      "14075:8:0",
      "2615:8:1"
    ],
    [
      "14085:5:0",
      "2624:5:1"
    ],
    [
      "14096:6:0",
      "2635:6:1"
    ],
    [
      "14114:35:0",
      "2653:35:1"
    ],
    [
      "14119:30:0",
      "2658:30:1"
    ],
    [
      "14119:8:0",
      "2658:8:1"
    ],
    [
      "14128:5:0",
      "2667:5:1"
    ],
    [
      "14135:5:0",
      "2674:5:1"
    ],
    [
      "14142:6:0",
      "2681:6:1"
    ],
    [
      "14159:11:0",
      "2699:11:1"
    ],
    [
      "14166:4:0",
      "2706:4:1"
    ],
    [
      "14584:2657:0",
      "89:227:0"
    ],
    [
      "14602:5:0",
      "107:5:0"
    ],
    [
      "14602:5:0",
      "107:5:0"
    ],
    [
      "15414:204:0",
      "120:43:0"
    ],
    [
      "15450:2:0",
      "131:2:0"
    ],
    [
      "15461:157:0",
      "155:8:0"
    ],
    [
      "16387:147:0",
      "169:144:0"
    ],
    [
      "16421:33:0",
      "187:33:0"
    ],
    [
      "16422:13:0",
      "188:13:0"
    ],
    [
      "16422:7:0",
      "188:7:0"
    ],
    [
      "16437:16:0",
      "203:16:0"
    ],
    [
      "16437:7:0",
      "203:7:0"
    ],
    [
      "16471:6:0",
      "250:6:0"
    ],
    [
      "16472:4:0",
      "251:4:0"
    ],
    [
      "16472:4:0",
      "251:4:0"
    ],
    [
      "16478:56:0",
      "257:56:0"
    ],
    [
      "16488:39:0",
      "267:39:0"
    ],
    [
      "16495:32:0",
      "274:32:0"
    ],
    [
      "16495:15:0",
      "274:15:0"
    ],
    [
      "16495:5:0",
      "274:5:0"
    ],
    [
      "16511:5:0",
      "290:5:0"
    ],
    [
      "16518:8:0",
      "297:8:0"
    ],
    [
      "16682:31:0",
      [
        "302:49:2",
        "35:48:0"
      ]
    ],
    [
      "15055:57:0",
      [
        "426:101:2",
        "35:48:0"
      ]
    ],
    [
      "15946:39:0",
      [
        "962:50:2",
        "35:48:0"
      ]
    ],
    [
      "5529:24:0",
      [
        "630:47:2",
        "35:48:0"
      ]
    ],
    [
      "6271:57:0",
      [
        "801:39:2",
        "35:48:0"
      ]
    ],
    [
      "7590:11:0",
      [
        "1133:47:2",
        "35:48:0"
      ]
    ],
    [
      "7842:107:0",
      [
        "1259:91:2",
        "35:48:0"
      ]
    ],
    [
      "8187:105:0",
      [
        "1424:75:2",
        "35:48:0"
      ]
    ],
    [
      "8525:127:0",
      [
        "1589:97:2",
        "35:48:0"
      ]
    ],
    [
      "9860:45:0",
      [
        "1830:53:2",
        "35:48:0"
      ]
    ],
    [
      "11541:11:0",
      [
        "2014:41:2",
        "35:48:0"
      ]
    ],
    [
      "11805:94:0",
      [
        "2134:73:2",
        "35:48:0"
      ]
    ],
    [
      "12146:55:0",
      [
        "2287:86:2",
        "35:48:0"
      ]
    ],
    [
      "12442:21:0",
      [
        "2449:55:2",
        "35:48:0"
      ]
    ],
    [
      "12700:95:0",
      [
        "2577:69:2",
        "35:48:0"
      ]
    ],
    [
      "13036:121:0",
      [
        "2736:85:2",
        "35:48:0"
      ]
    ]
  ],
  "otherInstrumentation": [
    "2064:233:0",
    "2356:310:0",
    "2751:144:0",
    "2742:7:0",
    "2844:6:0",
    "5073:26:0",
    "9228:26:0",
    "9348:26:0",
    "13811:26:0",
    "14004:26:0",
    "2972:37:0",
    "2963:7:0",
    "6833:26:0",
    "9169:26:0",
    "9277:26:0",
    "9395:26:0",
    "13699:26:0",
    "13855:26:0",
    "14048:26:0",
    "363:22:0",
    "482:33:0",
    "570:8:0",
    "590:113:0",
    "765:110:0",
    "17122:50:0",
    "17182:50:0",
    "15471:42:0",
    "15523:35:0",
    "15568:43:0",
    "15012:29:0",
    "14845:72:0",
    "14927:42:0",
    "15249:72:0",
    "15331:70:0",
    "15701:10:0",
    "15882:50:0",
    "15748:72:0",
    "15830:42:0",
    "16222:72:0",
    "16304:70:0",
    "14468:50:0",
    "3230:22:0",
    "3349:33:0",
    "3437:8:0",
    "3457:113:0",
    "3632:110:0",
    "4990:43:0",
    "5145:35:0",
    "5190:44:0",
    "5295:10:0",
    "5478:37:0",
    "5342:73:0",
    "5425:43:0",
    "5696:72:0",
    "5778:71:0",
    "6032:10:0",
    "6215:42:0",
    "6079:73:0",
    "6162:43:0",
    "6570:72:0",
    "6652:71:0",
    "6965:10:0",
    "7526:50:0",
    "7012:73:0",
    "7095:43:0",
    "8887:72:0",
    "8969:71:0",
    "9614:10:0",
    "9797:49:0",
    "9661:73:0",
    "9744:43:0",
    "10171:72:0",
    "10253:71:0",
    "10800:10:0",
    "11469:58:0",
    "10847:73:0",
    "10930:43:0",
    "13401:72:0",
    "13483:71:0",
    "14820:15:0",
    "15723:15:0",
    "5317:15:0",
    "6054:15:0",
    "6987:15:0",
    "9636:15:0",
    "10822:15:0"
  ],
  "propertyMap": [
    {
      "id": 1,
      "contract": "Token",
      "filename": "test/multifile_samples/erc20_macro_inheritance/child.sol",
      "propertySource": [
        "312:38:2",
        "35:48:0"
      ],
      "annotationSource": [
        "302:49:2",
        "35:48:0"
      ],
      "annotationText": "#invariant unchecked_sum(balances) == totalSupply",
      "target": "contract",
      "type": "invariant",
      "targetName": "Token",
      "debugEventEncoding": [
        [
          "_totalSupply",
          [
            "339:11:2"
          ],
          "uint256"
        ]
      ],
      "message": "The sum of balances is always equal to the total supply",
      "instrumentationRanges": [
        "16729:71:0",
        "16814:100:0",
        "16678:274:0"
      ],
      "checkRanges": [
        "16682:31:0"
      ],
      "assertionRanges": [
        "16729:71:0",
        "16814:100:0",
        "16928:13:0"
      ]
    },
    {
      "id": 2,
      "contract": "Token",
      "filename": "test/multifile_samples/erc20_macro_inheritance/child.sol",
      "propertySource": [
        "438:88:2",
        "35:48:0"
      ],
      "annotationSource": [
        "426:101:2",
        "35:48:0"
      ],
      "annotationText": "#if_succeeds unchecked_sum(balances) == old(unchecked_sum(balances)) || msg.sig == bytes4(0x00000000)",
      "target": "contract",
      "type": "if_succeeds",
      "targetName": "Token",
      "debugEventEncoding": [],
      "message": "The token has a fixed supply.",
      "instrumentationRanges": [
        "14979:23:0",
        "15128:74:0",
        "15051:189:0"
      ],
      "checkRanges": [
        "15055:57:0"
      ],
      "assertionRanges": [
        "15128:74:0",
        "15216:13:0"
      ]
    },
    {
      "id": 5,
      "contract": "Token",
      "filename": "test/multifile_samples/erc20_macro_inheritance/child.sol",
      "propertySource": [
        "974:37:2",
        "35:48:0"
      ],
      "annotationSource": [
        "962:50:2",
        "35:48:0"
      ],
      "annotationText": "#if_succeeds $result == allowances[owner][spender]",
      "target": "function",
      "type": "if_succeeds",
      "targetName": "allowance",
      "debugEventEncoding": [
        [
          "owner",
          [
            "996:5:2"
          ],
          "address"
        ],
        [
          "delegate",
          [
            "1003:7:2"
          ],
          "address"
        ]
      ],
      "message": "Returns spenders allowance for this owner",
      "instrumentationRanges": [
        "16001:74:0",
        "16089:86:0",
        "15942:271:0"
      ],
      "checkRanges": [
        "15946:39:0"
      ],
      "assertionRanges": [
        "16001:74:0",
        "16089:86:0",
        "16189:13:0"
      ]
    },
    {
      "id": 3,
      "contract": "ERC20",
      "filename": "test/multifile_samples/erc20_macro_inheritance/child.sol",
      "propertySource": [
        "642:34:2",
        "35:48:0"
      ],
      "annotationSource": [
        "630:47:2",
        "35:48:0"
      ],
      "annotationText": "#if_succeeds $result == unchecked_sum(balances)",
      "target": "function",
      "type": "if_succeeds",
      "targetName": "totalSupply",
      "debugEventEncoding": [],
      "message": "Result is equal to sum of balances",
      "instrumentationRanges": [
        "5569:80:0",
        "5525:162:0"
      ],
      "checkRanges": [
        "5529:24:0"
      ],
      "assertionRanges": [
        "5569:80:0",
        "5663:13:0"
      ]
    },
    {
      "id": 4,
      "contract": "ERC20",
      "filename": "test/multifile_samples/erc20_macro_inheritance/child.sol",
      "propertySource": [
        "813:26:2",
        "35:48:0"
      ],
      "annotationSource": [
        "801:39:2",
        "35:48:0"
      ],
      "annotationText": "#if_succeeds $result == balances[owner]",
      "target": "function",
      "type": "if_succeeds",
      "targetName": "balanceOf",
      "debugEventEncoding": [
        [
          "account",
          [
            "833:5:2"
          ],
          "address"
        ]
      ],
      "message": "Returns the balance of owner in the balances mapping",
      "instrumentationRanges": [
        "6344:67:0",
        "6425:98:0",
        "6267:294:0"
      ],
      "checkRanges": [
        "6271:57:0"
      ],
      "assertionRanges": [
        "6344:67:0",
        "6425:98:0",
        "6537:13:0"
      ]
    },
    {
      "id": 6,
      "contract": "ERC20",
      "filename": "test/multifile_samples/erc20_macro_inheritance/child.sol",
      "propertySource": [
        "1145:34:2",
        "35:48:0"
      ],
      "annotationSource": [
        "1133:47:2",
        "35:48:0"
      ],
      "annotationText": "#if_succeeds old(balances[msg.sender] >= value)",
      "target": "function",
      "type": "if_succeeds",
      "targetName": "transfer",
      "debugEventEncoding": [
        [
          "amount",
          [
            "1173:5:2"
          ],
          "uint256"
        ]
      ],
      "message": "The sender has sufficient balance at the start",
      "instrumentationRanges": [
        "7148:17:0",
        "7175:69:0",
        "7617:68:0",
        "7699:92:0",
        "7586:243:0"
      ],
      "checkRanges": [
        "7590:11:0"
      ],
      "assertionRanges": [
        "7617:68:0",
        "7699:92:0",
        "7805:13:0"
      ]
    },
    {
      "id": 7,
      "contract": "ERC20",
      "filename": "test/multifile_samples/erc20_macro_inheritance/child.sol",
      "propertySource": [
        "1271:78:2",
        "35:48:0"
      ],
      "annotationSource": [
        "1259:91:2",
        "35:48:0"
      ],
      "annotationText": "#if_succeeds msg.sender != to ==> old(balances[msg.sender]) - value == balances[msg.sender]",
      "target": "function",
      "type": "if_succeeds",
      "targetName": "transfer",
      "debugEventEncoding": [
        [
          "receiver",
          [
            "1285:2:2"
          ],
          "address"
        ],
        [
          "amount",
          [
            "1320:5:2"
          ],
          "uint256"
        ]
      ],
      "message": "The sender has value less balance",
      "instrumentationRanges": [
        "7254:59:0",
        "7965:78:0",
        "8057:79:0",
        "7838:336:0"
      ],
      "checkRanges": [
        "7842:107:0"
      ],
      "assertionRanges": [
        "7965:78:0",
        "8057:79:0",
        "8150:13:0"
      ]
    },
    {
      "id": 8,
      "contract": "ERC20",
      "filename": "test/multifile_samples/erc20_macro_inheritance/child.sol",
      "propertySource": [
        "1436:62:2",
        "35:48:0"
      ],
      "annotationSource": [
        "1424:75:2",
        "35:48:0"
      ],
      "annotationText": "#if_succeeds msg.sender != to ==> old(balances[to]) + value == balances[to]",
      "target": "function",
      "type": "if_succeeds",
      "targetName": "transfer",
      "debugEventEncoding": [
        [
          "receiver",
          [
            "1450:2:2",
            "1470:2:2",
            "1495:2:2"
          ],
          "address"
        ],
        [
          "amount",
          [
            "1477:5:2"
          ],
          "uint256"
        ]
      ],
      "message": "The receiver receives _value",
      "instrumentationRanges": [
        "7323:57:0",
        "8308:78:0",
        "8400:74:0",
        "8183:329:0"
      ],
      "checkRanges": [
        "8187:105:0"
      ],
      "assertionRanges": [
        "8308:78:0",
        "8400:74:0",
        "8488:13:0"
      ]
    },
    {
      "id": 9,
      "contract": "ERC20",
      "filename": "test/multifile_samples/erc20_macro_inheritance/child.sol",
      "propertySource": [
        "1601:84:2",
        "35:48:0"
      ],
      "annotationSource": [
        "1589:97:2",
        "35:48:0"
      ],
      "annotationText": "#if_succeeds old(balances[to]) + old(balances[msg.sender]) == balances[to] + balances[msg.sender]",
      "target": "function",
      "type": "if_succeeds",
      "targetName": "transfer",
      "debugEventEncoding": [
        [
          "receiver",
          [
            "1614:2:2",
            "1659:2:2"
          ],
          "address"
        ]
      ],
      "message": "Transfer does not modify the sum of balances",
      "instrumentationRanges": [
        "7390:57:0",
        "7457:59:0",
        "8668:68:0",
        "8750:90:0",
        "8521:357:0"
      ],
      "checkRanges": [
        "8525:127:0"
      ],
      "assertionRanges": [
        "8668:68:0",
        "8750:90:0",
        "8854:13:0"
      ]
    },
    {
      "id": 10,
      "contract": "ERC20",
      "filename": "test/multifile_samples/erc20_macro_inheritance/child.sol",
      "propertySource": [
        "1842:40:2",
        "35:48:0"
      ],
      "annotationSource": [
        "1830:53:2",
        "35:48:0"
      ],
      "annotationText": "#if_succeeds allowances[msg.sender][spender] == value",
      "target": "function",
      "type": "if_succeeds",
      "targetName": "approve",
      "debugEventEncoding": [
        [
          "delegate",
          [
            "1865:7:2"
          ],
          "address"
        ],
        [
          "amount",
          [
            "1877:5:2"
          ],
          "uint256"
        ]
      ],
      "message": "spender will have an allowance of value for this sender's balance",
      "instrumentationRanges": [
        "9921:77:0",
        "10012:112:0",
        "9856:306:0"
      ],
      "checkRanges": [
        "9860:45:0"
      ],
      "assertionRanges": [
        "9921:77:0",
        "10012:112:0",
        "10138:13:0"
      ]
    },
    {
      "id": 11,
      "contract": "ERC20",
      "filename": "test/multifile_samples/erc20_macro_inheritance/child.sol",
      "propertySource": [
        "2026:28:2",
        "35:48:0"
      ],
      "annotationSource": [
        "2014:41:2",
        "35:48:0"
      ],
      "annotationText": "#if_succeeds old(balances[from] >= value)",
      "target": "function",
      "type": "if_succeeds",
      "targetName": "transferFrom",
      "debugEventEncoding": [
        [
          "owner",
          [
            "2039:4:2"
          ],
          "address"
        ],
        [
          "amount",
          [
            "2048:5:2"
          ],
          "uint256"
        ]
      ],
      "message": "The sender has sufficient balance at the start",
      "instrumentationRanges": [
        "10983:16:0",
        "11009:17:0",
        "11036:64:0",
        "11568:79:0",
        "11661:93:0",
        "11537:255:0"
      ],
      "checkRanges": [
        "11541:11:0"
      ],
      "assertionRanges": [
        "11568:79:0",
        "11661:93:0",
        "11768:13:0"
      ]
    },
    {
      "id": 12,
      "contract": "ERC20",
      "filename": "test/multifile_samples/erc20_macro_inheritance/child.sol",
      "propertySource": [
        "2146:60:2",
        "35:48:0"
      ],
      "annotationSource": [
        "2134:73:2",
        "35:48:0"
      ],
      "annotationText": "#if_succeeds from != to ==> old(balances[from]) - value == balances[from]",
      "target": "function",
      "type": "if_succeeds",
      "targetName": "transferFrom",
      "debugEventEncoding": [
        [
          "owner",
          [
            "2146:4:2",
            "2174:4:2",
            "2201:4:2"
          ],
          "address"
        ],
        [
          "buyer",
          [
            "2154:2:2"
          ],
          "address"
        ],
        [
          "amount",
          [
            "2183:5:2"
          ],
          "uint256"
        ]
      ],
      "message": "The sender has value less balance",
      "instrumentationRanges": [
        "11110:54:0",
        "11915:86:0",
        "12015:80:0",
        "11801:332:0"
      ],
      "checkRanges": [
        "11805:94:0"
      ],
      "assertionRanges": [
        "11915:86:0",
        "12015:80:0",
        "12109:13:0"
      ]
    },
    {
      "id": 13,
      "contract": "ERC20",
      "filename": "test/multifile_samples/erc20_macro_inheritance/child.sol",
      "propertySource": [
        "2299:73:2",
        "35:48:0"
      ],
      "annotationSource": [
        "2287:86:2",
        "35:48:0"
      ],
      "annotationText": "#if_succeeds old(allowances[from][msg.sender]) - value == allowances[from][msg.sender]",
      "target": "function",
      "type": "if_succeeds",
      "targetName": "transferFrom",
      "debugEventEncoding": [
        [
          "owner",
          [
            "2314:4:2",
            "2355:4:2"
          ],
          "address"
        ],
        [
          "amount",
          [
            "2335:5:2"
          ],
          "uint256"
        ]
      ],
      "message": "The actor has value less allowance",
      "instrumentationRanges": [
        "11174:40:0",
        "12217:79:0",
        "12310:81:0",
        "12142:287:0"
      ],
      "checkRanges": [
        "12146:55:0"
      ],
      "assertionRanges": [
        "12217:79:0",
        "12310:81:0",
        "12405:13:0"
      ]
    },
    {
      "id": 14,
      "contract": "ERC20",
      "filename": "test/multifile_samples/erc20_macro_inheritance/child.sol",
      "propertySource": [
        "2461:42:2",
        "35:48:0"
      ],
      "annotationSource": [
        "2449:55:2",
        "35:48:0"
      ],
      "annotationText": "#if_succeeds old(allowances[from][msg.sender]) >= value",
      "target": "function",
      "type": "if_succeeds",
      "targetName": "transferFrom",
      "debugEventEncoding": [
        [
          "owner",
          [
            "2476:4:2"
          ],
          "address"
        ],
        [
          "amount",
          [
            "2498:5:2"
          ],
          "uint256"
        ]
      ],
      "message": "The actor has enough allowance",
      "instrumentationRanges": [
        "11224:40:0",
        "12479:79:0",
        "12572:77:0",
        "12438:249:0"
      ],
      "checkRanges": [
        "12442:21:0"
      ],
      "assertionRanges": [
        "12479:79:0",
        "12572:77:0",
        "12663:13:0"
      ]
    },
    {
      "id": 15,
      "contract": "ERC20",
      "filename": "test/multifile_samples/erc20_macro_inheritance/child.sol",
      "propertySource": [
        "2589:56:2",
        "35:48:0"
      ],
      "annotationSource": [
        "2577:69:2",
        "35:48:0"
      ],
      "annotationText": "#if_succeeds from != to ==> old(balances[to]) + value == balances[to]",
      "target": "function",
      "type": "if_succeeds",
      "targetName": "transferFrom",
      "debugEventEncoding": [
        [
          "owner",
          [
            "2589:4:2"
          ],
          "address"
        ],
        [
          "buyer",
          [
            "2597:2:2",
            "2617:2:2",
            "2642:2:2"
          ],
          "address"
        ],
        [
          "amount",
          [
            "2624:5:2"
          ],
          "uint256"
        ]
      ],
      "message": "The receiver receives value",
      "instrumentationRanges": [
        "11274:55:0",
        "12811:86:0",
        "12911:74:0",
        "12696:327:0"
      ],
      "checkRanges": [
        "12700:95:0"
      ],
      "assertionRanges": [
        "12811:86:0",
        "12911:74:0",
        "12999:13:0"
      ]
    },
    {
      "id": 16,
      "contract": "ERC20",
      "filename": "test/multifile_samples/erc20_macro_inheritance/child.sol",
      "propertySource": [
        "2748:72:2",
        "35:48:0"
      ],
      "annotationSource": [
        "2736:85:2",
        "35:48:0"
      ],
      "annotationText": "#if_succeeds old(balances[to]) + old(balances[from]) == balances[to] + balances[from]",
      "target": "function",
      "type": "if_succeeds",
      "targetName": "transferFrom",
      "debugEventEncoding": [
        [
          "buyer",
          [
            "2761:2:2",
            "2800:2:2"
          ],
          "address"
        ],
        [
          "owner",
          [
            "2781:4:2",
            "2815:4:2"
          ],
          "address"
        ]
      ],
      "message": "Transfer does not modify the sum of balances",
      "instrumentationRanges": [
        "11339:55:0",
        "11404:55:0",
        "13173:76:0",
        "13263:91:0",
        "13032:360:0"
      ],
      "checkRanges": [
        "13036:121:0"
      ],
      "assertionRanges": [
        "13173:76:0",
        "13263:91:0",
        "13368:13:0"
      ]
    }
  ],
  "originalSourceList": [
    "test/multifile_samples/erc20_macro_inheritance/child.sol",
    "test/multifile_samples/erc20_macro_inheritance/erc20_base.sol",
    "dist/stdlib/erc20.scribble.yaml"
  ],
  "instrSourceList": [
    "--"
  ],
  "scribbleVersion": "0.6.17"
}
