{
  "instrToOriginalMap": [
    [
      "885:632:0",
      "64:642:1"
    ],
    [
      "908:69:0",
      "87:69:1"
    ],
    [
      "922:54:0",
      "101:54:1"
    ],
    [
      "923:20:0",
      "102:20:1"
    ],
    [
      "923:7:0",
      "102:7:1"
    ],
    [
      "945:18:0",
      "124:18:1"
    ],
    [
      "945:7:0",
      "124:7:1"
    ],
    [
      "965:10:0",
      "144:10:1"
    ],
    [
      "965:4:0",
      "144:4:1"
    ],
    [
      "983:75:0",
      "161:75:1"
    ],
    [
      "997:60:0",
      "175:60:1"
    ],
    [
      "998:21:0",
      "176:21:1"
    ],
    [
      "998:7:0",
      "176:7:1"
    ],
    [
      "1021:23:0",
      "199:23:1"
    ],
    [
      "1021:7:0",
      "199:7:1"
    ],
    [
      "1046:10:0",
      "224:10:1"
    ],
    [
      "1046:4:0",
      "224:4:1"
    ],
    [
      "1064:47:0",
      "242:52:1"
    ],
    [
      "1084:2:0",
      "262:2:1"
    ],
    [
      "1104:6:0",
      "287:6:1"
    ],
    [
      "1105:4:0",
      "288:4:1"
    ],
    [
      "1105:4:0",
      "288:4:1"
    ],
    [
      "1117:60:0",
      "299:65:1"
    ],
    [
      "1135:17:0",
      "317:17:1"
    ],
    [
      "1136:15:0",
      "318:15:1"
    ],
    [
      "1136:7:0",
      "318:7:1"
    ],
    [
      "1170:6:0",
      "357:6:1"
    ],
    [
      "1171:4:0",
      "358:4:1"
    ],
    [
      "1171:4:0",
      "358:4:1"
    ],
    [
      "1183:75:0",
      "369:80:1"
    ],
    [
      "1201:32:0",
      "387:32:1"
    ],
    [
      "1202:13:0",
      "388:13:1"
    ],
    [
      "1202:7:0",
      "388:7:1"
    ],
    [
      "1217:15:0",
      "403:15:1"
    ],
    [
      "1217:7:0",
      "403:7:1"
    ],
    [
      "1251:6:0",
      "442:6:1"
    ],
    [
      "1252:4:0",
      "443:4:1"
    ],
    [
      "1252:4:0",
      "443:4:1"
    ],
    [
      "1264:74:0",
      "455:74:1"
    ],
    [
      "1281:32:0",
      "472:32:1"
    ],
    [
      "1282:17:0",
      "473:17:1"
    ],
    [
      "1282:7:0",
      "473:7:1"
    ],
    [
      "1301:11:0",
      "492:11:1"
    ],
    [
      "1301:4:0",
      "492:4:1"
    ],
    [
      "1331:6:0",
      "522:6:1"
    ],
    [
      "1332:4:0",
      "523:4:1"
    ],
    [
      "1332:4:0",
      "523:4:1"
    ],
    [
      "1344:71:0",
      "534:71:1"
    ],
    [
      "1360:30:0",
      "550:30:1"
    ],
    [
      "1361:15:0",
      "551:15:1"
    ],
    [
      "1361:7:0",
      "551:7:1"
    ],
    [
      "1378:11:0",
      "568:11:1"
    ],
    [
      "1378:4:0",
      "568:4:1"
    ],
    [
      "1408:6:0",
      "598:6:1"
    ],
    [
      "1409:4:0",
      "599:4:1"
    ],
    [
      "1409:4:0",
      "599:4:1"
    ],
    [
      "1421:94:0",
      "610:94:1"
    ],
    [
      "1442:48:0",
      "631:48:1"
    ],
    [
      "1443:14:0",
      "632:14:1"
    ],
    [
      "1443:7:0",
      "632:7:1"
    ],
    [
      "1459:17:0",
      "648:17:1"
    ],
    [
      "1459:7:0",
      "648:7:1"
    ],
    [
      "1478:11:0",
      "667:11:1"
    ],
    [
      "1478:4:0",
      "667:4:1"
    ],
    [
      "1508:6:0",
      "697:6:1"
    ],
    [
      "1509:4:0",
      "698:4:1"
    ],
    [
      "1509:4:0",
      "698:4:1"
    ],
    [
      "1519:300:0",
      "2721:303:1"
    ],
    [
      "1542:125:0",
      "2744:126:1"
    ],
    [
      "1554:16:0",
      "2756:16:1"
    ],
    [
      "1555:6:0",
      "2757:6:1"
    ],
    [
      "1555:4:0",
      "2757:4:1"
    ],
    [
      "1563:6:0",
      "2765:6:1"
    ],
    [
      "1563:4:0",
      "2765:4:1"
    ],
    [
      "1593:6:0",
      "2795:6:1"
    ],
    [
      "1594:4:0",
      "2796:4:1"
    ],
    [
      "1594:4:0",
      "2796:4:1"
    ],
    [
      "1600:67:0",
      "2802:68:1"
    ],
    [
      "1610:28:0",
      "2812:28:1"
    ],
    [
      "1610:28:0",
      "2812:28:1"
    ],
    [
      "1610:7:0",
      "2812:7:1"
    ],
    [
      "1618:6:0",
      "2820:6:1"
    ],
    [
      "1618:1:0",
      "2820:1:1"
    ],
    [
      "1623:1:0",
      "2825:1:1"
    ],
    [
      "1626:11:0",
      "2828:11:1"
    ],
    [
      "1648:12:0",
      "2851:12:1"
    ],
    [
      "1655:5:0",
      "2858:5:1"
    ],
    [
      "1655:1:0",
      "2858:1:1"
    ],
    [
      "1659:1:0",
      "2862:1:1"
    ],
    [
      "1673:144:0",
      "2876:146:1"
    ],
    [
      "1685:16:0",
      "2888:16:1"
    ],
    [
      "1686:6:0",
      "2889:6:1"
    ],
    [
      "1686:4:0",
      "2889:4:1"
    ],
    [
      "1694:6:0",
      "2897:6:1"
    ],
    [
      "1694:4:0",
      "2897:4:1"
    ],
    [
      "1724:6:0",
      "2927:6:1"
    ],
    [
      "1725:4:0",
      "2928:4:1"
    ],
    [
      "1725:4:0",
      "2928:4:1"
    ],
    [
      "1731:86:0",
      "2934:88:1"
    ],
    [
      "1741:14:0",
      "2944:14:1"
    ],
    [
      "1741:6:0",
      "2944:6:1"
    ],
    [
      "1741:4:0",
      "2944:4:1"
    ],
    [
      "1750:5:0",
      "2953:5:1"
    ],
    [
      "1750:1:0",
      "2953:1:1"
    ],
    [
      "1754:1:0",
      "2957:1:1"
    ],
    [
      "1765:27:0",
      "2969:27:1"
    ],
    [
      "1765:27:0",
      "2969:27:1"
    ],
    [
      "1765:7:0",
      "2969:7:1"
    ],
    [
      "1773:6:0",
      "2977:6:1"
    ],
    [
      "1773:1:0",
      "2977:1:1"
    ],
    [
      "1778:1:0",
      "2982:1:1"
    ],
    [
      "1781:10:0",
      "2985:10:1"
    ],
    [
      "1802:8:0",
      "3007:8:1"
    ],
    [
      "1809:1:0",
      "3014:1:1"
    ],
    [
      "3752:10900:0",
      "708:2011:1"
    ],
    [
      "3770:6:0",
      "726:6:1"
    ],
    [
      "3770:6:0",
      "726:6:1"
    ],
    [
      "3783:24:0",
      "739:24:1"
    ],
    [
      "3789:8:0",
      "745:8:1"
    ],
    [
      "3802:4:0",
      "758:4:1"
    ],
    [
      "4663:44:0",
      "769:44:1"
    ],
    [
      "4663:6:0",
      "769:6:1"
    ],
    [
      "4693:14:0",
      "799:14:1"
    ],
    [
      "4713:38:0",
      "819:38:1"
    ],
    [
      "4713:6:0",
      "819:6:1"
    ],
    [
      "4745:6:0",
      "851:6:1"
    ],
    [
      "4757:35:0",
      "863:35:1"
    ],
    [
      "4757:5:0",
      "863:5:1"
    ],
    [
      "4790:2:0",
      "896:2:1"
    ],
    [
      "3813:81:0",
      "905:81:1"
    ],
    [
      "3827:66:0",
      "919:66:1"
    ],
    [
      "3828:26:0",
      "920:26:1"
    ],
    [
      "3828:7:0",
      "920:7:1"
    ],
    [
      "3856:23:0",
      "948:23:1"
    ],
    [
      "3856:7:0",
      "948:7:1"
    ],
    [
      "3881:11:0",
      "973:11:1"
    ],
    [
      "3881:4:0",
      "973:4:1"
    ],
    [
      "3900:70:0",
      "991:70:1"
    ],
    [
      "3914:55:0",
      "1005:55:1"
    ],
    [
      "3915:20:0",
      "1006:20:1"
    ],
    [
      "3915:7:0",
      "1006:7:1"
    ],
    [
      "3937:18:0",
      "1028:18:1"
    ],
    [
      "3937:7:0",
      "1028:7:1"
    ],
    [
      "3957:11:0",
      "1048:11:1"
    ],
    [
      "3957:4:0",
      "1048:4:1"
    ],
    [
      "4798:42:0",
      "1067:33:1"
    ],
    [
      "4846:64:0",
      "1106:56:1"
    ],
    [
      "4846:44:0",
      "1106:45:1"
    ],
    [
      "4854:7:0",
      "1114:7:1"
    ],
    [
      "4865:24:0",
      "1125:25:1"
    ],
    [
      "4873:7:0",
      "1134:7:1"
    ],
    [
      "4884:4:0",
      "1145:4:1"
    ],
    [
      "4916:26:0",
      "1169:17:1"
    ],
    [
      "4916:4:0",
      "1169:4:1"
    ],
    [
      "4949:292:0",
      "1193:114:1"
    ],
    [
      "4960:12:0",
      "1204:12:1"
    ],
    [
      "4961:10:0",
      "1205:10:1"
    ],
    [
      "4961:4:0",
      "1205:4:1"
    ],
    [
      "4980:261:0",
      "1224:83:1"
    ],
    [
      "5043:20:0",
      "1234:20:1"
    ],
    [
      "5043:20:0",
      "1234:20:1"
    ],
    [
      "5043:12:0",
      "1234:12:1"
    ],
    [
      "5058:5:0",
      "1249:5:1"
    ],
    [
      "5073:62:0",
      "1265:35:1"
    ],
    [
      "5073:62:0",
      "1265:35:1"
    ],
    [
      "5100:8:0",
      "1265:8:1"
    ],
    [
      "5110:10:0",
      "1274:10:1"
    ],
    [
      "5110:3:0",
      "1274:3:1"
    ],
    [
      "5122:12:0",
      "1288:12:1"
    ],
    [
      "5867:103:0",
      "1313:95:1"
    ],
    [
      "5903:2:0",
      "1333:2:1"
    ],
    [
      "5927:6:0",
      "1365:6:1"
    ],
    [
      "5928:4:0",
      "1366:4:1"
    ],
    [
      "5928:4:0",
      "1366:4:1"
    ],
    [
      "5934:36:0",
      "1372:36:1"
    ],
    [
      "5944:19:0",
      "1382:19:1"
    ],
    [
      "5951:12:0",
      "1389:12:1"
    ],
    [
      "6751:149:0",
      "1414:113:1"
    ],
    [
      "6785:17:0",
      "1432:17:1"
    ],
    [
      "6786:15:0",
      "1433:15:1"
    ],
    [
      "6786:7:0",
      "1433:7:1"
    ],
    [
      "6824:6:0",
      "1479:6:1"
    ],
    [
      "6825:4:0",
      "1480:4:1"
    ],
    [
      "6825:4:0",
      "1480:4:1"
    ],
    [
      "6831:69:0",
      "1486:41:1"
    ],
    [
      "6841:52:0",
      "1496:24:1"
    ],
    [
      "6848:45:0",
      "1503:17:1"
    ],
    [
      "6875:8:0",
      "1503:8:1"
    ],
    [
      "6885:7:0",
      "1512:7:1"
    ],
    [
      "9108:482:0",
      "1533:339:1"
    ],
    [
      "9141:31:0",
      "1550:31:1"
    ],
    [
      "9142:16:0",
      "1551:16:1"
    ],
    [
      "9142:7:0",
      "1551:7:1"
    ],
    [
      "9160:11:0",
      "1569:11:1"
    ],
    [
      "9160:4:0",
      "1569:4:1"
    ],
    [
      "9189:6:0",
      "1606:6:1"
    ],
    [
      "9190:4:0",
      "1607:4:1"
    ],
    [
      "9190:4:0",
      "1607:4:1"
    ],
    [
      "9196:394:0",
      "1613:259:1"
    ],
    [
      "9206:67:0",
      "1623:39:1"
    ],
    [
      "9206:67:0",
      "1623:39:1"
    ],
    [
      "9206:7:0",
      "1623:7:1"
    ],
    [
      "9214:58:0",
      "1631:30:1"
    ],
    [
      "9214:6:0",
      "1631:6:1"
    ],
    [
      "9224:48:0",
      "1641:20:1"
    ],
    [
      "9251:8:0",
      "1641:8:1"
    ],
    [
      "9261:10:0",
      "1650:10:1"
    ],
    [
      "9261:3:0",
      "1650:3:1"
    ],
    [
      "9283:110:0",
      "1673:55:1"
    ],
    [
      "9283:110:0",
      "1673:55:1"
    ],
    [
      "9310:8:0",
      "1673:8:1"
    ],
    [
      "9320:10:0",
      "1682:10:1"
    ],
    [
      "9320:3:0",
      "1682:3:1"
    ],
    [
      "9332:60:0",
      "1696:32:1"
    ],
    [
      "9332:52:0",
      "1696:24:1"
    ],
    [
      "9332:48:0",
      "1696:20:1"
    ],
    [
      "9359:8:0",
      "1696:8:1"
    ],
    [
      "9369:10:0",
      "1705:10:1"
    ],
    [
      "9369:3:0",
      "1705:3:1"
    ],
    [
      "9385:6:0",
      "1721:6:1"
    ],
    [
      "9403:106:0",
      "1738:51:1"
    ],
    [
      "9403:106:0",
      "1738:51:1"
    ],
    [
      "9430:8:0",
      "1738:8:1"
    ],
    [
      "9440:8:0",
      "1747:8:1"
    ],
    [
      "9450:58:0",
      "1759:30:1"
    ],
    [
      "9450:50:0",
      "1759:22:1"
    ],
    [
      "9450:46:0",
      "1759:18:1"
    ],
    [
      "9477:8:0",
      "1759:8:1"
    ],
    [
      "9487:8:0",
      "1768:8:1"
    ],
    [
      "9501:6:0",
      "1782:6:1"
    ],
    [
      "9519:43:0",
      "1800:43:1"
    ],
    [
      "9524:38:0",
      "1805:38:1"
    ],
    [
      "9524:8:0",
      "1805:8:1"
    ],
    [
      "9533:10:0",
      "1814:10:1"
    ],
    [
      "9533:3:0",
      "1814:3:1"
    ],
    [
      "9545:8:0",
      "1826:8:1"
    ],
    [
      "9555:6:0",
      "1836:6:1"
    ],
    [
      "9572:11:0",
      "1854:11:1"
    ],
    [
      "9579:4:0",
      "1861:4:1"
    ],
    [
      "10402:219:0",
      "1878:213:1"
    ],
    [
      "10434:31:0",
      "1894:31:1"
    ],
    [
      "10435:16:0",
      "1895:16:1"
    ],
    [
      "10435:7:0",
      "1895:7:1"
    ],
    [
      "10453:11:0",
      "1913:11:1"
    ],
    [
      "10453:4:0",
      "1913:4:1"
    ],
    [
      "10482:6:0",
      "1950:6:1"
    ],
    [
      "10483:4:0",
      "1951:4:1"
    ],
    [
      "10483:4:0",
      "1951:4:1"
    ],
    [
      "10489:132:0",
      "1957:134:1"
    ],
    [
      "10499:41:0",
      "1967:41:1"
    ],
    [
      "10499:41:0",
      "1967:41:1"
    ],
    [
      "10499:32:0",
      "1967:32:1"
    ],
    [
      "10499:22:0",
      "1967:22:1"
    ],
    [
      "10499:10:0",
      "1967:10:1"
    ],
    [
      "10510:10:0",
      "1978:10:1"
    ],
    [
      "10510:3:0",
      "1978:3:1"
    ],
    [
      "10522:8:0",
      "1990:8:1"
    ],
    [
      "10534:6:0",
      "2002:6:1"
    ],
    [
      "10550:43:0",
      "2019:43:1"
    ],
    [
      "10555:38:0",
      "2024:38:1"
    ],
    [
      "10555:8:0",
      "2024:8:1"
    ],
    [
      "10564:10:0",
      "2033:10:1"
    ],
    [
      "10564:3:0",
      "2033:3:1"
    ],
    [
      "10576:8:0",
      "2045:8:1"
    ],
    [
      "10586:6:0",
      "2055:6:1"
    ],
    [
      "10603:11:0",
      "2073:11:1"
    ],
    [
      "10610:4:0",
      "2080:4:1"
    ],
    [
      "10627:142:0",
      "2097:147:1"
    ],
    [
      "10645:33:0",
      "2115:33:1"
    ],
    [
      "10646:13:0",
      "2116:13:1"
    ],
    [
      "10646:7:0",
      "2116:7:1"
    ],
    [
      "10661:16:0",
      "2131:16:1"
    ],
    [
      "10661:7:0",
      "2131:7:1"
    ],
    [
      "10687:8:0",
      "2164:8:1"
    ],
    [
      "10711:6:0",
      "2186:6:1"
    ],
    [
      "10712:4:0",
      "2187:4:1"
    ],
    [
      "10712:4:0",
      "2187:4:1"
    ],
    [
      "10718:51:0",
      "2193:51:1"
    ],
    [
      "10728:34:0",
      "2203:34:1"
    ],
    [
      "10735:27:0",
      "2210:27:1"
    ],
    [
      "10735:17:0",
      "2210:17:1"
    ],
    [
      "10735:10:0",
      "2210:10:1"
    ],
    [
      "10746:5:0",
      "2221:5:1"
    ],
    [
      "10753:8:0",
      "2228:8:1"
    ],
    [
      "13692:610:0",
      "2250:467:1"
    ],
    [
      "13729:43:0",
      "2271:43:1"
    ],
    [
      "13730:13:0",
      "2272:13:1"
    ],
    [
      "13730:7:0",
      "2272:7:1"
    ],
    [
      "13745:13:0",
      "2287:13:1"
    ],
    [
      "13745:7:0",
      "2287:7:1"
    ],
    [
      "13760:11:0",
      "2302:11:1"
    ],
    [
      "13760:4:0",
      "2302:4:1"
    ],
    [
      "13789:6:0",
      "2339:6:1"
    ],
    [
      "13790:4:0",
      "2340:4:1"
    ],
    [
      "13790:4:0",
      "2340:4:1"
    ],
    [
      "13796:506:0",
      "2346:371:1"
    ],
    [
      "13806:62:0",
      "2356:34:1"
    ],
    [
      "13806:62:0",
      "2356:34:1"
    ],
    [
      "13806:7:0",
      "2356:7:1"
    ],
    [
      "13814:53:0",
      "2364:25:1"
    ],
    [
      "13814:6:0",
      "2364:6:1"
    ],
    [
      "13824:43:0",
      "2374:15:1"
    ],
    [
      "13851:8:0",
      "2374:8:1"
    ],
    [
      "13861:5:0",
      "2383:5:1"
    ],
    [
      "13878:48:0",
      "2400:48:1"
    ],
    [
      "13878:48:0",
      "2400:48:1"
    ],
    [
      "13878:7:0",
      "2400:7:1"
    ],
    [
      "13886:39:0",
      "2408:39:1"
    ],
    [
      "13886:6:0",
      "2408:6:1"
    ],
    [
      "13896:29:0",
      "2418:29:1"
    ],
    [
      "13896:17:0",
      "2418:17:1"
    ],
    [
      "13896:10:0",
      "2418:10:1"
    ],
    [
      "13907:5:0",
      "2429:5:1"
    ],
    [
      "13914:10:0",
      "2436:10:1"
    ],
    [
      "13914:3:0",
      "2436:3:1"
    ],
    [
      "13936:100:0",
      "2459:45:1"
    ],
    [
      "13936:100:0",
      "2459:45:1"
    ],
    [
      "13963:8:0",
      "2459:8:1"
    ],
    [
      "13973:5:0",
      "2468:5:1"
    ],
    [
      "13980:55:0",
      "2477:27:1"
    ],
    [
      "13980:47:0",
      "2477:19:1"
    ],
    [
      "13980:43:0",
      "2477:15:1"
    ],
    [
      "14007:8:0",
      "2477:8:1"
    ],
    [
      "14017:5:0",
      "2486:5:1"
    ],
    [
      "14028:6:0",
      "2497:6:1"
    ],
    [
      "14046:73:0",
      "2514:73:1"
    ],
    [
      "14046:73:0",
      "2514:73:1"
    ],
    [
      "14046:29:0",
      "2514:29:1"
    ],
    [
      "14046:17:0",
      "2514:17:1"
    ],
    [
      "14046:10:0",
      "2514:10:1"
    ],
    [
      "14057:5:0",
      "2525:5:1"
    ],
    [
      "14064:10:0",
      "2532:10:1"
    ],
    [
      "14064:3:0",
      "2532:3:1"
    ],
    [
      "14078:41:0",
      "2546:41:1"
    ],
    [
      "14078:33:0",
      "2546:33:1"
    ],
    [
      "14078:29:0",
      "2546:29:1"
    ],
    [
      "14078:17:0",
      "2546:17:1"
    ],
    [
      "14078:10:0",
      "2546:10:1"
    ],
    [
      "14089:5:0",
      "2557:5:1"
    ],
    [
      "14096:10:0",
      "2564:10:1"
    ],
    [
      "14096:3:0",
      "2564:3:1"
    ],
    [
      "14112:6:0",
      "2580:6:1"
    ],
    [
      "14129:100:0",
      "2597:45:1"
    ],
    [
      "14129:100:0",
      "2597:45:1"
    ],
    [
      "14156:8:0",
      "2597:8:1"
    ],
    [
      "14166:5:0",
      "2606:5:1"
    ],
    [
      "14173:55:0",
      "2615:27:1"
    ],
    [
      "14173:47:0",
      "2615:19:1"
    ],
    [
      "14173:43:0",
      "2615:15:1"
    ],
    [
      "14200:8:0",
      "2615:8:1"
    ],
    [
      "14210:5:0",
      "2624:5:1"
    ],
    [
      "14221:6:0",
      "2635:6:1"
    ],
    [
      "14239:35:0",
      "2653:35:1"
    ],
    [
      "14244:30:0",
      "2658:30:1"
    ],
    [
      "14244:8:0",
      "2658:8:1"
    ],
    [
      "14253:5:0",
      "2667:5:1"
    ],
    [
      "14260:5:0",
      "2674:5:1"
    ],
    [
      "14267:6:0",
      "2681:6:1"
    ],
    [
      "14284:11:0",
      "2699:11:1"
    ],
    [
      "14291:4:0",
      "2706:4:1"
    ],
    [
      "14709:2682:0",
      "89:227:0"
    ],
    [
      "14727:5:0",
      "107:5:0"
    ],
    [
      "14727:5:0",
      "107:5:0"
    ],
    [
      "15544:204:0",
      "120:43:0"
    ],
    [
      "15580:2:0",
      "131:2:0"
    ],
    [
      "15591:157:0",
      "155:8:0"
    ],
    [
      "16527:147:0",
      "169:144:0"
    ],
    [
      "16561:33:0",
      "187:33:0"
    ],
    [
      "16562:13:0",
      "188:13:0"
    ],
    [
      "16562:7:0",
      "188:7:0"
    ],
    [
      "16577:16:0",
      "203:16:0"
    ],
    [
      "16577:7:0",
      "203:7:0"
    ],
    [
      "16611:6:0",
      "250:6:0"
    ],
    [
      "16612:4:0",
      "251:4:0"
    ],
    [
      "16612:4:0",
      "251:4:0"
    ],
    [
      "16618:56:0",
      "257:56:0"
    ],
    [
      "16628:39:0",
      "267:39:0"
    ],
    [
      "16635:32:0",
      "274:32:0"
    ],
    [
      "16635:15:0",
      "274:15:0"
    ],
    [
      "16635:5:0",
      "274:5:0"
    ],
    [
      "16651:5:0",
      "290:5:0"
    ],
    [
      "16658:8:0",
      "297:8:0"
    ],
    [
      "16822:31:0",
      [
        "302:49:2",
        "35:48:0"
      ]
    ],
    [
      "15180:57:0",
      [
        "426:101:2",
        "35:48:0"
      ]
    ],
    [
      "16076:39:0",
      [
        "962:50:2",
        "35:48:0"
      ]
    ],
    [
      "5529:24:0",
      [
        "630:47:2",
        "35:48:0"
      ]
    ],
    [
      "6276:57:0",
      [
        "801:39:2",
        "35:48:0"
      ]
    ],
    [
      "7605:11:0",
      [
        "1133:47:2",
        "35:48:0"
      ]
    ],
    [
      "7867:107:0",
      [
        "1259:91:2",
        "35:48:0"
      ]
    ],
    [
      "8222:105:0",
      [
        "1424:75:2",
        "35:48:0"
      ]
    ],
    [
      "8570:127:0",
      [
        "1589:97:2",
        "35:48:0"
      ]
    ],
    [
      "9915:45:0",
      [
        "1830:53:2",
        "35:48:0"
      ]
    ],
    [
      "11606:11:0",
      [
        "2014:41:2",
        "35:48:0"
      ]
    ],
    [
      "11880:94:0",
      [
        "2134:73:2",
        "35:48:0"
      ]
    ],
    [
      "12231:55:0",
      [
        "2287:86:2",
        "35:48:0"
      ]
    ],
    [
      "12537:21:0",
      [
        "2449:55:2",
        "35:48:0"
      ]
    ],
    [
      "12805:95:0",
      [
        "2577:69:2",
        "35:48:0"
      ]
    ],
    [
      "13151:121:0",
      [
        "2736:85:2",
        "35:48:0"
      ]
    ]
  ],
  "otherInstrumentation": [
    "2064:233:0",
    "2356:310:0",
    "2751:144:0",
    "2742:7:0",
    "2844:6:0",
    "5073:26:0",
    "9283:26:0",
    "9403:26:0",
    "13936:26:0",
    "14129:26:0",
    "2972:37:0",
    "2963:7:0",
    "6848:26:0",
    "9224:26:0",
    "9332:26:0",
    "9450:26:0",
    "13824:26:0",
    "13980:26:0",
    "14173:26:0",
    "363:22:0",
    "482:33:0",
    "570:8:0",
    "590:113:0",
    "765:110:0",
    "17272:50:0",
    "17332:50:0",
    "15601:42:0",
    "15653:35:0",
    "15698:43:0",
    "15137:29:0",
    "14970:72:0",
    "15052:42:0",
    "15379:72:0",
    "15461:70:0",
    "15831:10:0",
    "16012:50:0",
    "15878:72:0",
    "15960:42:0",
    "16362:72:0",
    "16444:70:0",
    "14593:50:0",
    "3230:22:0",
    "3349:33:0",
    "3437:8:0",
    "3457:113:0",
    "3632:110:0",
    "4990:43:0",
    "5145:35:0",
    "5190:44:0",
    "5295:10:0",
    "5478:37:0",
    "5342:73:0",
    "5425:43:0",
    "5701:72:0",
    "5783:71:0",
    "6037:10:0",
    "6220:42:0",
    "6084:73:0",
    "6167:43:0",
    "6585:72:0",
    "6667:71:0",
    "6980:10:0",
    "7541:50:0",
    "7027:73:0",
    "7110:43:0",
    "8942:72:0",
    "9024:71:0",
    "9669:10:0",
    "9852:49:0",
    "9716:73:0",
    "9799:43:0",
    "10236:72:0",
    "10318:71:0",
    "10865:10:0",
    "11534:58:0",
    "10912:73:0",
    "10995:43:0",
    "13526:72:0",
    "13608:71:0",
    "14945:15:0",
    "15853:15:0",
    "5317:15:0",
    "6059:15:0",
    "7002:15:0",
    "9691:15:0",
    "10887:15:0"
  ],
  "propertyMap": [
    {
      "id": 1,
      "contract": "Token",
      "filename": "test/multifile_samples/erc20_macro_inheritance/child.sol",
      "propertySource": [
        "312:38:2",
        "35:48:0"
      ],
      "annotationSource": [
        "302:49:2",
        "35:48:0"
      ],
      "annotationText": "#invariant unchecked_sum(balances) == totalSupply",
      "target": "contract",
      "type": "invariant",
      "targetName": "Token",
      "debugEventEncoding": [
        [
          "_totalSupply",
          [
            "339:11:2"
          ],
          "uint256"
        ]
      ],
      "message": "The sum of balances is always equal to the total supply",
      "instrumentationRanges": [
        "16869:76:0",
        "16959:105:0",
        "16818:284:0"
      ],
      "checkRanges": [
        "16822:31:0"
      ],
      "assertionRanges": [
        "16869:76:0",
        "16959:105:0",
        "17078:13:0"
      ]
    },
    {
      "id": 2,
      "contract": "Token",
      "filename": "test/multifile_samples/erc20_macro_inheritance/child.sol",
      "propertySource": [
        "438:88:2",
        "35:48:0"
      ],
      "annotationSource": [
        "426:101:2",
        "35:48:0"
      ],
      "annotationText": "#if_succeeds unchecked_sum(balances) == old(unchecked_sum(balances)) || msg.sig == bytes4(0x00000000)",
      "target": "contract",
      "type": "if_succeeds",
      "targetName": "Token",
      "debugEventEncoding": [],
      "message": "The token has a fixed supply.",
      "instrumentationRanges": [
        "15104:23:0",
        "15253:79:0",
        "15176:194:0"
      ],
      "checkRanges": [
        "15180:57:0"
      ],
      "assertionRanges": [
        "15253:79:0",
        "15346:13:0"
      ]
    },
    {
      "id": 5,
      "contract": "Token",
      "filename": "test/multifile_samples/erc20_macro_inheritance/child.sol",
      "propertySource": [
        "974:37:2",
        "35:48:0"
      ],
      "annotationSource": [
        "962:50:2",
        "35:48:0"
      ],
      "annotationText": "#if_succeeds $result == allowances[owner][spender]",
      "target": "function",
      "type": "if_succeeds",
      "targetName": "allowance",
      "debugEventEncoding": [
        [
          "owner",
          [
            "996:5:2"
          ],
          "address"
        ],
        [
          "delegate",
          [
            "1003:7:2"
          ],
          "address"
        ]
      ],
      "message": "Returns spenders allowance for this owner",
      "instrumentationRanges": [
        "16131:79:0",
        "16224:91:0",
        "16072:281:0"
      ],
      "checkRanges": [
        "16076:39:0"
      ],
      "assertionRanges": [
        "16131:79:0",
        "16224:91:0",
        "16329:13:0"
      ]
    },
    {
      "id": 3,
      "contract": "ERC20",
      "filename": "test/multifile_samples/erc20_macro_inheritance/child.sol",
      "propertySource": [
        "642:34:2",
        "35:48:0"
      ],
      "annotationSource": [
        "630:47:2",
        "35:48:0"
      ],
      "annotationText": "#if_succeeds $result == unchecked_sum(balances)",
      "target": "function",
      "type": "if_succeeds",
      "targetName": "totalSupply",
      "debugEventEncoding": [],
      "message": "Result is equal to sum of balances",
      "instrumentationRanges": [
        "5569:85:0",
        "5525:167:0"
      ],
      "checkRanges": [
        "5529:24:0"
      ],
      "assertionRanges": [
        "5569:85:0",
        "5668:13:0"
      ]
    },
    {
      "id": 4,
      "contract": "ERC20",
      "filename": "test/multifile_samples/erc20_macro_inheritance/child.sol",
      "propertySource": [
        "813:26:2",
        "35:48:0"
      ],
      "annotationSource": [
        "801:39:2",
        "35:48:0"
      ],
      "annotationText": "#if_succeeds $result == balances[owner]",
      "target": "function",
      "type": "if_succeeds",
      "targetName": "balanceOf",
      "debugEventEncoding": [
        [
          "account",
          [
            "833:5:2"
          ],
          "address"
        ]
      ],
      "message": "Returns the balance of owner in the balances mapping",
      "instrumentationRanges": [
        "6349:72:0",
        "6435:103:0",
        "6272:304:0"
      ],
      "checkRanges": [
        "6276:57:0"
      ],
      "assertionRanges": [
        "6349:72:0",
        "6435:103:0",
        "6552:13:0"
      ]
    },
    {
      "id": 6,
      "contract": "ERC20",
      "filename": "test/multifile_samples/erc20_macro_inheritance/child.sol",
      "propertySource": [
        "1145:34:2",
        "35:48:0"
      ],
      "annotationSource": [
        "1133:47:2",
        "35:48:0"
      ],
      "annotationText": "#if_succeeds old(balances[msg.sender] >= value)",
      "target": "function",
      "type": "if_succeeds",
      "targetName": "transfer",
      "debugEventEncoding": [
        [
          "amount",
          [
            "1173:5:2"
          ],
          "uint256"
        ]
      ],
      "message": "The sender has sufficient balance at the start",
      "instrumentationRanges": [
        "7163:17:0",
        "7190:69:0",
        "7632:73:0",
        "7719:97:0",
        "7601:253:0"
      ],
      "checkRanges": [
        "7605:11:0"
      ],
      "assertionRanges": [
        "7632:73:0",
        "7719:97:0",
        "7830:13:0"
      ]
    },
    {
      "id": 7,
      "contract": "ERC20",
      "filename": "test/multifile_samples/erc20_macro_inheritance/child.sol",
      "propertySource": [
        "1271:78:2",
        "35:48:0"
      ],
      "annotationSource": [
        "1259:91:2",
        "35:48:0"
      ],
      "annotationText": "#if_succeeds msg.sender != to ==> old(balances[msg.sender]) - value == balances[msg.sender]",
      "target": "function",
      "type": "if_succeeds",
      "targetName": "transfer",
      "debugEventEncoding": [
        [
          "receiver",
          [
            "1285:2:2"
          ],
          "address"
        ],
        [
          "amount",
          [
            "1320:5:2"
          ],
          "uint256"
        ]
      ],
      "message": "The sender has value less balance",
      "instrumentationRanges": [
        "7269:59:0",
        "7990:83:0",
        "8087:84:0",
        "7863:346:0"
      ],
      "checkRanges": [
        "7867:107:0"
      ],
      "assertionRanges": [
        "7990:83:0",
        "8087:84:0",
        "8185:13:0"
      ]
    },
    {
      "id": 8,
      "contract": "ERC20",
      "filename": "test/multifile_samples/erc20_macro_inheritance/child.sol",
      "propertySource": [
        "1436:62:2",
        "35:48:0"
      ],
      "annotationSource": [
        "1424:75:2",
        "35:48:0"
      ],
      "annotationText": "#if_succeeds msg.sender != to ==> old(balances[to]) + value == balances[to]",
      "target": "function",
      "type": "if_succeeds",
      "targetName": "transfer",
      "debugEventEncoding": [
        [
          "receiver",
          [
            "1450:2:2",
            "1470:2:2",
            "1495:2:2"
          ],
          "address"
        ],
        [
          "amount",
          [
            "1477:5:2"
          ],
          "uint256"
        ]
      ],
      "message": "The receiver receives _value",
      "instrumentationRanges": [
        "7338:57:0",
        "8343:83:0",
        "8440:79:0",
        "8218:339:0"
      ],
      "checkRanges": [
        "8222:105:0"
      ],
      "assertionRanges": [
        "8343:83:0",
        "8440:79:0",
        "8533:13:0"
      ]
    },
    {
      "id": 9,
      "contract": "ERC20",
      "filename": "test/multifile_samples/erc20_macro_inheritance/child.sol",
      "propertySource": [
        "1601:84:2",
        "35:48:0"
      ],
      "annotationSource": [
        "1589:97:2",
        "35:48:0"
      ],
      "annotationText": "#if_succeeds old(balances[to]) + old(balances[msg.sender]) == balances[to] + balances[msg.sender]",
      "target": "function",
      "type": "if_succeeds",
      "targetName": "transfer",
      "debugEventEncoding": [
        [
          "receiver",
          [
            "1614:2:2",
            "1659:2:2"
          ],
          "address"
        ]
      ],
      "message": "Transfer does not modify the sum of balances",
      "instrumentationRanges": [
        "7405:57:0",
        "7472:59:0",
        "8713:73:0",
        "8800:95:0",
        "8566:367:0"
      ],
      "checkRanges": [
        "8570:127:0"
      ],
      "assertionRanges": [
        "8713:73:0",
        "8800:95:0",
        "8909:13:0"
      ]
    },
    {
      "id": 10,
      "contract": "ERC20",
      "filename": "test/multifile_samples/erc20_macro_inheritance/child.sol",
      "propertySource": [
        "1842:40:2",
        "35:48:0"
      ],
      "annotationSource": [
        "1830:53:2",
        "35:48:0"
      ],
      "annotationText": "#if_succeeds allowances[msg.sender][spender] == value",
      "target": "function",
      "type": "if_succeeds",
      "targetName": "approve",
      "debugEventEncoding": [
        [
          "delegate",
          [
            "1865:7:2"
          ],
          "address"
        ],
        [
          "amount",
          [
            "1877:5:2"
          ],
          "uint256"
        ]
      ],
      "message": "spender will have an allowance of value for this sender's balance",
      "instrumentationRanges": [
        "9976:82:0",
        "10072:117:0",
        "9911:316:0"
      ],
      "checkRanges": [
        "9915:45:0"
      ],
      "assertionRanges": [
        "9976:82:0",
        "10072:117:0",
        "10203:13:0"
      ]
    },
    {
      "id": 11,
      "contract": "ERC20",
      "filename": "test/multifile_samples/erc20_macro_inheritance/child.sol",
      "propertySource": [
        "2026:28:2",
        "35:48:0"
      ],
      "annotationSource": [
        "2014:41:2",
        "35:48:0"
      ],
      "annotationText": "#if_succeeds old(balances[from] >= value)",
      "target": "function",
      "type": "if_succeeds",
      "targetName": "transferFrom",
      "debugEventEncoding": [
        [
          "owner",
          [
            "2039:4:2"
          ],
          "address"
        ],
        [
          "amount",
          [
            "2048:5:2"
          ],
          "uint256"
        ]
      ],
      "message": "The sender has sufficient balance at the start",
      "instrumentationRanges": [
        "11048:16:0",
        "11074:17:0",
        "11101:64:0",
        "11633:84:0",
        "11731:98:0",
        "11602:265:0"
      ],
      "checkRanges": [
        "11606:11:0"
      ],
      "assertionRanges": [
        "11633:84:0",
        "11731:98:0",
        "11843:13:0"
      ]
    },
    {
      "id": 12,
      "contract": "ERC20",
      "filename": "test/multifile_samples/erc20_macro_inheritance/child.sol",
      "propertySource": [
        "2146:60:2",
        "35:48:0"
      ],
      "annotationSource": [
        "2134:73:2",
        "35:48:0"
      ],
      "annotationText": "#if_succeeds from != to ==> old(balances[from]) - value == balances[from]",
      "target": "function",
      "type": "if_succeeds",
      "targetName": "transferFrom",
      "debugEventEncoding": [
        [
          "owner",
          [
            "2146:4:2",
            "2174:4:2",
            "2201:4:2"
          ],
          "address"
        ],
        [
          "buyer",
          [
            "2154:2:2"
          ],
          "address"
        ],
        [
          "amount",
          [
            "2183:5:2"
          ],
          "uint256"
        ]
      ],
      "message": "The sender has value less balance",
      "instrumentationRanges": [
        "11175:54:0",
        "11990:91:0",
        "12095:85:0",
        "11876:342:0"
      ],
      "checkRanges": [
        "11880:94:0"
      ],
      "assertionRanges": [
        "11990:91:0",
        "12095:85:0",
        "12194:13:0"
      ]
    },
    {
      "id": 13,
      "contract": "ERC20",
      "filename": "test/multifile_samples/erc20_macro_inheritance/child.sol",
      "propertySource": [
        "2299:73:2",
        "35:48:0"
      ],
      "annotationSource": [
        "2287:86:2",
        "35:48:0"
      ],
      "annotationText": "#if_succeeds old(allowances[from][msg.sender]) - value == allowances[from][msg.sender]",
      "target": "function",
      "type": "if_succeeds",
      "targetName": "transferFrom",
      "debugEventEncoding": [
        [
          "owner",
          [
            "2314:4:2",
            "2355:4:2"
          ],
          "address"
        ],
        [
          "amount",
          [
            "2335:5:2"
          ],
          "uint256"
        ]
      ],
      "message": "The actor has value less allowance",
      "instrumentationRanges": [
        "11239:40:0",
        "12302:84:0",
        "12400:86:0",
        "12227:297:0"
      ],
      "checkRanges": [
        "12231:55:0"
      ],
      "assertionRanges": [
        "12302:84:0",
        "12400:86:0",
        "12500:13:0"
      ]
    },
    {
      "id": 14,
      "contract": "ERC20",
      "filename": "test/multifile_samples/erc20_macro_inheritance/child.sol",
      "propertySource": [
        "2461:42:2",
        "35:48:0"
      ],
      "annotationSource": [
        "2449:55:2",
        "35:48:0"
      ],
      "annotationText": "#if_succeeds old(allowances[from][msg.sender]) >= value",
      "target": "function",
      "type": "if_succeeds",
      "targetName": "transferFrom",
      "debugEventEncoding": [
        [
          "owner",
          [
            "2476:4:2"
          ],
          "address"
        ],
        [
          "amount",
          [
            "2498:5:2"
          ],
          "uint256"
        ]
      ],
      "message": "The actor has enough allowance",
      "instrumentationRanges": [
        "11289:40:0",
        "12574:84:0",
        "12672:82:0",
        "12533:259:0"
      ],
      "checkRanges": [
        "12537:21:0"
      ],
      "assertionRanges": [
        "12574:84:0",
        "12672:82:0",
        "12768:13:0"
      ]
    },
    {
      "id": 15,
      "contract": "ERC20",
      "filename": "test/multifile_samples/erc20_macro_inheritance/child.sol",
      "propertySource": [
        "2589:56:2",
        "35:48:0"
      ],
      "annotationSource": [
        "2577:69:2",
        "35:48:0"
      ],
      "annotationText": "#if_succeeds from != to ==> old(balances[to]) + value == balances[to]",
      "target": "function",
      "type": "if_succeeds",
      "targetName": "transferFrom",
      "debugEventEncoding": [
        [
          "owner",
          [
            "2589:4:2"
          ],
          "address"
        ],
        [
          "buyer",
          [
            "2597:2:2",
            "2617:2:2",
            "2642:2:2"
          ],
          "address"
        ],
        [
          "amount",
          [
            "2624:5:2"
          ],
          "uint256"
        ]
      ],
      "message": "The receiver receives value",
      "instrumentationRanges": [
        "11339:55:0",
        "12916:91:0",
        "13021:79:0",
        "12801:337:0"
      ],
      "checkRanges": [
        "12805:95:0"
      ],
      "assertionRanges": [
        "12916:91:0",
        "13021:79:0",
        "13114:13:0"
      ]
    },
    {
      "id": 16,
      "contract": "ERC20",
      "filename": "test/multifile_samples/erc20_macro_inheritance/child.sol",
      "propertySource": [
        "2748:72:2",
        "35:48:0"
      ],
      "annotationSource": [
        "2736:85:2",
        "35:48:0"
      ],
      "annotationText": "#if_succeeds old(balances[to]) + old(balances[from]) == balances[to] + balances[from]",
      "target": "function",
      "type": "if_succeeds",
      "targetName": "transferFrom",
      "debugEventEncoding": [
        [
          "buyer",
          [
            "2761:2:2",
            "2800:2:2"
          ],
          "address"
        ],
        [
          "owner",
          [
            "2781:4:2",
            "2815:4:2"
          ],
          "address"
        ]
      ],
      "message": "Transfer does not modify the sum of balances",
      "instrumentationRanges": [
        "11404:55:0",
        "11469:55:0",
        "13288:81:0",
        "13383:96:0",
        "13147:370:0"
      ],
      "checkRanges": [
        "13151:121:0"
      ],
      "assertionRanges": [
        "13288:81:0",
        "13383:96:0",
        "13493:13:0"
      ]
    }
  ],
  "originalSourceList": [
    "test/multifile_samples/erc20_macro_inheritance/child.sol",
    "test/multifile_samples/erc20_macro_inheritance/erc20_base.sol",
    "dist/stdlib/erc20.scribble.yaml"
  ],
  "instrSourceList": [
    "--"
  ],
  "scribbleVersion": "0.6.17"
}
