{
  "instrToOriginalMap": [
    [
      "885:632:0",
      "64:642:1"
    ],
    [
      "908:69:0",
      "87:69:1"
    ],
    [
      "922:54:0",
      "101:54:1"
    ],
    [
      "923:20:0",
      "102:20:1"
    ],
    [
      "923:7:0",
      "102:7:1"
    ],
    [
      "945:18:0",
      "124:18:1"
    ],
    [
      "945:7:0",
      "124:7:1"
    ],
    [
      "965:10:0",
      "144:10:1"
    ],
    [
      "965:4:0",
      "144:4:1"
    ],
    [
      "983:75:0",
      "161:75:1"
    ],
    [
      "997:60:0",
      "175:60:1"
    ],
    [
      "998:21:0",
      "176:21:1"
    ],
    [
      "998:7:0",
      "176:7:1"
    ],
    [
      "1021:23:0",
      "199:23:1"
    ],
    [
      "1021:7:0",
      "199:7:1"
    ],
    [
      "1046:10:0",
      "224:10:1"
    ],
    [
      "1046:4:0",
      "224:4:1"
    ],
    [
      "1064:47:0",
      "242:52:1"
    ],
    [
      "1084:2:0",
      "262:2:1"
    ],
    [
      "1104:6:0",
      "287:6:1"
    ],
    [
      "1105:4:0",
      "288:4:1"
    ],
    [
      "1105:4:0",
      "288:4:1"
    ],
    [
      "1117:60:0",
      "299:65:1"
    ],
    [
      "1135:17:0",
      "317:17:1"
    ],
    [
      "1136:15:0",
      "318:15:1"
    ],
    [
      "1136:7:0",
      "318:7:1"
    ],
    [
      "1170:6:0",
      "357:6:1"
    ],
    [
      "1171:4:0",
      "358:4:1"
    ],
    [
      "1171:4:0",
      "358:4:1"
    ],
    [
      "1183:75:0",
      "369:80:1"
    ],
    [
      "1201:32:0",
      "387:32:1"
    ],
    [
      "1202:13:0",
      "388:13:1"
    ],
    [
      "1202:7:0",
      "388:7:1"
    ],
    [
      "1217:15:0",
      "403:15:1"
    ],
    [
      "1217:7:0",
      "403:7:1"
    ],
    [
      "1251:6:0",
      "442:6:1"
    ],
    [
      "1252:4:0",
      "443:4:1"
    ],
    [
      "1252:4:0",
      "443:4:1"
    ],
    [
      "1264:74:0",
      "455:74:1"
    ],
    [
      "1281:32:0",
      "472:32:1"
    ],
    [
      "1282:17:0",
      "473:17:1"
    ],
    [
      "1282:7:0",
      "473:7:1"
    ],
    [
      "1301:11:0",
      "492:11:1"
    ],
    [
      "1301:4:0",
      "492:4:1"
    ],
    [
      "1331:6:0",
      "522:6:1"
    ],
    [
      "1332:4:0",
      "523:4:1"
    ],
    [
      "1332:4:0",
      "523:4:1"
    ],
    [
      "1344:71:0",
      "534:71:1"
    ],
    [
      "1360:30:0",
      "550:30:1"
    ],
    [
      "1361:15:0",
      "551:15:1"
    ],
    [
      "1361:7:0",
      "551:7:1"
    ],
    [
      "1378:11:0",
      "568:11:1"
    ],
    [
      "1378:4:0",
      "568:4:1"
    ],
    [
      "1408:6:0",
      "598:6:1"
    ],
    [
      "1409:4:0",
      "599:4:1"
    ],
    [
      "1409:4:0",
      "599:4:1"
    ],
    [
      "1421:94:0",
      "610:94:1"
    ],
    [
      "1442:48:0",
      "631:48:1"
    ],
    [
      "1443:14:0",
      "632:14:1"
    ],
    [
      "1443:7:0",
      "632:7:1"
    ],
    [
      "1459:17:0",
      "648:17:1"
    ],
    [
      "1459:7:0",
      "648:7:1"
    ],
    [
      "1478:11:0",
      "667:11:1"
    ],
    [
      "1478:4:0",
      "667:4:1"
    ],
    [
      "1508:6:0",
      "697:6:1"
    ],
    [
      "1509:4:0",
      "698:4:1"
    ],
    [
      "1509:4:0",
      "698:4:1"
    ],
    [
      "1519:300:0",
      "2721:303:1"
    ],
    [
      "1542:125:0",
      "2744:126:1"
    ],
    [
      "1554:16:0",
      "2756:16:1"
    ],
    [
      "1555:6:0",
      "2757:6:1"
    ],
    [
      "1555:4:0",
      "2757:4:1"
    ],
    [
      "1563:6:0",
      "2765:6:1"
    ],
    [
      "1563:4:0",
      "2765:4:1"
    ],
    [
      "1593:6:0",
      "2795:6:1"
    ],
    [
      "1594:4:0",
      "2796:4:1"
    ],
    [
      "1594:4:0",
      "2796:4:1"
    ],
    [
      "1600:67:0",
      "2802:68:1"
    ],
    [
      "1610:28:0",
      "2812:28:1"
    ],
    [
      "1610:28:0",
      "2812:28:1"
    ],
    [
      "1610:7:0",
      "2812:7:1"
    ],
    [
      "1618:6:0",
      "2820:6:1"
    ],
    [
      "1618:1:0",
      "2820:1:1"
    ],
    [
      "1623:1:0",
      "2825:1:1"
    ],
    [
      "1626:11:0",
      "2828:11:1"
    ],
    [
      "1648:12:0",
      "2851:12:1"
    ],
    [
      "1655:5:0",
      "2858:5:1"
    ],
    [
      "1655:1:0",
      "2858:1:1"
    ],
    [
      "1659:1:0",
      "2862:1:1"
    ],
    [
      "1673:144:0",
      "2876:146:1"
    ],
    [
      "1685:16:0",
      "2888:16:1"
    ],
    [
      "1686:6:0",
      "2889:6:1"
    ],
    [
      "1686:4:0",
      "2889:4:1"
    ],
    [
      "1694:6:0",
      "2897:6:1"
    ],
    [
      "1694:4:0",
      "2897:4:1"
    ],
    [
      "1724:6:0",
      "2927:6:1"
    ],
    [
      "1725:4:0",
      "2928:4:1"
    ],
    [
      "1725:4:0",
      "2928:4:1"
    ],
    [
      "1731:86:0",
      "2934:88:1"
    ],
    [
      "1741:14:0",
      "2944:14:1"
    ],
    [
      "1741:6:0",
      "2944:6:1"
    ],
    [
      "1741:4:0",
      "2944:4:1"
    ],
    [
      "1750:5:0",
      "2953:5:1"
    ],
    [
      "1750:1:0",
      "2953:1:1"
    ],
    [
      "1754:1:0",
      "2957:1:1"
    ],
    [
      "1765:27:0",
      "2969:27:1"
    ],
    [
      "1765:27:0",
      "2969:27:1"
    ],
    [
      "1765:7:0",
      "2969:7:1"
    ],
    [
      "1773:6:0",
      "2977:6:1"
    ],
    [
      "1773:1:0",
      "2977:1:1"
    ],
    [
      "1778:1:0",
      "2982:1:1"
    ],
    [
      "1781:10:0",
      "2985:10:1"
    ],
    [
      "1802:8:0",
      "3007:8:1"
    ],
    [
      "1809:1:0",
      "3014:1:1"
    ],
    [
      "3752:11069:0",
      "708:2011:1"
    ],
    [
      "3770:6:0",
      "726:6:1"
    ],
    [
      "3770:6:0",
      "726:6:1"
    ],
    [
      "3783:24:0",
      "739:24:1"
    ],
    [
      "3789:8:0",
      "745:8:1"
    ],
    [
      "3802:4:0",
      "758:4:1"
    ],
    [
      "4663:44:0",
      "769:44:1"
    ],
    [
      "4663:6:0",
      "769:6:1"
    ],
    [
      "4693:14:0",
      "799:14:1"
    ],
    [
      "4713:38:0",
      "819:38:1"
    ],
    [
      "4713:6:0",
      "819:6:1"
    ],
    [
      "4745:6:0",
      "851:6:1"
    ],
    [
      "4757:35:0",
      "863:35:1"
    ],
    [
      "4757:5:0",
      "863:5:1"
    ],
    [
      "4790:2:0",
      "896:2:1"
    ],
    [
      "3813:81:0",
      "905:81:1"
    ],
    [
      "3827:66:0",
      "919:66:1"
    ],
    [
      "3828:26:0",
      "920:26:1"
    ],
    [
      "3828:7:0",
      "920:7:1"
    ],
    [
      "3856:23:0",
      "948:23:1"
    ],
    [
      "3856:7:0",
      "948:7:1"
    ],
    [
      "3881:11:0",
      "973:11:1"
    ],
    [
      "3881:4:0",
      "973:4:1"
    ],
    [
      "3900:70:0",
      "991:70:1"
    ],
    [
      "3914:55:0",
      "1005:55:1"
    ],
    [
      "3915:20:0",
      "1006:20:1"
    ],
    [
      "3915:7:0",
      "1006:7:1"
    ],
    [
      "3937:18:0",
      "1028:18:1"
    ],
    [
      "3937:7:0",
      "1028:7:1"
    ],
    [
      "3957:11:0",
      "1048:11:1"
    ],
    [
      "3957:4:0",
      "1048:4:1"
    ],
    [
      "4798:42:0",
      "1067:33:1"
    ],
    [
      "4846:64:0",
      "1106:56:1"
    ],
    [
      "4846:44:0",
      "1106:45:1"
    ],
    [
      "4854:7:0",
      "1114:7:1"
    ],
    [
      "4865:24:0",
      "1125:25:1"
    ],
    [
      "4873:7:0",
      "1134:7:1"
    ],
    [
      "4884:4:0",
      "1145:4:1"
    ],
    [
      "4916:26:0",
      "1169:17:1"
    ],
    [
      "4916:4:0",
      "1169:4:1"
    ],
    [
      "4949:292:0",
      "1193:114:1"
    ],
    [
      "4960:12:0",
      "1204:12:1"
    ],
    [
      "4961:10:0",
      "1205:10:1"
    ],
    [
      "4961:4:0",
      "1205:4:1"
    ],
    [
      "4980:261:0",
      "1224:83:1"
    ],
    [
      "5043:20:0",
      "1234:20:1"
    ],
    [
      "5043:20:0",
      "1234:20:1"
    ],
    [
      "5043:12:0",
      "1234:12:1"
    ],
    [
      "5058:5:0",
      "1249:5:1"
    ],
    [
      "5073:62:0",
      "1265:35:1"
    ],
    [
      "5073:62:0",
      "1265:35:1"
    ],
    [
      "5100:8:0",
      "1265:8:1"
    ],
    [
      "5110:10:0",
      "1274:10:1"
    ],
    [
      "5110:3:0",
      "1274:3:1"
    ],
    [
      "5122:12:0",
      "1288:12:1"
    ],
    [
      "5880:103:0",
      "1313:95:1"
    ],
    [
      "5916:2:0",
      "1333:2:1"
    ],
    [
      "5940:6:0",
      "1365:6:1"
    ],
    [
      "5941:4:0",
      "1366:4:1"
    ],
    [
      "5941:4:0",
      "1366:4:1"
    ],
    [
      "5947:36:0",
      "1372:36:1"
    ],
    [
      "5957:19:0",
      "1382:19:1"
    ],
    [
      "5964:12:0",
      "1389:12:1"
    ],
    [
      "6777:149:0",
      "1414:113:1"
    ],
    [
      "6811:17:0",
      "1432:17:1"
    ],
    [
      "6812:15:0",
      "1433:15:1"
    ],
    [
      "6812:7:0",
      "1433:7:1"
    ],
    [
      "6850:6:0",
      "1479:6:1"
    ],
    [
      "6851:4:0",
      "1480:4:1"
    ],
    [
      "6851:4:0",
      "1480:4:1"
    ],
    [
      "6857:69:0",
      "1486:41:1"
    ],
    [
      "6867:52:0",
      "1496:24:1"
    ],
    [
      "6874:45:0",
      "1503:17:1"
    ],
    [
      "6901:8:0",
      "1503:8:1"
    ],
    [
      "6911:7:0",
      "1512:7:1"
    ],
    [
      "9186:482:0",
      "1533:339:1"
    ],
    [
      "9219:31:0",
      "1550:31:1"
    ],
    [
      "9220:16:0",
      "1551:16:1"
    ],
    [
      "9220:7:0",
      "1551:7:1"
    ],
    [
      "9238:11:0",
      "1569:11:1"
    ],
    [
      "9238:4:0",
      "1569:4:1"
    ],
    [
      "9267:6:0",
      "1606:6:1"
    ],
    [
      "9268:4:0",
      "1607:4:1"
    ],
    [
      "9268:4:0",
      "1607:4:1"
    ],
    [
      "9274:394:0",
      "1613:259:1"
    ],
    [
      "9284:67:0",
      "1623:39:1"
    ],
    [
      "9284:67:0",
      "1623:39:1"
    ],
    [
      "9284:7:0",
      "1623:7:1"
    ],
    [
      "9292:58:0",
      "1631:30:1"
    ],
    [
      "9292:6:0",
      "1631:6:1"
    ],
    [
      "9302:48:0",
      "1641:20:1"
    ],
    [
      "9329:8:0",
      "1641:8:1"
    ],
    [
      "9339:10:0",
      "1650:10:1"
    ],
    [
      "9339:3:0",
      "1650:3:1"
    ],
    [
      "9361:110:0",
      "1673:55:1"
    ],
    [
      "9361:110:0",
      "1673:55:1"
    ],
    [
      "9388:8:0",
      "1673:8:1"
    ],
    [
      "9398:10:0",
      "1682:10:1"
    ],
    [
      "9398:3:0",
      "1682:3:1"
    ],
    [
      "9410:60:0",
      "1696:32:1"
    ],
    [
      "9410:52:0",
      "1696:24:1"
    ],
    [
      "9410:48:0",
      "1696:20:1"
    ],
    [
      "9437:8:0",
      "1696:8:1"
    ],
    [
      "9447:10:0",
      "1705:10:1"
    ],
    [
      "9447:3:0",
      "1705:3:1"
    ],
    [
      "9463:6:0",
      "1721:6:1"
    ],
    [
      "9481:106:0",
      "1738:51:1"
    ],
    [
      "9481:106:0",
      "1738:51:1"
    ],
    [
      "9508:8:0",
      "1738:8:1"
    ],
    [
      "9518:8:0",
      "1747:8:1"
    ],
    [
      "9528:58:0",
      "1759:30:1"
    ],
    [
      "9528:50:0",
      "1759:22:1"
    ],
    [
      "9528:46:0",
      "1759:18:1"
    ],
    [
      "9555:8:0",
      "1759:8:1"
    ],
    [
      "9565:8:0",
      "1768:8:1"
    ],
    [
      "9579:6:0",
      "1782:6:1"
    ],
    [
      "9597:43:0",
      "1800:43:1"
    ],
    [
      "9602:38:0",
      "1805:38:1"
    ],
    [
      "9602:8:0",
      "1805:8:1"
    ],
    [
      "9611:10:0",
      "1814:10:1"
    ],
    [
      "9611:3:0",
      "1814:3:1"
    ],
    [
      "9623:8:0",
      "1826:8:1"
    ],
    [
      "9633:6:0",
      "1836:6:1"
    ],
    [
      "9650:11:0",
      "1854:11:1"
    ],
    [
      "9657:4:0",
      "1861:4:1"
    ],
    [
      "10493:219:0",
      "1878:213:1"
    ],
    [
      "10525:31:0",
      "1894:31:1"
    ],
    [
      "10526:16:0",
      "1895:16:1"
    ],
    [
      "10526:7:0",
      "1895:7:1"
    ],
    [
      "10544:11:0",
      "1913:11:1"
    ],
    [
      "10544:4:0",
      "1913:4:1"
    ],
    [
      "10573:6:0",
      "1950:6:1"
    ],
    [
      "10574:4:0",
      "1951:4:1"
    ],
    [
      "10574:4:0",
      "1951:4:1"
    ],
    [
      "10580:132:0",
      "1957:134:1"
    ],
    [
      "10590:41:0",
      "1967:41:1"
    ],
    [
      "10590:41:0",
      "1967:41:1"
    ],
    [
      "10590:32:0",
      "1967:32:1"
    ],
    [
      "10590:22:0",
      "1967:22:1"
    ],
    [
      "10590:10:0",
      "1967:10:1"
    ],
    [
      "10601:10:0",
      "1978:10:1"
    ],
    [
      "10601:3:0",
      "1978:3:1"
    ],
    [
      "10613:8:0",
      "1990:8:1"
    ],
    [
      "10625:6:0",
      "2002:6:1"
    ],
    [
      "10641:43:0",
      "2019:43:1"
    ],
    [
      "10646:38:0",
      "2024:38:1"
    ],
    [
      "10646:8:0",
      "2024:8:1"
    ],
    [
      "10655:10:0",
      "2033:10:1"
    ],
    [
      "10655:3:0",
      "2033:3:1"
    ],
    [
      "10667:8:0",
      "2045:8:1"
    ],
    [
      "10677:6:0",
      "2055:6:1"
    ],
    [
      "10694:11:0",
      "2073:11:1"
    ],
    [
      "10701:4:0",
      "2080:4:1"
    ],
    [
      "10718:142:0",
      "2097:147:1"
    ],
    [
      "10736:33:0",
      "2115:33:1"
    ],
    [
      "10737:13:0",
      "2116:13:1"
    ],
    [
      "10737:7:0",
      "2116:7:1"
    ],
    [
      "10752:16:0",
      "2131:16:1"
    ],
    [
      "10752:7:0",
      "2131:7:1"
    ],
    [
      "10778:8:0",
      "2164:8:1"
    ],
    [
      "10802:6:0",
      "2186:6:1"
    ],
    [
      "10803:4:0",
      "2187:4:1"
    ],
    [
      "10803:4:0",
      "2187:4:1"
    ],
    [
      "10809:51:0",
      "2193:51:1"
    ],
    [
      "10819:34:0",
      "2203:34:1"
    ],
    [
      "10826:27:0",
      "2210:27:1"
    ],
    [
      "10826:17:0",
      "2210:17:1"
    ],
    [
      "10826:10:0",
      "2210:10:1"
    ],
    [
      "10837:5:0",
      "2221:5:1"
    ],
    [
      "10844:8:0",
      "2228:8:1"
    ],
    [
      "13861:610:0",
      "2250:467:1"
    ],
    [
      "13898:43:0",
      "2271:43:1"
    ],
    [
      "13899:13:0",
      "2272:13:1"
    ],
    [
      "13899:7:0",
      "2272:7:1"
    ],
    [
      "13914:13:0",
      "2287:13:1"
    ],
    [
      "13914:7:0",
      "2287:7:1"
    ],
    [
      "13929:11:0",
      "2302:11:1"
    ],
    [
      "13929:4:0",
      "2302:4:1"
    ],
    [
      "13958:6:0",
      "2339:6:1"
    ],
    [
      "13959:4:0",
      "2340:4:1"
    ],
    [
      "13959:4:0",
      "2340:4:1"
    ],
    [
      "13965:506:0",
      "2346:371:1"
    ],
    [
      "13975:62:0",
      "2356:34:1"
    ],
    [
      "13975:62:0",
      "2356:34:1"
    ],
    [
      "13975:7:0",
      "2356:7:1"
    ],
    [
      "13983:53:0",
      "2364:25:1"
    ],
    [
      "13983:6:0",
      "2364:6:1"
    ],
    [
      "13993:43:0",
      "2374:15:1"
    ],
    [
      "14020:8:0",
      "2374:8:1"
    ],
    [
      "14030:5:0",
      "2383:5:1"
    ],
    [
      "14047:48:0",
      "2400:48:1"
    ],
    [
      "14047:48:0",
      "2400:48:1"
    ],
    [
      "14047:7:0",
      "2400:7:1"
    ],
    [
      "14055:39:0",
      "2408:39:1"
    ],
    [
      "14055:6:0",
      "2408:6:1"
    ],
    [
      "14065:29:0",
      "2418:29:1"
    ],
    [
      "14065:17:0",
      "2418:17:1"
    ],
    [
      "14065:10:0",
      "2418:10:1"
    ],
    [
      "14076:5:0",
      "2429:5:1"
    ],
    [
      "14083:10:0",
      "2436:10:1"
    ],
    [
      "14083:3:0",
      "2436:3:1"
    ],
    [
      "14105:100:0",
      "2459:45:1"
    ],
    [
      "14105:100:0",
      "2459:45:1"
    ],
    [
      "14132:8:0",
      "2459:8:1"
    ],
    [
      "14142:5:0",
      "2468:5:1"
    ],
    [
      "14149:55:0",
      "2477:27:1"
    ],
    [
      "14149:47:0",
      "2477:19:1"
    ],
    [
      "14149:43:0",
      "2477:15:1"
    ],
    [
      "14176:8:0",
      "2477:8:1"
    ],
    [
      "14186:5:0",
      "2486:5:1"
    ],
    [
      "14197:6:0",
      "2497:6:1"
    ],
    [
      "14215:73:0",
      "2514:73:1"
    ],
    [
      "14215:73:0",
      "2514:73:1"
    ],
    [
      "14215:29:0",
      "2514:29:1"
    ],
    [
      "14215:17:0",
      "2514:17:1"
    ],
    [
      "14215:10:0",
      "2514:10:1"
    ],
    [
      "14226:5:0",
      "2525:5:1"
    ],
    [
      "14233:10:0",
      "2532:10:1"
    ],
    [
      "14233:3:0",
      "2532:3:1"
    ],
    [
      "14247:41:0",
      "2546:41:1"
    ],
    [
      "14247:33:0",
      "2546:33:1"
    ],
    [
      "14247:29:0",
      "2546:29:1"
    ],
    [
      "14247:17:0",
      "2546:17:1"
    ],
    [
      "14247:10:0",
      "2546:10:1"
    ],
    [
      "14258:5:0",
      "2557:5:1"
    ],
    [
      "14265:10:0",
      "2564:10:1"
    ],
    [
      "14265:3:0",
      "2564:3:1"
    ],
    [
      "14281:6:0",
      "2580:6:1"
    ],
    [
      "14298:100:0",
      "2597:45:1"
    ],
    [
      "14298:100:0",
      "2597:45:1"
    ],
    [
      "14325:8:0",
      "2597:8:1"
    ],
    [
      "14335:5:0",
      "2606:5:1"
    ],
    [
      "14342:55:0",
      "2615:27:1"
    ],
    [
      "14342:47:0",
      "2615:19:1"
    ],
    [
      "14342:43:0",
      "2615:15:1"
    ],
    [
      "14369:8:0",
      "2615:8:1"
    ],
    [
      "14379:5:0",
      "2624:5:1"
    ],
    [
      "14390:6:0",
      "2635:6:1"
    ],
    [
      "14408:35:0",
      "2653:35:1"
    ],
    [
      "14413:30:0",
      "2658:30:1"
    ],
    [
      "14413:8:0",
      "2658:8:1"
    ],
    [
      "14422:5:0",
      "2667:5:1"
    ],
    [
      "14429:5:0",
      "2674:5:1"
    ],
    [
      "14436:6:0",
      "2681:6:1"
    ],
    [
      "14453:11:0",
      "2699:11:1"
    ],
    [
      "14460:4:0",
      "2706:4:1"
    ],
    [
      "14878:2721:0",
      "89:227:0"
    ],
    [
      "14896:5:0",
      "107:5:0"
    ],
    [
      "14896:5:0",
      "107:5:0"
    ],
    [
      "15726:204:0",
      "120:43:0"
    ],
    [
      "15762:2:0",
      "131:2:0"
    ],
    [
      "15773:157:0",
      "155:8:0"
    ],
    [
      "16722:147:0",
      "169:144:0"
    ],
    [
      "16756:33:0",
      "187:33:0"
    ],
    [
      "16757:13:0",
      "188:13:0"
    ],
    [
      "16757:7:0",
      "188:7:0"
    ],
    [
      "16772:16:0",
      "203:16:0"
    ],
    [
      "16772:7:0",
      "203:7:0"
    ],
    [
      "16806:6:0",
      "250:6:0"
    ],
    [
      "16807:4:0",
      "251:4:0"
    ],
    [
      "16807:4:0",
      "251:4:0"
    ],
    [
      "16813:56:0",
      "257:56:0"
    ],
    [
      "16823:39:0",
      "267:39:0"
    ],
    [
      "16830:32:0",
      "274:32:0"
    ],
    [
      "16830:15:0",
      "274:15:0"
    ],
    [
      "16830:5:0",
      "274:5:0"
    ],
    [
      "16846:5:0",
      "290:5:0"
    ],
    [
      "16853:8:0",
      "297:8:0"
    ],
    [
      "17017:31:0",
      [
        "302:49:2",
        "35:48:0"
      ]
    ],
    [
      "15349:57:0",
      [
        "426:101:2",
        "35:48:0"
      ]
    ],
    [
      "16258:39:0",
      [
        "962:50:2",
        "35:48:0"
      ]
    ],
    [
      "5529:24:0",
      [
        "630:47:2",
        "35:48:0"
      ]
    ],
    [
      "6289:57:0",
      [
        "801:39:2",
        "35:48:0"
      ]
    ],
    [
      "7631:11:0",
      [
        "1133:47:2",
        "35:48:0"
      ]
    ],
    [
      "7906:107:0",
      [
        "1259:91:2",
        "35:48:0"
      ]
    ],
    [
      "8274:105:0",
      [
        "1424:75:2",
        "35:48:0"
      ]
    ],
    [
      "8635:127:0",
      [
        "1589:97:2",
        "35:48:0"
      ]
    ],
    [
      "9993:45:0",
      [
        "1830:53:2",
        "35:48:0"
      ]
    ],
    [
      "11697:11:0",
      [
        "2014:41:2",
        "35:48:0"
      ]
    ],
    [
      "11984:94:0",
      [
        "2134:73:2",
        "35:48:0"
      ]
    ],
    [
      "12348:55:0",
      [
        "2287:86:2",
        "35:48:0"
      ]
    ],
    [
      "12667:21:0",
      [
        "2449:55:2",
        "35:48:0"
      ]
    ],
    [
      "12948:95:0",
      [
        "2577:69:2",
        "35:48:0"
      ]
    ],
    [
      "13307:121:0",
      [
        "2736:85:2",
        "35:48:0"
      ]
    ]
  ],
  "otherInstrumentation": [
    "2064:233:0",
    "2356:310:0",
    "2751:144:0",
    "2742:7:0",
    "2844:6:0",
    "5073:26:0",
    "9361:26:0",
    "9481:26:0",
    "14105:26:0",
    "14298:26:0",
    "2972:37:0",
    "2963:7:0",
    "6874:26:0",
    "9302:26:0",
    "9410:26:0",
    "9528:26:0",
    "13993:26:0",
    "14149:26:0",
    "14342:26:0",
    "363:22:0",
    "482:33:0",
    "570:8:0",
    "590:113:0",
    "765:110:0",
    "17480:50:0",
    "17540:50:0",
    "15783:42:0",
    "15835:35:0",
    "15880:43:0",
    "15306:29:0",
    "15139:72:0",
    "15221:42:0",
    "15561:72:0",
    "15643:70:0",
    "16013:10:0",
    "16194:50:0",
    "16060:72:0",
    "16142:42:0",
    "16557:72:0",
    "16639:70:0",
    "14762:50:0",
    "3230:22:0",
    "3349:33:0",
    "3437:8:0",
    "3457:113:0",
    "3632:110:0",
    "4990:43:0",
    "5145:35:0",
    "5190:44:0",
    "5295:10:0",
    "5478:37:0",
    "5342:73:0",
    "5425:43:0",
    "5714:72:0",
    "5796:71:0",
    "6050:10:0",
    "6233:42:0",
    "6097:73:0",
    "6180:43:0",
    "6611:72:0",
    "6693:71:0",
    "7006:10:0",
    "7567:50:0",
    "7053:73:0",
    "7136:43:0",
    "9020:72:0",
    "9102:71:0",
    "9747:10:0",
    "9930:49:0",
    "9794:73:0",
    "9877:43:0",
    "10327:72:0",
    "10409:71:0",
    "10956:10:0",
    "11625:58:0",
    "11003:73:0",
    "11086:43:0",
    "13695:72:0",
    "13777:71:0",
    "15114:15:0",
    "16035:15:0",
    "5317:15:0",
    "6072:15:0",
    "7028:15:0",
    "9769:15:0",
    "10978:15:0"
  ],
  "propertyMap": [
    {
      "id": 1,
      "contract": "Token",
      "filename": "test/multifile_samples/erc20_macro_inheritance/child.sol",
      "propertySource": [
        "312:38:2",
        "35:48:0"
      ],
      "annotationSource": [
        "302:49:2",
        "35:48:0"
      ],
      "annotationText": "#invariant unchecked_sum(balances) == totalSupply",
      "target": "contract",
      "type": "invariant",
      "targetName": "Token",
      "debugEventEncoding": [
        [
          "_totalSupply",
          [
            "339:11:2"
          ],
          "uint256"
        ]
      ],
      "message": "The sum of balances is always equal to the total supply",
      "instrumentationRanges": [
        "17064:76:0",
        "17154:118:0",
        "17013:297:0"
      ],
      "checkRanges": [
        "17017:31:0"
      ],
      "assertionRanges": [
        "17064:76:0",
        "17154:118:0",
        "17286:13:0"
      ]
    },
    {
      "id": 2,
      "contract": "Token",
      "filename": "test/multifile_samples/erc20_macro_inheritance/child.sol",
      "propertySource": [
        "438:88:2",
        "35:48:0"
      ],
      "annotationSource": [
        "426:101:2",
        "35:48:0"
      ],
      "annotationText": "#if_succeeds unchecked_sum(balances) == old(unchecked_sum(balances)) || msg.sig == bytes4(0x00000000)",
      "target": "contract",
      "type": "if_succeeds",
      "targetName": "Token",
      "debugEventEncoding": [],
      "message": "The token has a fixed supply.",
      "instrumentationRanges": [
        "15273:23:0",
        "15422:92:0",
        "15345:207:0"
      ],
      "checkRanges": [
        "15349:57:0"
      ],
      "assertionRanges": [
        "15422:92:0",
        "15528:13:0"
      ]
    },
    {
      "id": 5,
      "contract": "Token",
      "filename": "test/multifile_samples/erc20_macro_inheritance/child.sol",
      "propertySource": [
        "974:37:2",
        "35:48:0"
      ],
      "annotationSource": [
        "962:50:2",
        "35:48:0"
      ],
      "annotationText": "#if_succeeds $result == allowances[owner][spender]",
      "target": "function",
      "type": "if_succeeds",
      "targetName": "allowance",
      "debugEventEncoding": [
        [
          "owner",
          [
            "996:5:2"
          ],
          "address"
        ],
        [
          "delegate",
          [
            "1003:7:2"
          ],
          "address"
        ]
      ],
      "message": "Returns spenders allowance for this owner",
      "instrumentationRanges": [
        "16313:79:0",
        "16406:104:0",
        "16254:294:0"
      ],
      "checkRanges": [
        "16258:39:0"
      ],
      "assertionRanges": [
        "16313:79:0",
        "16406:104:0",
        "16524:13:0"
      ]
    },
    {
      "id": 3,
      "contract": "ERC20",
      "filename": "test/multifile_samples/erc20_macro_inheritance/child.sol",
      "propertySource": [
        "642:34:2",
        "35:48:0"
      ],
      "annotationSource": [
        "630:47:2",
        "35:48:0"
      ],
      "annotationText": "#if_succeeds $result == unchecked_sum(balances)",
      "target": "function",
      "type": "if_succeeds",
      "targetName": "totalSupply",
      "debugEventEncoding": [],
      "message": "Result is equal to sum of balances",
      "instrumentationRanges": [
        "5569:98:0",
        "5525:180:0"
      ],
      "checkRanges": [
        "5529:24:0"
      ],
      "assertionRanges": [
        "5569:98:0",
        "5681:13:0"
      ]
    },
    {
      "id": 4,
      "contract": "ERC20",
      "filename": "test/multifile_samples/erc20_macro_inheritance/child.sol",
      "propertySource": [
        "813:26:2",
        "35:48:0"
      ],
      "annotationSource": [
        "801:39:2",
        "35:48:0"
      ],
      "annotationText": "#if_succeeds $result == balances[owner]",
      "target": "function",
      "type": "if_succeeds",
      "targetName": "balanceOf",
      "debugEventEncoding": [
        [
          "account",
          [
            "833:5:2"
          ],
          "address"
        ]
      ],
      "message": "Returns the balance of owner in the balances mapping",
      "instrumentationRanges": [
        "6362:72:0",
        "6448:116:0",
        "6285:317:0"
      ],
      "checkRanges": [
        "6289:57:0"
      ],
      "assertionRanges": [
        "6362:72:0",
        "6448:116:0",
        "6578:13:0"
      ]
    },
    {
      "id": 6,
      "contract": "ERC20",
      "filename": "test/multifile_samples/erc20_macro_inheritance/child.sol",
      "propertySource": [
        "1145:34:2",
        "35:48:0"
      ],
      "annotationSource": [
        "1133:47:2",
        "35:48:0"
      ],
      "annotationText": "#if_succeeds old(balances[msg.sender] >= value)",
      "target": "function",
      "type": "if_succeeds",
      "targetName": "transfer",
      "debugEventEncoding": [
        [
          "amount",
          [
            "1173:5:2"
          ],
          "uint256"
        ]
      ],
      "message": "The sender has sufficient balance at the start",
      "instrumentationRanges": [
        "7189:17:0",
        "7216:69:0",
        "7658:73:0",
        "7745:110:0",
        "7627:266:0"
      ],
      "checkRanges": [
        "7631:11:0"
      ],
      "assertionRanges": [
        "7658:73:0",
        "7745:110:0",
        "7869:13:0"
      ]
    },
    {
      "id": 7,
      "contract": "ERC20",
      "filename": "test/multifile_samples/erc20_macro_inheritance/child.sol",
      "propertySource": [
        "1271:78:2",
        "35:48:0"
      ],
      "annotationSource": [
        "1259:91:2",
        "35:48:0"
      ],
      "annotationText": "#if_succeeds msg.sender != to ==> old(balances[msg.sender]) - value == balances[msg.sender]",
      "target": "function",
      "type": "if_succeeds",
      "targetName": "transfer",
      "debugEventEncoding": [
        [
          "receiver",
          [
            "1285:2:2"
          ],
          "address"
        ],
        [
          "amount",
          [
            "1320:5:2"
          ],
          "uint256"
        ]
      ],
      "message": "The sender has value less balance",
      "instrumentationRanges": [
        "7295:59:0",
        "8029:83:0",
        "8126:97:0",
        "7902:359:0"
      ],
      "checkRanges": [
        "7906:107:0"
      ],
      "assertionRanges": [
        "8029:83:0",
        "8126:97:0",
        "8237:13:0"
      ]
    },
    {
      "id": 8,
      "contract": "ERC20",
      "filename": "test/multifile_samples/erc20_macro_inheritance/child.sol",
      "propertySource": [
        "1436:62:2",
        "35:48:0"
      ],
      "annotationSource": [
        "1424:75:2",
        "35:48:0"
      ],
      "annotationText": "#if_succeeds msg.sender != to ==> old(balances[to]) + value == balances[to]",
      "target": "function",
      "type": "if_succeeds",
      "targetName": "transfer",
      "debugEventEncoding": [
        [
          "receiver",
          [
            "1450:2:2",
            "1470:2:2",
            "1495:2:2"
          ],
          "address"
        ],
        [
          "amount",
          [
            "1477:5:2"
          ],
          "uint256"
        ]
      ],
      "message": "The receiver receives _value",
      "instrumentationRanges": [
        "7364:57:0",
        "8395:83:0",
        "8492:92:0",
        "8270:352:0"
      ],
      "checkRanges": [
        "8274:105:0"
      ],
      "assertionRanges": [
        "8395:83:0",
        "8492:92:0",
        "8598:13:0"
      ]
    },
    {
      "id": 9,
      "contract": "ERC20",
      "filename": "test/multifile_samples/erc20_macro_inheritance/child.sol",
      "propertySource": [
        "1601:84:2",
        "35:48:0"
      ],
      "annotationSource": [
        "1589:97:2",
        "35:48:0"
      ],
      "annotationText": "#if_succeeds old(balances[to]) + old(balances[msg.sender]) == balances[to] + balances[msg.sender]",
      "target": "function",
      "type": "if_succeeds",
      "targetName": "transfer",
      "debugEventEncoding": [
        [
          "receiver",
          [
            "1614:2:2",
            "1659:2:2"
          ],
          "address"
        ]
      ],
      "message": "Transfer does not modify the sum of balances",
      "instrumentationRanges": [
        "7431:57:0",
        "7498:59:0",
        "8778:73:0",
        "8865:108:0",
        "8631:380:0"
      ],
      "checkRanges": [
        "8635:127:0"
      ],
      "assertionRanges": [
        "8778:73:0",
        "8865:108:0",
        "8987:13:0"
      ]
    },
    {
      "id": 10,
      "contract": "ERC20",
      "filename": "test/multifile_samples/erc20_macro_inheritance/child.sol",
      "propertySource": [
        "1842:40:2",
        "35:48:0"
      ],
      "annotationSource": [
        "1830:53:2",
        "35:48:0"
      ],
      "annotationText": "#if_succeeds allowances[msg.sender][spender] == value",
      "target": "function",
      "type": "if_succeeds",
      "targetName": "approve",
      "debugEventEncoding": [
        [
          "delegate",
          [
            "1865:7:2"
          ],
          "address"
        ],
        [
          "amount",
          [
            "1877:5:2"
          ],
          "uint256"
        ]
      ],
      "message": "spender will have an allowance of value for this sender's balance",
      "instrumentationRanges": [
        "10054:82:0",
        "10150:130:0",
        "9989:329:0"
      ],
      "checkRanges": [
        "9993:45:0"
      ],
      "assertionRanges": [
        "10054:82:0",
        "10150:130:0",
        "10294:13:0"
      ]
    },
    {
      "id": 11,
      "contract": "ERC20",
      "filename": "test/multifile_samples/erc20_macro_inheritance/child.sol",
      "propertySource": [
        "2026:28:2",
        "35:48:0"
      ],
      "annotationSource": [
        "2014:41:2",
        "35:48:0"
      ],
      "annotationText": "#if_succeeds old(balances[from] >= value)",
      "target": "function",
      "type": "if_succeeds",
      "targetName": "transferFrom",
      "debugEventEncoding": [
        [
          "owner",
          [
            "2039:4:2"
          ],
          "address"
        ],
        [
          "amount",
          [
            "2048:5:2"
          ],
          "uint256"
        ]
      ],
      "message": "The sender has sufficient balance at the start",
      "instrumentationRanges": [
        "11139:16:0",
        "11165:17:0",
        "11192:64:0",
        "11724:84:0",
        "11822:111:0",
        "11693:278:0"
      ],
      "checkRanges": [
        "11697:11:0"
      ],
      "assertionRanges": [
        "11724:84:0",
        "11822:111:0",
        "11947:13:0"
      ]
    },
    {
      "id": 12,
      "contract": "ERC20",
      "filename": "test/multifile_samples/erc20_macro_inheritance/child.sol",
      "propertySource": [
        "2146:60:2",
        "35:48:0"
      ],
      "annotationSource": [
        "2134:73:2",
        "35:48:0"
      ],
      "annotationText": "#if_succeeds from != to ==> old(balances[from]) - value == balances[from]",
      "target": "function",
      "type": "if_succeeds",
      "targetName": "transferFrom",
      "debugEventEncoding": [
        [
          "owner",
          [
            "2146:4:2",
            "2174:4:2",
            "2201:4:2"
          ],
          "address"
        ],
        [
          "buyer",
          [
            "2154:2:2"
          ],
          "address"
        ],
        [
          "amount",
          [
            "2183:5:2"
          ],
          "uint256"
        ]
      ],
      "message": "The sender has value less balance",
      "instrumentationRanges": [
        "11266:54:0",
        "12094:91:0",
        "12199:98:0",
        "11980:355:0"
      ],
      "checkRanges": [
        "11984:94:0"
      ],
      "assertionRanges": [
        "12094:91:0",
        "12199:98:0",
        "12311:13:0"
      ]
    },
    {
      "id": 13,
      "contract": "ERC20",
      "filename": "test/multifile_samples/erc20_macro_inheritance/child.sol",
      "propertySource": [
        "2299:73:2",
        "35:48:0"
      ],
      "annotationSource": [
        "2287:86:2",
        "35:48:0"
      ],
      "annotationText": "#if_succeeds old(allowances[from][msg.sender]) - value == allowances[from][msg.sender]",
      "target": "function",
      "type": "if_succeeds",
      "targetName": "transferFrom",
      "debugEventEncoding": [
        [
          "owner",
          [
            "2314:4:2",
            "2355:4:2"
          ],
          "address"
        ],
        [
          "amount",
          [
            "2335:5:2"
          ],
          "uint256"
        ]
      ],
      "message": "The actor has value less allowance",
      "instrumentationRanges": [
        "11330:40:0",
        "12419:84:0",
        "12517:99:0",
        "12344:310:0"
      ],
      "checkRanges": [
        "12348:55:0"
      ],
      "assertionRanges": [
        "12419:84:0",
        "12517:99:0",
        "12630:13:0"
      ]
    },
    {
      "id": 14,
      "contract": "ERC20",
      "filename": "test/multifile_samples/erc20_macro_inheritance/child.sol",
      "propertySource": [
        "2461:42:2",
        "35:48:0"
      ],
      "annotationSource": [
        "2449:55:2",
        "35:48:0"
      ],
      "annotationText": "#if_succeeds old(allowances[from][msg.sender]) >= value",
      "target": "function",
      "type": "if_succeeds",
      "targetName": "transferFrom",
      "debugEventEncoding": [
        [
          "owner",
          [
            "2476:4:2"
          ],
          "address"
        ],
        [
          "amount",
          [
            "2498:5:2"
          ],
          "uint256"
        ]
      ],
      "message": "The actor has enough allowance",
      "instrumentationRanges": [
        "11380:40:0",
        "12704:84:0",
        "12802:95:0",
        "12663:272:0"
      ],
      "checkRanges": [
        "12667:21:0"
      ],
      "assertionRanges": [
        "12704:84:0",
        "12802:95:0",
        "12911:13:0"
      ]
    },
    {
      "id": 15,
      "contract": "ERC20",
      "filename": "test/multifile_samples/erc20_macro_inheritance/child.sol",
      "propertySource": [
        "2589:56:2",
        "35:48:0"
      ],
      "annotationSource": [
        "2577:69:2",
        "35:48:0"
      ],
      "annotationText": "#if_succeeds from != to ==> old(balances[to]) + value == balances[to]",
      "target": "function",
      "type": "if_succeeds",
      "targetName": "transferFrom",
      "debugEventEncoding": [
        [
          "owner",
          [
            "2589:4:2"
          ],
          "address"
        ],
        [
          "buyer",
          [
            "2597:2:2",
            "2617:2:2",
            "2642:2:2"
          ],
          "address"
        ],
        [
          "amount",
          [
            "2624:5:2"
          ],
          "uint256"
        ]
      ],
      "message": "The receiver receives value",
      "instrumentationRanges": [
        "11430:55:0",
        "13059:91:0",
        "13164:92:0",
        "12944:350:0"
      ],
      "checkRanges": [
        "12948:95:0"
      ],
      "assertionRanges": [
        "13059:91:0",
        "13164:92:0",
        "13270:13:0"
      ]
    },
    {
      "id": 16,
      "contract": "ERC20",
      "filename": "test/multifile_samples/erc20_macro_inheritance/child.sol",
      "propertySource": [
        "2748:72:2",
        "35:48:0"
      ],
      "annotationSource": [
        "2736:85:2",
        "35:48:0"
      ],
      "annotationText": "#if_succeeds old(balances[to]) + old(balances[from]) == balances[to] + balances[from]",
      "target": "function",
      "type": "if_succeeds",
      "targetName": "transferFrom",
      "debugEventEncoding": [
        [
          "buyer",
          [
            "2761:2:2",
            "2800:2:2"
          ],
          "address"
        ],
        [
          "owner",
          [
            "2781:4:2",
            "2815:4:2"
          ],
          "address"
        ]
      ],
      "message": "Transfer does not modify the sum of balances",
      "instrumentationRanges": [
        "11495:55:0",
        "11560:55:0",
        "13444:81:0",
        "13539:109:0",
        "13303:383:0"
      ],
      "checkRanges": [
        "13307:121:0"
      ],
      "assertionRanges": [
        "13444:81:0",
        "13539:109:0",
        "13662:13:0"
      ]
    }
  ],
  "originalSourceList": [
    "test/multifile_samples/erc20_macro_inheritance/child.sol",
    "test/multifile_samples/erc20_macro_inheritance/erc20_base.sol",
    "dist/stdlib/erc20.scribble.yaml"
  ],
  "instrSourceList": [
    "--"
  ],
  "scribbleVersion": "0.6.17"
}
