{
  "instrToOriginalMap": [
    [
      "188:19:0",
      "0:19:0"
    ],
    [
      "188:4:0",
      "0:4:0"
    ],
    [
      "206:1:0",
      "18:1:0"
    ],
    [
      "146:40:0",
      "22:40:0"
    ],
    [
      "165:6:0",
      "41:6:0"
    ],
    [
      "165:4:0",
      "41:4:0"
    ],
    [
      "177:6:0",
      "53:6:0"
    ],
    [
      "177:4:0",
      "53:4:0"
    ],
    [
      "210:74:0",
      "64:74:0"
    ],
    [
      "222:16:0",
      "76:16:0"
    ],
    [
      "223:14:0",
      "77:14:0"
    ],
    [
      "223:5:0",
      "77:5:0"
    ],
    [
      "223:5:0",
      "77:5:0"
    ],
    [
      "252:6:0",
      "106:6:0"
    ],
    [
      "253:4:0",
      "107:4:0"
    ],
    [
      "253:4:0",
      "107:4:0"
    ],
    [
      "259:25:0",
      "113:25:0"
    ],
    [
      "265:16:0",
      "119:16:0"
    ],
    [
      "272:9:0",
      "126:9:0"
    ],
    [
      "272:3:0",
      "126:3:0"
    ],
    [
      "272:1:0",
      "126:1:0"
    ],
    [
      "278:3:0",
      "132:3:0"
    ],
    [
      "278:1:0",
      "132:1:0"
    ],
    [
      "312:3207:0",
      "68:278:1"
    ],
    [
      "519:17:0",
      "124:8:1"
    ],
    [
      "519:4:0",
      "124:4:1"
    ],
    [
      "1225:971:0",
      "169:175:1"
    ],
    [
      "1253:17:0",
      "182:17:1"
    ],
    [
      "1254:15:0",
      "183:15:1"
    ],
    [
      "1254:6:0",
      "183:6:1"
    ],
    [
      "1254:4:0",
      "183:4:1"
    ],
    [
      "1280:916:0",
      "207:137:1"
    ],
    [
      "1788:402:0",
      "259:82:1"
    ],
    [
      "1793:10:0",
      "264:10:1"
    ],
    [
      "1793:6:0",
      "264:6:1"
    ],
    [
      "1793:4:0",
      "264:4:1"
    ],
    [
      "1802:1:0",
      "273:1:1"
    ],
    [
      "1805:12:0",
      "276:12:1"
    ],
    [
      "1805:1:0",
      "276:1:1"
    ],
    [
      "1809:8:0",
      "280:8:1"
    ],
    [
      "1809:1:0",
      "280:1:1"
    ],
    [
      "1819:3:0",
      "290:3:1"
    ],
    [
      "1819:3:0",
      "290:3:1"
    ],
    [
      "1819:1:0",
      "290:1:1"
    ],
    [
      "1824:366:0",
      "295:46:1"
    ],
    [
      "2145:34:0",
      "325:11:1"
    ],
    [
      "2145:34:0",
      "325:11:1"
    ],
    [
      "2174:4:0",
      "332:4:1"
    ],
    [
      "2174:1:0",
      "332:1:1"
    ],
    [
      "2176:1:0",
      "334:1:1"
    ],
    [
      "4998:1761:0",
      "136:268:2"
    ],
    [
      "5016:4:0",
      "154:6:2"
    ],
    [
      "5016:4:0",
      "154:6:2"
    ],
    [
      "5497:665:0",
      "167:235:2"
    ],
    [
      "5527:8:0",
      "181:8:2"
    ],
    [
      "5528:6:0",
      "182:6:2"
    ],
    [
      "5528:4:0",
      "182:4:2"
    ],
    [
      "5545:617:0",
      "197:205:2"
    ],
    [
      "5887:3:0",
      "283:3:2"
    ],
    [
      "5887:3:0",
      "283:3:2"
    ],
    [
      "5887:1:0",
      "283:1:2"
    ],
    [
      "5900:14:0",
      "297:16:2"
    ],
    [
      "5900:14:0",
      "297:16:2"
    ],
    [
      "5900:5:0",
      "297:7:2"
    ],
    [
      "5900:5:0",
      "297:7:2"
    ],
    [
      "5924:7:0",
      "323:7:2"
    ],
    [
      "5924:7:0",
      "323:7:2"
    ],
    [
      "5924:3:0",
      "323:3:2"
    ],
    [
      "5924:1:0",
      "323:1:2"
    ],
    [
      "5930:1:0",
      "329:1:2"
    ],
    [
      "5941:7:0",
      "340:7:2"
    ],
    [
      "5941:7:0",
      "340:7:2"
    ],
    [
      "5941:3:0",
      "340:3:2"
    ],
    [
      "5941:1:0",
      "340:1:2"
    ],
    [
      "5947:1:0",
      "346:1:2"
    ],
    [
      "6152:3:0",
      "392:3:2"
    ],
    [
      "6152:3:0",
      "392:3:2"
    ],
    [
      "6152:1:0",
      "392:1:2"
    ],
    [
      "2367:12:0",
      "47:20:1"
    ],
    [
      "810:16:0",
      "141:26:1"
    ],
    [
      "1533:14:0",
      "216:39:1"
    ],
    [
      "1870:11:0",
      "305:16:1"
    ],
    [
      "5583:65:0",
      "212:62:2"
    ],
    [
      "5986:14:0",
      "362:21:2"
    ],
    [
      "3252:29:0",
      "90:32:1"
    ]
  ],
  "otherInstrumentation": [
    "3737:22:0",
    "3856:33:0",
    "3944:8:0",
    "3964:113:0",
    "4139:110:0",
    "2767:49:0",
    "2853:42:0",
    "2905:35:0",
    "2950:43:0",
    "750:22:0",
    "616:72:0",
    "698:42:0",
    "1060:72:0",
    "1142:70:0",
    "6462:50:0",
    "6522:49:0",
    "4476:22:0",
    "4595:33:0",
    "4683:8:0",
    "4703:113:0",
    "4878:110:0",
    "6608:43:0",
    "6661:35:0",
    "6706:44:0",
    "5297:24:0",
    "5161:73:0",
    "5244:43:0",
    "5331:72:0",
    "5413:71:0",
    "3090:427:0",
    "3183:11:0",
    "3076:12:0",
    "3204:10:0",
    "2145:34:0",
    "591:15:0",
    "5136:15:0",
    "1290:15:0",
    "3100:15:0"
  ],
  "propertyMap": [
    {
      "id": 0,
      "contract": "Base",
      "filename": "test/multifile_samples/asserts/B.sol",
      "propertySource": "57:9:1",
      "annotationSource": "47:20:1",
      "annotationText": "invariant sum < 200;",
      "target": "contract",
      "type": "invariant",
      "targetName": "Base",
      "debugEventEncoding": [
        [
          "sum",
          [
            "57:3:1"
          ],
          "uint256"
        ]
      ],
      "message": "",
      "instrumentationRanges": [
        "2399:67:0",
        "2484:66:0",
        "2363:233:0"
      ],
      "checkRanges": [
        "2367:12:0"
      ],
      "assertionRanges": [
        "2399:67:0",
        "2484:66:0",
        "2568:13:0"
      ]
    },
    {
      "id": 1,
      "contract": "Base",
      "filename": "test/multifile_samples/asserts/B.sol",
      "propertySource": "101:20:1",
      "annotationSource": "90:32:1",
      "annotationText": "if_updated sum - old(sum) > X+1;",
      "target": "variable",
      "type": "if_updated",
      "targetName": "sum",
      "debugEventEncoding": [
        [
          "sum",
          [
            "101:3:1",
            "111:3:1"
          ],
          "uint256"
        ],
        [
          "X",
          [
            "118:1:1"
          ],
          "uint256"
        ]
      ],
      "message": "",
      "instrumentationRanges": [
        "3149:14:0",
        "3301:70:0",
        "3389:66:0",
        "3248:253:0"
      ],
      "checkRanges": [
        "3252:29:0"
      ],
      "assertionRanges": [
        "3301:70:0",
        "3389:66:0",
        "3473:13:0"
      ]
    },
    {
      "id": 2,
      "contract": "Base",
      "filename": "test/multifile_samples/asserts/B.sol",
      "propertySource": "153:13:1",
      "annotationSource": "141:26:1",
      "annotationText": "if_succeeds n.length < 10;",
      "target": "function",
      "type": "if_succeeds",
      "targetName": "main",
      "debugEventEncoding": [
        [
          "n",
          [
            "153:1:1"
          ],
          "uint256[]"
        ]
      ],
      "message": "",
      "instrumentationRanges": [
        "846:65:0",
        "929:66:0",
        "806:235:0"
      ],
      "checkRanges": [
        "810:16:0"
      ],
      "assertionRanges": [
        "846:65:0",
        "929:66:0",
        "1013:13:0"
      ]
    },
    {
      "id": 3,
      "contract": "Base",
      "filename": "test/multifile_samples/asserts/B.sol",
      "propertySource": "223:31:1",
      "annotationSource": "216:39:1",
      "annotationText": "assert forall (uint i in n) n[i] <= 50;",
      "target": "statement",
      "type": "assert",
      "targetName": "",
      "debugEventEncoding": [
        [
          "n",
          [
            "241:1:1",
            "244:1:1"
          ],
          "uint256[]"
        ],
        [
          "i",
          [
            "246:1:1"
          ],
          "uint256"
        ]
      ],
      "message": "",
      "instrumentationRanges": [
        "1339:18:0",
        "1371:145:0",
        "1432:28:0",
        "1478:23:0",
        "1567:72:0",
        "1657:66:0",
        "1529:240:0"
      ],
      "checkRanges": [
        "1533:14:0"
      ],
      "assertionRanges": [
        "1567:72:0",
        "1657:66:0",
        "1741:13:0"
      ]
    },
    {
      "id": 4,
      "contract": "Base",
      "filename": "test/multifile_samples/asserts/B.sol",
      "propertySource": "312:8:1",
      "annotationSource": "305:16:1",
      "annotationText": "assert n[i] > X;",
      "target": "statement",
      "type": "assert",
      "targetName": "",
      "debugEventEncoding": [
        [
          "n",
          [
            "312:1:1"
          ],
          "uint256[]"
        ],
        [
          "i",
          [
            "314:1:1"
          ],
          "uint256"
        ],
        [
          "X",
          [
            "319:1:1"
          ],
          "uint256"
        ]
      ],
      "message": "",
      "instrumentationRanges": [
        "1905:71:0",
        "1998:66:0",
        "1866:252:0"
      ],
      "checkRanges": [
        "1870:11:0"
      ],
      "assertionRanges": [
        "1905:71:0",
        "1998:66:0",
        "2086:13:0"
      ]
    },
    {
      "id": 5,
      "contract": "Child",
      "filename": "test/multifile_samples/asserts/C.sol",
      "propertySource": "219:54:2",
      "annotationSource": "212:62:2",
      "annotationText": "assert XA == 2 && XB == 2 && A.X == 2 && B.X == 2 && t == B.X;",
      "target": "statement",
      "type": "assert",
      "targetName": "",
      "debugEventEncoding": [
        [
          "XA",
          [
            "219:2:2",
            "230:2:2"
          ],
          "uint256"
        ],
        [
          "t",
          [
            "265:1:2"
          ],
          "uint256"
        ]
      ],
      "message": "",
      "instrumentationRanges": [
        "5668:69:0",
        "5755:67:0",
        "5579:289:0"
      ],
      "checkRanges": [
        "5583:65:0"
      ],
      "assertionRanges": [
        "5668:69:0",
        "5755:67:0",
        "5840:13:0"
      ]
    },
    {
      "id": 6,
      "contract": "Child",
      "filename": "test/multifile_samples/asserts/C.sol",
      "propertySource": "369:13:2",
      "annotationSource": "362:21:2",
      "annotationText": "assert B.foo(p) == 3;",
      "target": "statement",
      "type": "assert",
      "targetName": "",
      "debugEventEncoding": [],
      "message": "",
      "instrumentationRanges": [
        "6020:67:0",
        "5982:151:0"
      ],
      "checkRanges": [
        "5986:14:0"
      ],
      "assertionRanges": [
        "6020:67:0",
        "6105:13:0"
      ]
    }
  ],
  "originalSourceList": [
    "test/multifile_samples/asserts/A.sol",
    "test/multifile_samples/asserts/B.sol",
    "test/multifile_samples/asserts/C.sol"
  ],
  "instrSourceList": [
    "--"
  ],
  "scribbleVersion": "0.7.0"
}