{
  "instrToOriginalMap": [
    [
      "188:19:0",
      "0:19:0"
    ],
    [
      "188:4:0",
      "0:4:0"
    ],
    [
      "206:1:0",
      "18:1:0"
    ],
    [
      "146:40:0",
      "22:40:0"
    ],
    [
      "165:6:0",
      "41:6:0"
    ],
    [
      "165:4:0",
      "41:4:0"
    ],
    [
      "177:6:0",
      "53:6:0"
    ],
    [
      "177:4:0",
      "53:4:0"
    ],
    [
      "210:74:0",
      "64:74:0"
    ],
    [
      "222:16:0",
      "76:16:0"
    ],
    [
      "223:14:0",
      "77:14:0"
    ],
    [
      "223:5:0",
      "77:5:0"
    ],
    [
      "223:5:0",
      "77:5:0"
    ],
    [
      "252:6:0",
      "106:6:0"
    ],
    [
      "253:4:0",
      "107:4:0"
    ],
    [
      "253:4:0",
      "107:4:0"
    ],
    [
      "259:25:0",
      "113:25:0"
    ],
    [
      "265:16:0",
      "119:16:0"
    ],
    [
      "272:9:0",
      "126:9:0"
    ],
    [
      "272:3:0",
      "126:3:0"
    ],
    [
      "272:1:0",
      "126:1:0"
    ],
    [
      "278:3:0",
      "132:3:0"
    ],
    [
      "278:1:0",
      "132:1:0"
    ],
    [
      "312:3126:0",
      "68:278:1"
    ],
    [
      "519:17:0",
      "124:8:1"
    ],
    [
      "519:4:0",
      "124:4:1"
    ],
    [
      "1209:938:0",
      "169:175:1"
    ],
    [
      "1237:17:0",
      "182:17:1"
    ],
    [
      "1238:15:0",
      "183:15:1"
    ],
    [
      "1238:6:0",
      "183:6:1"
    ],
    [
      "1238:4:0",
      "183:4:1"
    ],
    [
      "1263:884:0",
      "207:137:1"
    ],
    [
      "1755:386:0",
      "259:82:1"
    ],
    [
      "1760:10:0",
      "264:10:1"
    ],
    [
      "1760:6:0",
      "264:6:1"
    ],
    [
      "1760:4:0",
      "264:4:1"
    ],
    [
      "1769:1:0",
      "273:1:1"
    ],
    [
      "1772:12:0",
      "276:12:1"
    ],
    [
      "1772:1:0",
      "276:1:1"
    ],
    [
      "1776:8:0",
      "280:8:1"
    ],
    [
      "1776:1:0",
      "280:1:1"
    ],
    [
      "1786:3:0",
      "290:3:1"
    ],
    [
      "1786:3:0",
      "290:3:1"
    ],
    [
      "1786:1:0",
      "290:1:1"
    ],
    [
      "1791:350:0",
      "295:46:1"
    ],
    [
      "2096:34:0",
      "325:11:1"
    ],
    [
      "2096:34:0",
      "325:11:1"
    ],
    [
      "2125:4:0",
      "332:4:1"
    ],
    [
      "2125:1:0",
      "332:1:1"
    ],
    [
      "2127:1:0",
      "334:1:1"
    ],
    [
      "4917:1728:0",
      "136:268:2"
    ],
    [
      "4935:4:0",
      "154:6:2"
    ],
    [
      "4935:4:0",
      "154:6:2"
    ],
    [
      "5416:632:0",
      "167:235:2"
    ],
    [
      "5446:8:0",
      "181:8:2"
    ],
    [
      "5447:6:0",
      "182:6:2"
    ],
    [
      "5447:4:0",
      "182:4:2"
    ],
    [
      "5463:585:0",
      "197:205:2"
    ],
    [
      "5789:3:0",
      "283:3:2"
    ],
    [
      "5789:3:0",
      "283:3:2"
    ],
    [
      "5789:1:0",
      "283:1:2"
    ],
    [
      "5802:14:0",
      "297:16:2"
    ],
    [
      "5802:14:0",
      "297:16:2"
    ],
    [
      "5802:5:0",
      "297:7:2"
    ],
    [
      "5802:5:0",
      "297:7:2"
    ],
    [
      "5826:7:0",
      "323:7:2"
    ],
    [
      "5826:7:0",
      "323:7:2"
    ],
    [
      "5826:3:0",
      "323:3:2"
    ],
    [
      "5826:1:0",
      "323:1:2"
    ],
    [
      "5832:1:0",
      "329:1:2"
    ],
    [
      "5843:7:0",
      "340:7:2"
    ],
    [
      "5843:7:0",
      "340:7:2"
    ],
    [
      "5843:3:0",
      "340:3:2"
    ],
    [
      "5843:1:0",
      "340:1:2"
    ],
    [
      "5849:1:0",
      "346:1:2"
    ],
    [
      "6038:3:0",
      "392:3:2"
    ],
    [
      "6038:3:0",
      "392:3:2"
    ],
    [
      "6038:1:0",
      "392:1:2"
    ],
    [
      "2318:12:0",
      "47:20:1"
    ],
    [
      "810:16:0",
      "141:26:1"
    ],
    [
      "1516:14:0",
      "216:39:1"
    ],
    [
      "1837:11:0",
      "305:16:1"
    ],
    [
      "5501:65:0",
      "212:62:2"
    ],
    [
      "5888:14:0",
      "362:21:2"
    ],
    [
      "3187:29:0",
      "90:32:1"
    ]
  ],
  "otherInstrumentation": [
    "3656:22:0",
    "3775:33:0",
    "3863:8:0",
    "3883:113:0",
    "4058:110:0",
    "2702:49:0",
    "2788:42:0",
    "2840:35:0",
    "2885:43:0",
    "750:22:0",
    "616:72:0",
    "698:42:0",
    "1044:72:0",
    "1126:70:0",
    "6348:50:0",
    "6408:49:0",
    "4395:22:0",
    "4514:33:0",
    "4602:8:0",
    "4622:113:0",
    "4797:110:0",
    "6494:43:0",
    "6547:35:0",
    "6592:44:0",
    "5216:24:0",
    "5080:73:0",
    "5163:43:0",
    "5250:72:0",
    "5332:71:0",
    "3025:411:0",
    "3118:11:0",
    "3011:12:0",
    "3139:10:0",
    "2096:34:0",
    "591:15:0",
    "5055:15:0",
    "1273:15:0",
    "3035:15:0"
  ],
  "propertyMap": [
    {
      "id": 0,
      "contract": "Base",
      "filename": "test/multifile_samples/asserts/B.sol",
      "propertySource": "57:9:1",
      "annotationSource": "47:20:1",
      "annotationText": "invariant sum < 200;",
      "target": "contract",
      "type": "invariant",
      "targetName": "Base",
      "debugEventEncoding": [
        [
          "sum",
          [
            "57:3:1"
          ],
          "uint256"
        ]
      ],
      "message": "",
      "instrumentationRanges": [
        "2350:67:0",
        "2435:50:0",
        "2314:217:0"
      ],
      "checkRanges": [
        "2318:12:0"
      ],
      "assertionRanges": [
        "2350:67:0",
        "2435:50:0",
        "2503:13:0"
      ]
    },
    {
      "id": 1,
      "contract": "Base",
      "filename": "test/multifile_samples/asserts/B.sol",
      "propertySource": "101:20:1",
      "annotationSource": "90:32:1",
      "annotationText": "if_updated sum - old(sum) > X+1;",
      "target": "variable",
      "type": "if_updated",
      "targetName": "sum",
      "debugEventEncoding": [
        [
          "sum",
          [
            "101:3:1",
            "111:3:1"
          ],
          "uint256"
        ],
        [
          "X",
          [
            "118:1:1"
          ],
          "uint256"
        ]
      ],
      "message": "",
      "instrumentationRanges": [
        "3084:14:0",
        "3236:70:0",
        "3324:50:0",
        "3183:237:0"
      ],
      "checkRanges": [
        "3187:29:0"
      ],
      "assertionRanges": [
        "3236:70:0",
        "3324:50:0",
        "3392:13:0"
      ]
    },
    {
      "id": 2,
      "contract": "Base",
      "filename": "test/multifile_samples/asserts/B.sol",
      "propertySource": "153:13:1",
      "annotationSource": "141:26:1",
      "annotationText": "if_succeeds n.length < 10;",
      "target": "function",
      "type": "if_succeeds",
      "targetName": "main",
      "debugEventEncoding": [
        [
          "n",
          [
            "153:1:1"
          ],
          "uint256[]"
        ]
      ],
      "message": "",
      "instrumentationRanges": [
        "846:65:0",
        "929:50:0",
        "806:219:0"
      ],
      "checkRanges": [
        "810:16:0"
      ],
      "assertionRanges": [
        "846:65:0",
        "929:50:0",
        "997:13:0"
      ]
    },
    {
      "id": 3,
      "contract": "Base",
      "filename": "test/multifile_samples/asserts/B.sol",
      "propertySource": "223:31:1",
      "annotationSource": "216:39:1",
      "annotationText": "assert forall (uint i in n) n[i] <= 50;",
      "target": "statement",
      "type": "assert",
      "targetName": "",
      "debugEventEncoding": [
        [
          "n",
          [
            "241:1:1",
            "244:1:1"
          ],
          "uint256[]"
        ],
        [
          "i",
          [
            "246:1:1"
          ],
          "uint256"
        ]
      ],
      "message": "",
      "instrumentationRanges": [
        "1322:18:0",
        "1354:145:0",
        "1415:28:0",
        "1461:23:0",
        "1550:72:0",
        "1640:50:0",
        "1512:224:0"
      ],
      "checkRanges": [
        "1516:14:0"
      ],
      "assertionRanges": [
        "1550:72:0",
        "1640:50:0",
        "1708:13:0"
      ]
    },
    {
      "id": 4,
      "contract": "Base",
      "filename": "test/multifile_samples/asserts/B.sol",
      "propertySource": "312:8:1",
      "annotationSource": "305:16:1",
      "annotationText": "assert n[i] > X;",
      "target": "statement",
      "type": "assert",
      "targetName": "",
      "debugEventEncoding": [
        [
          "n",
          [
            "312:1:1"
          ],
          "uint256[]"
        ],
        [
          "i",
          [
            "314:1:1"
          ],
          "uint256"
        ],
        [
          "X",
          [
            "319:1:1"
          ],
          "uint256"
        ]
      ],
      "message": "",
      "instrumentationRanges": [
        "1872:71:0",
        "1965:50:0",
        "1833:236:0"
      ],
      "checkRanges": [
        "1837:11:0"
      ],
      "assertionRanges": [
        "1872:71:0",
        "1965:50:0",
        "2037:13:0"
      ]
    },
    {
      "id": 5,
      "contract": "Child",
      "filename": "test/multifile_samples/asserts/C.sol",
      "propertySource": "219:54:2",
      "annotationSource": "212:62:2",
      "annotationText": "assert XA == 2 && XB == 2 && A.X == 2 && B.X == 2 && t == B.X;",
      "target": "statement",
      "type": "assert",
      "targetName": "",
      "debugEventEncoding": [
        [
          "XA",
          [
            "219:2:2",
            "230:2:2"
          ],
          "uint256"
        ],
        [
          "t",
          [
            "265:1:2"
          ],
          "uint256"
        ]
      ],
      "message": "",
      "instrumentationRanges": [
        "5586:69:0",
        "5673:51:0",
        "5497:273:0"
      ],
      "checkRanges": [
        "5501:65:0"
      ],
      "assertionRanges": [
        "5586:69:0",
        "5673:51:0",
        "5742:13:0"
      ]
    },
    {
      "id": 6,
      "contract": "Child",
      "filename": "test/multifile_samples/asserts/C.sol",
      "propertySource": "369:13:2",
      "annotationSource": "362:21:2",
      "annotationText": "assert B.foo(p) == 3;",
      "target": "statement",
      "type": "assert",
      "targetName": "",
      "debugEventEncoding": [],
      "message": "",
      "instrumentationRanges": [
        "5922:51:0",
        "5884:135:0"
      ],
      "checkRanges": [
        "5888:14:0"
      ],
      "assertionRanges": [
        "5922:51:0",
        "5991:13:0"
      ]
    }
  ],
  "originalSourceList": [
    "test/multifile_samples/asserts/A.sol",
    "test/multifile_samples/asserts/B.sol",
    "test/multifile_samples/asserts/C.sol"
  ],
  "instrSourceList": [
    "--"
  ],
  "scribbleVersion": "0.6.17"
}