{
  "instrToOriginalMap": [
    [
      "188:19:0",
      "0:19:0"
    ],
    [
      "188:4:0",
      "0:4:0"
    ],
    [
      "206:1:0",
      "18:1:0"
    ],
    [
      "146:40:0",
      "22:40:0"
    ],
    [
      "165:6:0",
      "41:6:0"
    ],
    [
      "165:4:0",
      "41:4:0"
    ],
    [
      "177:6:0",
      "53:6:0"
    ],
    [
      "177:4:0",
      "53:4:0"
    ],
    [
      "210:74:0",
      "64:74:0"
    ],
    [
      "222:16:0",
      "76:16:0"
    ],
    [
      "223:14:0",
      "77:14:0"
    ],
    [
      "223:5:0",
      "77:5:0"
    ],
    [
      "223:5:0",
      "77:5:0"
    ],
    [
      "252:6:0",
      "106:6:0"
    ],
    [
      "253:4:0",
      "107:4:0"
    ],
    [
      "253:4:0",
      "107:4:0"
    ],
    [
      "259:25:0",
      "113:25:0"
    ],
    [
      "265:16:0",
      "119:16:0"
    ],
    [
      "272:9:0",
      "126:9:0"
    ],
    [
      "272:3:0",
      "126:3:0"
    ],
    [
      "272:1:0",
      "126:1:0"
    ],
    [
      "278:3:0",
      "132:3:0"
    ],
    [
      "278:1:0",
      "132:1:0"
    ],
    [
      "312:3076:0",
      "68:278:1"
    ],
    [
      "519:17:0",
      "124:8:1"
    ],
    [
      "519:4:0",
      "124:4:1"
    ],
    [
      "1199:918:0",
      "169:175:1"
    ],
    [
      "1227:17:0",
      "182:17:1"
    ],
    [
      "1228:15:0",
      "183:15:1"
    ],
    [
      "1228:6:0",
      "183:6:1"
    ],
    [
      "1228:4:0",
      "183:4:1"
    ],
    [
      "1253:864:0",
      "207:137:1"
    ],
    [
      "1735:376:0",
      "259:82:1"
    ],
    [
      "1740:10:0",
      "264:10:1"
    ],
    [
      "1740:6:0",
      "264:6:1"
    ],
    [
      "1740:4:0",
      "264:4:1"
    ],
    [
      "1749:1:0",
      "273:1:1"
    ],
    [
      "1752:12:0",
      "276:12:1"
    ],
    [
      "1752:1:0",
      "276:1:1"
    ],
    [
      "1756:8:0",
      "280:8:1"
    ],
    [
      "1756:1:0",
      "280:1:1"
    ],
    [
      "1766:3:0",
      "290:3:1"
    ],
    [
      "1766:3:0",
      "290:3:1"
    ],
    [
      "1766:1:0",
      "290:1:1"
    ],
    [
      "1771:340:0",
      "295:46:1"
    ],
    [
      "2066:34:0",
      "325:11:1"
    ],
    [
      "2066:34:0",
      "325:11:1"
    ],
    [
      "2095:4:0",
      "332:4:1"
    ],
    [
      "2095:1:0",
      "332:1:1"
    ],
    [
      "2097:1:0",
      "334:1:1"
    ],
    [
      "4867:1713:0",
      "136:268:2"
    ],
    [
      "4885:4:0",
      "154:6:2"
    ],
    [
      "4885:4:0",
      "154:6:2"
    ],
    [
      "5366:617:0",
      "167:235:2"
    ],
    [
      "5396:8:0",
      "181:8:2"
    ],
    [
      "5397:6:0",
      "182:6:2"
    ],
    [
      "5397:4:0",
      "182:4:2"
    ],
    [
      "5413:570:0",
      "197:205:2"
    ],
    [
      "5729:3:0",
      "283:3:2"
    ],
    [
      "5729:3:0",
      "283:3:2"
    ],
    [
      "5729:1:0",
      "283:1:2"
    ],
    [
      "5742:14:0",
      "297:16:2"
    ],
    [
      "5742:14:0",
      "297:16:2"
    ],
    [
      "5742:5:0",
      "297:7:2"
    ],
    [
      "5742:5:0",
      "297:7:2"
    ],
    [
      "5766:7:0",
      "323:7:2"
    ],
    [
      "5766:7:0",
      "323:7:2"
    ],
    [
      "5766:3:0",
      "323:3:2"
    ],
    [
      "5766:1:0",
      "323:1:2"
    ],
    [
      "5772:1:0",
      "329:1:2"
    ],
    [
      "5783:7:0",
      "340:7:2"
    ],
    [
      "5783:7:0",
      "340:7:2"
    ],
    [
      "5783:3:0",
      "340:3:2"
    ],
    [
      "5783:1:0",
      "340:1:2"
    ],
    [
      "5789:1:0",
      "346:1:2"
    ],
    [
      "5973:3:0",
      "392:3:2"
    ],
    [
      "5973:3:0",
      "392:3:2"
    ],
    [
      "5973:1:0",
      "392:1:2"
    ],
    [
      "2288:12:0",
      "47:20:1"
    ],
    [
      "810:16:0",
      "141:26:1"
    ],
    [
      "1506:14:0",
      "216:39:1"
    ],
    [
      "1817:11:0",
      "305:16:1"
    ],
    [
      "5451:65:0",
      "212:62:2"
    ],
    [
      "5828:14:0",
      "362:21:2"
    ],
    [
      "3147:29:0",
      "90:32:1"
    ]
  ],
  "otherInstrumentation": [
    "3606:22:0",
    "3725:33:0",
    "3813:8:0",
    "3833:113:0",
    "4008:110:0",
    "2662:49:0",
    "2748:42:0",
    "2800:35:0",
    "2845:43:0",
    "750:22:0",
    "616:72:0",
    "698:42:0",
    "1034:72:0",
    "1116:70:0",
    "6283:50:0",
    "6343:49:0",
    "4345:22:0",
    "4464:33:0",
    "4552:8:0",
    "4572:113:0",
    "4747:110:0",
    "6429:43:0",
    "6482:35:0",
    "6527:44:0",
    "5166:24:0",
    "5030:73:0",
    "5113:43:0",
    "5200:72:0",
    "5282:71:0",
    "2985:401:0",
    "3078:11:0",
    "2971:12:0",
    "3099:10:0",
    "2066:34:0",
    "591:15:0",
    "5005:15:0",
    "1263:15:0",
    "2995:15:0"
  ],
  "propertyMap": [
    {
      "id": 0,
      "contract": "Base",
      "filename": "test/multifile_samples/asserts/B.sol",
      "propertySource": "57:9:1",
      "annotationSource": "47:20:1",
      "annotationText": "invariant sum < 200;",
      "target": "contract",
      "type": "invariant",
      "targetName": "Base",
      "debugEventEncoding": [
        [
          "sum",
          [
            "57:3:1"
          ],
          "uint256"
        ]
      ],
      "message": "",
      "instrumentationRanges": [
        "2320:62:0",
        "2400:45:0",
        "2284:207:0"
      ],
      "checkRanges": [
        "2288:12:0"
      ],
      "assertionRanges": [
        "2320:62:0",
        "2400:45:0",
        "2463:13:0"
      ]
    },
    {
      "id": 1,
      "contract": "Base",
      "filename": "test/multifile_samples/asserts/B.sol",
      "propertySource": "101:20:1",
      "annotationSource": "90:32:1",
      "annotationText": "if_updated sum - old(sum) > X+1;",
      "target": "variable",
      "type": "if_updated",
      "targetName": "sum",
      "debugEventEncoding": [
        [
          "sum",
          [
            "101:3:1",
            "111:3:1"
          ],
          "uint256"
        ],
        [
          "X",
          [
            "118:1:1"
          ],
          "uint256"
        ]
      ],
      "message": "",
      "instrumentationRanges": [
        "3044:14:0",
        "3196:65:0",
        "3279:45:0",
        "3143:227:0"
      ],
      "checkRanges": [
        "3147:29:0"
      ],
      "assertionRanges": [
        "3196:65:0",
        "3279:45:0",
        "3342:13:0"
      ]
    },
    {
      "id": 2,
      "contract": "Base",
      "filename": "test/multifile_samples/asserts/B.sol",
      "propertySource": "153:13:1",
      "annotationSource": "141:26:1",
      "annotationText": "if_succeeds n.length < 10;",
      "target": "function",
      "type": "if_succeeds",
      "targetName": "main",
      "debugEventEncoding": [
        [
          "n",
          [
            "153:1:1"
          ],
          "uint256[]"
        ]
      ],
      "message": "",
      "instrumentationRanges": [
        "846:60:0",
        "924:45:0",
        "806:209:0"
      ],
      "checkRanges": [
        "810:16:0"
      ],
      "assertionRanges": [
        "846:60:0",
        "924:45:0",
        "987:13:0"
      ]
    },
    {
      "id": 3,
      "contract": "Base",
      "filename": "test/multifile_samples/asserts/B.sol",
      "propertySource": "223:31:1",
      "annotationSource": "216:39:1",
      "annotationText": "assert forall (uint i in n) n[i] <= 50;",
      "target": "statement",
      "type": "assert",
      "targetName": "",
      "debugEventEncoding": [
        [
          "n",
          [
            "241:1:1",
            "244:1:1"
          ],
          "uint256[]"
        ],
        [
          "i",
          [
            "246:1:1"
          ],
          "uint256"
        ]
      ],
      "message": "",
      "instrumentationRanges": [
        "1312:18:0",
        "1344:145:0",
        "1405:28:0",
        "1451:23:0",
        "1540:67:0",
        "1625:45:0",
        "1502:214:0"
      ],
      "checkRanges": [
        "1506:14:0"
      ],
      "assertionRanges": [
        "1540:67:0",
        "1625:45:0",
        "1688:13:0"
      ]
    },
    {
      "id": 4,
      "contract": "Base",
      "filename": "test/multifile_samples/asserts/B.sol",
      "propertySource": "312:8:1",
      "annotationSource": "305:16:1",
      "annotationText": "assert n[i] > X;",
      "target": "statement",
      "type": "assert",
      "targetName": "",
      "debugEventEncoding": [
        [
          "n",
          [
            "312:1:1"
          ],
          "uint256[]"
        ],
        [
          "i",
          [
            "314:1:1"
          ],
          "uint256"
        ],
        [
          "X",
          [
            "319:1:1"
          ],
          "uint256"
        ]
      ],
      "message": "",
      "instrumentationRanges": [
        "1852:66:0",
        "1940:45:0",
        "1813:226:0"
      ],
      "checkRanges": [
        "1817:11:0"
      ],
      "assertionRanges": [
        "1852:66:0",
        "1940:45:0",
        "2007:13:0"
      ]
    },
    {
      "id": 5,
      "contract": "Child",
      "filename": "test/multifile_samples/asserts/C.sol",
      "propertySource": "219:54:2",
      "annotationSource": "212:62:2",
      "annotationText": "assert XA == 2 && XB == 2 && A.X == 2 && B.X == 2 && t == B.X;",
      "target": "statement",
      "type": "assert",
      "targetName": "",
      "debugEventEncoding": [
        [
          "XA",
          [
            "219:2:2",
            "230:2:2"
          ],
          "uint256"
        ],
        [
          "t",
          [
            "265:1:2"
          ],
          "uint256"
        ]
      ],
      "message": "",
      "instrumentationRanges": [
        "5536:64:0",
        "5618:46:0",
        "5447:263:0"
      ],
      "checkRanges": [
        "5451:65:0"
      ],
      "assertionRanges": [
        "5536:64:0",
        "5618:46:0",
        "5682:13:0"
      ]
    },
    {
      "id": 6,
      "contract": "Child",
      "filename": "test/multifile_samples/asserts/C.sol",
      "propertySource": "369:13:2",
      "annotationSource": "362:21:2",
      "annotationText": "assert B.foo(p) == 3;",
      "target": "statement",
      "type": "assert",
      "targetName": "",
      "debugEventEncoding": [],
      "message": "",
      "instrumentationRanges": [
        "5862:46:0",
        "5824:130:0"
      ],
      "checkRanges": [
        "5828:14:0"
      ],
      "assertionRanges": [
        "5862:46:0",
        "5926:13:0"
      ]
    }
  ],
  "originalSourceList": [
    "test/multifile_samples/asserts/A.sol",
    "test/multifile_samples/asserts/B.sol",
    "test/multifile_samples/asserts/C.sol"
  ],
  "instrSourceList": [
    "--"
  ],
  "scribbleVersion": "0.6.17"
}