{
  "instrToOriginalMap": [
    [
      "101:33:0",
      "27:33:1"
    ],
    [
      "122:9:0",
      "48:9:1"
    ],
    [
      "122:7:0",
      "48:7:1"
    ],
    [
      "25:22:0",
      "27:22:2"
    ],
    [
      "38:1:0",
      "40:1:2"
    ],
    [
      "41:1:0",
      "43:1:2"
    ],
    [
      "44:1:0",
      "46:1:2"
    ],
    [
      "49:22:0",
      "51:22:2"
    ],
    [
      "62:1:0",
      "64:1:2"
    ],
    [
      "65:1:0",
      "67:1:2"
    ],
    [
      "68:1:0",
      "70:1:2"
    ],
    [
      "73:26:0",
      "75:24:2"
    ],
    [
      "90:1:0",
      "90:1:2"
    ],
    [
      "93:1:0",
      "93:1:2"
    ],
    [
      "96:1:0",
      "96:1:2"
    ],
    [
      "136:16:0",
      "166:16:0"
    ],
    [
      "284:121:0",
      "48:83:3"
    ],
    [
      "300:4:0",
      "64:4:3"
    ],
    [
      "300:4:0",
      "64:4:3"
    ],
    [
      "311:18:0",
      "75:9:3"
    ],
    [
      "311:7:0",
      "75:7:3"
    ],
    [
      "335:17:0",
      "90:8:3"
    ],
    [
      "335:5:0",
      "90:5:3"
    ],
    [
      "358:17:0",
      "104:10:3"
    ],
    [
      "358:5:0",
      "104:7:3"
    ],
    [
      "381:21:0",
      "120:8:3"
    ],
    [
      "381:9:0",
      "120:5:3"
    ]
  ],
  "otherInstrumentation": [
    "241:38:0"
  ],
  "propertyMap": [],
  "originalSourceList": [
    "test/multifile_samples/import_rewrites/imp1.sol",
    "test/multifile_samples/import_rewrites/imp2.sol",
    "test/multifile_samples/import_rewrites/imp3.sol",
    "test/multifile_samples/import_rewrites/main.sol"
  ],
  "instrSourceList": [
    "--"
  ]
}
