{
  "instrToOriginalMap": [
    [
      "259:33:0",
      "27:33:1"
    ],
    [
      "280:9:0",
      "48:9:1"
    ],
    [
      "280:7:0",
      "48:7:1"
    ],
    [
      "147:34:0",
      "27:22:2"
    ],
    [
      "164:1:0",
      "40:1:2"
    ],
    [
      "171:1:0",
      "43:1:2"
    ],
    [
      "178:1:0",
      "46:1:2"
    ],
    [
      "183:34:0",
      "51:22:2"
    ],
    [
      "200:1:0",
      "64:1:2"
    ],
    [
      "207:1:0",
      "67:1:2"
    ],
    [
      "214:1:0",
      "70:1:2"
    ],
    [
      "219:38:0",
      "75:24:2"
    ],
    [
      "240:1:0",
      "90:1:2"
    ],
    [
      "247:1:0",
      "93:1:2"
    ],
    [
      "254:1:0",
      "96:1:2"
    ],
    [
      "294:16:0",
      "166:16:0"
    ],
    [
      "312:121:0",
      "48:83:3"
    ],
    [
      "328:4:0",
      "64:4:3"
    ],
    [
      "328:4:0",
      "64:4:3"
    ],
    [
      "339:18:0",
      "75:9:3"
    ],
    [
      "339:7:0",
      "75:7:3"
    ],
    [
      "363:17:0",
      "90:8:3"
    ],
    [
      "363:5:0",
      "90:5:3"
    ],
    [
      "386:17:0",
      "104:10:3"
    ],
    [
      "386:5:0",
      "104:7:3"
    ],
    [
      "409:21:0",
      "120:8:3"
    ],
    [
      "409:9:0",
      "120:5:3"
    ]
  ],
  "otherInstrumentation": [],
  "propertyMap": [],
  "originalSourceList": [
    "test/multifile_samples/import_rewrites/imp1.sol",
    "test/multifile_samples/import_rewrites/imp2.sol",
    "test/multifile_samples/import_rewrites/imp3.sol",
    "test/multifile_samples/import_rewrites/main.sol"
  ],
  "instrSourceList": [
    "--"
  ],
  "scribbleVersion": "0.7.0"
}