{
  "instrToOriginalMap": [
    [
      "164:26:0",
      "26:23:0"
    ],
    [
      "181:6:0",
      "40:6:0"
    ],
    [
      "181:4:0",
      "40:4:0"
    ],
    [
      "192:79:0",
      "47:111:3"
    ],
    [
      "211:15:0",
      "125:6:3"
    ],
    [
      "211:3:0",
      "125:3:3"
    ],
    [
      "232:15:0",
      "134:9:3"
    ],
    [
      "232:3:0",
      "134:6:3"
    ],
    [
      "253:15:0",
      "146:9:3"
    ],
    [
      "253:3:0",
      "146:6:3"
    ]
  ],
  "otherInstrumentation": [
    "360:38:0"
  ],
  "propertyMap": [],
  "originalSourceList": [
    "test/multifile_samples/reexported_imports/imp1.sol",
    "test/multifile_samples/reexported_imports/imp2.sol",
    "test/multifile_samples/reexported_imports/imp3.sol",
    "test/multifile_samples/reexported_imports/main.sol"
  ],
  "instrSourceList": [
    "--"
  ]
}