{
  "instrToOriginalMap": [
    [
      "147:18:0",
      "59:18:0"
    ],
    [
      "157:7:0",
      "69:7:0"
    ],
    [
      "237:69:0",
      "79:69:0"
    ],
    [
      "255:2:0",
      "97:2:0"
    ],
    [
      "266:3:0",
      "108:3:0"
    ],
    [
      "267:1:0",
      "109:1:0"
    ],
    [
      "267:1:0",
      "109:1:0"
    ],
    [
      "267:1:0",
      "109:1:0"
    ],
    [
      "270:36:0",
      "112:36:0"
    ],
    [
      "276:27:0",
      "118:27:0"
    ],
    [
      "283:20:0",
      "125:20:0"
    ],
    [
      "283:6:0",
      "125:6:0"
    ],
    [
      "283:1:0",
      "125:1:0"
    ],
    [
      "290:12:0",
      "132:12:0"
    ],
    [
      "290:7:0",
      "132:7:0"
    ],
    [
      "290:7:0",
      "132:7:0"
    ],
    [
      "298:3:0",
      "140:3:0"
    ],
    [
      "308:63:0",
      "150:63:0"
    ],
    [
      "320:10:0",
      "162:10:0"
    ],
    [
      "321:3:0",
      "163:3:0"
    ],
    [
      "321:1:0",
      "163:1:0"
    ],
    [
      "321:1:0",
      "163:1:0"
    ],
    [
      "326:3:0",
      "168:3:0"
    ],
    [
      "326:1:0",
      "168:1:0"
    ],
    [
      "326:1:0",
      "168:1:0"
    ],
    [
      "344:9:0",
      "186:9:0"
    ],
    [
      "345:7:0",
      "187:7:0"
    ],
    [
      "345:7:0",
      "187:7:0"
    ],
    [
      "354:17:0",
      "196:17:0"
    ],
    [
      "360:8:0",
      "202:8:0"
    ],
    [
      "367:1:0",
      "209:1:0"
    ],
    [
      "167:18:0",
      "26:18:1"
    ],
    [
      "177:7:0",
      "36:7:1"
    ],
    [
      "187:17:0",
      "45:15:1"
    ],
    [
      "199:4:0",
      "55:4:1"
    ],
    [
      "373:74:0",
      "62:66:1"
    ],
    [
      "385:7:0",
      "74:5:1"
    ],
    [
      "386:5:0",
      "75:3:1"
    ],
    [
      "386:3:0",
      "75:1:1"
    ],
    [
      "386:3:0",
      "75:1:1"
    ],
    [
      "401:5:0",
      "88:3:1"
    ],
    [
      "402:3:0",
      "89:1:1"
    ],
    [
      "402:3:0",
      "89:1:1"
    ],
    [
      "402:3:0",
      "89:1:1"
    ],
    [
      "407:40:0",
      "92:36:1"
    ],
    [
      "413:31:0",
      "98:27:1"
    ],
    [
      "420:24:0",
      "105:20:1"
    ],
    [
      "420:8:0",
      "105:6:1"
    ],
    [
      "420:3:0",
      "105:1:1"
    ],
    [
      "429:14:0",
      "112:12:1"
    ],
    [
      "430:13:0",
      "113:11:1"
    ],
    [
      "430:10:0",
      "113:8:1"
    ],
    [
      "430:3:0",
      "113:1:1"
    ],
    [
      "441:1:0",
      "122:1:1"
    ],
    [
      "449:91:0",
      "130:89:1"
    ],
    [
      "463:10:0",
      "142:10:1"
    ],
    [
      "464:3:0",
      "143:3:1"
    ],
    [
      "464:1:0",
      "143:1:1"
    ],
    [
      "464:1:0",
      "143:1:1"
    ],
    [
      "469:3:0",
      "148:3:1"
    ],
    [
      "469:1:0",
      "148:1:1"
    ],
    [
      "469:1:0",
      "148:1:1"
    ],
    [
      "487:3:0",
      "166:3:1"
    ],
    [
      "488:1:0",
      "167:1:1"
    ],
    [
      "488:1:0",
      "167:1:1"
    ],
    [
      "488:1:0",
      "167:1:1"
    ],
    [
      "491:49:0",
      "170:49:1"
    ],
    [
      "497:40:0",
      "176:40:1"
    ],
    [
      "504:33:0",
      "183:33:1"
    ],
    [
      "504:6:0",
      "183:6:1"
    ],
    [
      "504:1:0",
      "183:1:1"
    ],
    [
      "511:25:0",
      "190:25:1"
    ],
    [
      "511:11:0",
      "190:11:1"
    ],
    [
      "511:8:0",
      "190:8:1"
    ],
    [
      "511:1:0",
      "190:1:1"
    ],
    [
      "520:1:0",
      "199:1:1"
    ],
    [
      "525:11:0",
      "204:11:1"
    ],
    [
      "525:8:0",
      "204:8:1"
    ],
    [
      "525:1:0",
      "204:1:1"
    ],
    [
      "534:1:0",
      "213:1:1"
    ],
    [
      "206:29:0",
      "221:27:1"
    ],
    [
      "214:5:0",
      "229:3:1"
    ],
    [
      "226:1:0",
      "239:1:1"
    ],
    [
      "226:1:0",
      "239:1:1"
    ],
    [
      "542:437:0",
      "215:167:0"
    ],
    [
      "841:136:0",
      "262:118:0"
    ],
    [
      "869:2:0",
      "275:2:0"
    ],
    [
      "889:3:0",
      "293:3:0"
    ],
    [
      "890:1:0",
      "294:1:0"
    ],
    [
      "890:1:0",
      "294:1:0"
    ],
    [
      "890:1:0",
      "294:1:0"
    ],
    [
      "893:84:0",
      "297:83:0"
    ],
    [
      "903:15:0",
      "307:15:0"
    ],
    [
      "903:3:0",
      "307:3:0"
    ],
    [
      "903:1:0",
      "307:1:0"
    ],
    [
      "903:1:0",
      "307:1:0"
    ],
    [
      "909:9:0",
      "313:9:0"
    ],
    [
      "909:6:0",
      "313:6:0"
    ],
    [
      "909:1:0",
      "313:1:0"
    ],
    [
      "916:1:0",
      "320:1:0"
    ],
    [
      "928:15:0",
      "332:15:0"
    ],
    [
      "928:3:0",
      "332:3:0"
    ],
    [
      "928:1:0",
      "332:1:0"
    ],
    [
      "928:1:0",
      "332:1:0"
    ],
    [
      "934:9:0",
      "338:9:0"
    ],
    [
      "934:6:0",
      "338:6:0"
    ],
    [
      "934:1:0",
      "338:1:0"
    ],
    [
      "941:1:0",
      "345:1:0"
    ],
    [
      "953:17:0",
      "358:15:0"
    ],
    [
      "960:10:0",
      "365:8:0"
    ],
    [
      "960:7:0",
      "365:5:0"
    ],
    [
      "960:1:0",
      "365:1:0"
    ],
    [
      "968:1:0",
      "371:1:0"
    ],
    [
      "680:7:0",
      "240:17:0"
    ]
  ],
  "otherInstrumentation": [
    "594:7:0",
    "613:29:0",
    "1197:22:0",
    "1316:33:0",
    "1404:8:0",
    "1424:113:0",
    "1599:110:0"
  ],
  "propertyMap": [
    {
      "id": 0,
      "contract": "Test",
      "filename": "test/multifile_samples/using_for_free_funcs/sample.sol",
      "propertySource": "252:4:0",
      "annotationSource": "240:17:0",
      "annotationText": "if_succeeds true;",
      "target": "function",
      "type": "if_succeeds",
      "targetName": "main",
      "debugEventEncoding": [],
      "message": "",
      "instrumentationRanges": [
        "707:66:0",
        "676:143:0"
      ],
      "checkRanges": [
        "680:7:0"
      ],
      "assertionRanges": [
        "707:66:0",
        "791:13:0"
      ]
    }
  ],
  "originalSourceList": [
    "test/multifile_samples/using_for_free_funcs/sample.sol",
    "test/multifile_samples/using_for_free_funcs/util.sol"
  ],
  "instrSourceList": [
    "--"
  ],
  "scribbleVersion": "0.7.0"
}