{
  "instrToOriginalMap": [
    [
      "198:63:0",
      "59:63:0"
    ],
    [
      "210:10:0",
      "71:10:0"
    ],
    [
      "211:3:0",
      "72:3:0"
    ],
    [
      "211:1:0",
      "72:1:0"
    ],
    [
      "211:1:0",
      "72:1:0"
    ],
    [
      "216:3:0",
      "77:3:0"
    ],
    [
      "216:1:0",
      "77:1:0"
    ],
    [
      "216:1:0",
      "77:1:0"
    ],
    [
      "234:9:0",
      "95:9:0"
    ],
    [
      "235:7:0",
      "96:7:0"
    ],
    [
      "235:7:0",
      "96:7:0"
    ],
    [
      "244:17:0",
      "105:17:0"
    ],
    [
      "250:8:0",
      "111:8:0"
    ],
    [
      "257:1:0",
      "118:1:0"
    ],
    [
      "147:18:0",
      "26:18:1"
    ],
    [
      "157:7:0",
      "36:7:1"
    ],
    [
      "263:91:0",
      "46:89:1"
    ],
    [
      "277:10:0",
      "58:10:1"
    ],
    [
      "278:3:0",
      "59:3:1"
    ],
    [
      "278:1:0",
      "59:1:1"
    ],
    [
      "278:1:0",
      "59:1:1"
    ],
    [
      "283:3:0",
      "64:3:1"
    ],
    [
      "283:1:0",
      "64:1:1"
    ],
    [
      "283:1:0",
      "64:1:1"
    ],
    [
      "301:3:0",
      "82:3:1"
    ],
    [
      "302:1:0",
      "83:1:1"
    ],
    [
      "302:1:0",
      "83:1:1"
    ],
    [
      "302:1:0",
      "83:1:1"
    ],
    [
      "305:49:0",
      "86:49:1"
    ],
    [
      "311:40:0",
      "92:40:1"
    ],
    [
      "318:33:0",
      "99:33:1"
    ],
    [
      "318:6:0",
      "99:6:1"
    ],
    [
      "318:1:0",
      "99:1:1"
    ],
    [
      "325:25:0",
      "106:25:1"
    ],
    [
      "325:11:0",
      "106:11:1"
    ],
    [
      "325:8:0",
      "106:8:1"
    ],
    [
      "325:1:0",
      "106:1:1"
    ],
    [
      "334:1:0",
      "115:1:1"
    ],
    [
      "339:11:0",
      "120:11:1"
    ],
    [
      "339:8:0",
      "120:8:1"
    ],
    [
      "339:1:0",
      "120:1:1"
    ],
    [
      "348:1:0",
      "129:1:1"
    ],
    [
      "167:29:0",
      "137:27:1"
    ],
    [
      "175:5:0",
      "145:3:1"
    ],
    [
      "187:1:0",
      "155:1:1"
    ],
    [
      "187:1:0",
      "155:1:1"
    ],
    [
      "595:427:0",
      "124:167:0"
    ],
    [
      "885:135:0",
      "171:118:0"
    ],
    [
      "913:2:0",
      "184:2:0"
    ],
    [
      "932:3:0",
      "202:3:0"
    ],
    [
      "933:1:0",
      "203:1:0"
    ],
    [
      "933:1:0",
      "203:1:0"
    ],
    [
      "933:1:0",
      "203:1:0"
    ],
    [
      "936:84:0",
      "206:83:0"
    ],
    [
      "946:15:0",
      "216:15:0"
    ],
    [
      "946:3:0",
      "216:3:0"
    ],
    [
      "946:1:0",
      "216:1:0"
    ],
    [
      "946:1:0",
      "216:1:0"
    ],
    [
      "952:9:0",
      "222:9:0"
    ],
    [
      "952:6:0",
      "222:6:0"
    ],
    [
      "952:1:0",
      "222:1:0"
    ],
    [
      "959:1:0",
      "229:1:0"
    ],
    [
      "971:15:0",
      "241:15:0"
    ],
    [
      "971:3:0",
      "241:3:0"
    ],
    [
      "971:1:0",
      "241:1:0"
    ],
    [
      "971:1:0",
      "241:1:0"
    ],
    [
      "977:9:0",
      "247:9:0"
    ],
    [
      "977:6:0",
      "247:6:0"
    ],
    [
      "977:1:0",
      "247:1:0"
    ],
    [
      "984:1:0",
      "254:1:0"
    ],
    [
      "996:17:0",
      "267:15:0"
    ],
    [
      "1003:10:0",
      "274:8:0"
    ],
    [
      "1003:7:0",
      "274:5:0"
    ],
    [
      "1003:1:0",
      "274:1:0"
    ],
    [
      "1011:1:0",
      "280:1:0"
    ],
    [
      "763:7:0",
      "149:17:0"
    ]
  ],
  "otherInstrumentation": [
    "552:38:0",
    "677:7:0",
    "696:29:0"
  ],
  "propertyMap": [
    {
      "id": 0,
      "contract": "Test",
      "filename": "test/multifile_samples/using_for_free_funcs/sample.sol",
      "propertySource": "161:4:0",
      "annotationSource": "149:17:0",
      "target": "function",
      "type": "if_succeeds",
      "targetName": "main",
      "debugEventEncoding": [],
      "message": "",
      "instrumentationRanges": [
        "790:27:0",
        "759:104:0"
      ],
      "checkRanges": [
        "763:7:0"
      ],
      "assertionRanges": [
        "790:27:0",
        "835:13:0"
      ]
    }
  ],
  "originalSourceList": [
    "test/multifile_samples/using_for_free_funcs/sample.sol",
    "test/multifile_samples/using_for_free_funcs/util.sol"
  ],
  "instrSourceList": [
    "--"
  ]
}