{
  "instrToOriginalMap": [
    [
      "188:737:0",
      "60:31:0"
    ],
    [
      "282:19:0",
      "80:8:0"
    ],
    [
      "282:4:0",
      "80:4:0"
    ],
    [
      "300:1:0",
      "87:1:0"
    ],
    [
      "926:1310:0",
      "59:133:1"
    ],
    [
      "973:4:0",
      "78:4:1"
    ],
    [
      "973:4:0",
      "78:4:1"
    ],
    [
      "1581:69:0",
      "139:51:1"
    ],
    [
      "1610:8:0",
      "151:8:1"
    ],
    [
      "1611:6:0",
      "152:6:1"
    ],
    [
      "1611:4:0",
      "152:4:1"
    ],
    [
      "1627:23:0",
      "167:23:1"
    ],
    [
      "1637:6:0",
      "177:6:1"
    ],
    [
      "1637:6:0",
      "177:6:1"
    ],
    [
      "1637:1:0",
      "177:1:1"
    ],
    [
      "1642:1:0",
      "182:1:1"
    ],
    [
      "2237:1306:0",
      "59:134:2"
    ],
    [
      "2284:4:0",
      "78:4:2"
    ],
    [
      "2284:4:0",
      "78:4:2"
    ],
    [
      "2891:66:0",
      "138:48:2"
    ],
    [
      "2923:2:0",
      "153:2:2"
    ],
    [
      "2934:23:0",
      "163:23:2"
    ],
    [
      "2944:6:0",
      "173:6:2"
    ],
    [
      "2944:6:0",
      "173:6:2"
    ],
    [
      "2944:1:0",
      "173:1:2"
    ],
    [
      "2949:1:0",
      "178:1:2"
    ],
    [
      "449:8:0",
      "31:28:0"
    ],
    [
      "1312:22:0",
      "94:40:1"
    ],
    [
      "2622:22:0",
      "94:39:1"
    ]
  ],
  "otherInstrumentation": [
    "112:38:0",
    "701:49:0",
    "794:34:0",
    "838:35:0",
    "883:33:0",
    "1951:51:0",
    "2012:49:0",
    "2105:34:0",
    "2149:35:0",
    "2194:33:0",
    "1275:23:0",
    "1139:60:0",
    "1209:34:0",
    "1463:35:0",
    "1426:72:0",
    "1508:60:0",
    "3258:51:0",
    "3319:49:0",
    "3412:34:0",
    "3456:35:0",
    "3501:33:0",
    "2583:25:0",
    "2447:60:0",
    "2517:34:0",
    "2773:35:0",
    "2736:72:0",
    "2818:60:0",
    "1114:15:0",
    "2422:15:0"
  ],
  "propertyMap": [
    {
      "id": 0,
      "contract": "Base",
      "filename": "test/multifile_samples/proj1/base.sol",
      "propertySource": "53:5:0",
      "annotationSource": "31:28:0",
      "target": "contract",
      "targetName": "Base",
      "debugEventSignature": "",
      "message": "P0",
      "instrumentationRanges": [
        "473:29:0",
        "445:95:0"
      ],
      "checkRanges": [
        "449:8:0"
      ],
      "assertionRanges": [
        "473:29:0",
        "516:13:0"
      ]
    },
    {
      "id": 1,
      "contract": "Child1",
      "filename": "test/multifile_samples/proj1/child1.sol",
      "propertySource": "118:15:1",
      "annotationSource": "94:40:1",
      "target": "function",
      "targetName": "add",
      "debugEventSignature": "",
      "message": "P1",
      "instrumentationRanges": [
        "1253:12:0",
        "1350:29:0",
        "1308:109:0"
      ],
      "checkRanges": [
        "1312:22:0"
      ],
      "assertionRanges": [
        "1350:29:0",
        "1393:13:0"
      ]
    },
    {
      "id": 2,
      "contract": "Child2",
      "filename": "test/multifile_samples/proj1/child2.sol",
      "propertySource": "118:14:2",
      "annotationSource": "94:39:2",
      "target": "function",
      "targetName": "double",
      "debugEventSignature": "",
      "message": "P2",
      "instrumentationRanges": [
        "2561:12:0",
        "2660:29:0",
        "2618:109:0"
      ],
      "checkRanges": [
        "2622:22:0"
      ],
      "assertionRanges": [
        "2660:29:0",
        "2703:13:0"
      ]
    }
  ],
  "originalSourceList": [
    "test/multifile_samples/proj1/base.sol",
    "test/multifile_samples/proj1/child1.sol",
    "test/multifile_samples/proj1/child2.sol"
  ],
  "instrSourceList": [
    "--"
  ]
}