{
  "instrToOriginalMap": [
    [
      "189:858:0",
      "60:31:0"
    ],
    [
      "348:19:0",
      "80:8:0"
    ],
    [
      "348:4:0",
      "80:4:0"
    ],
    [
      "366:1:0",
      "87:1:0"
    ],
    [
      "1049:1369:0",
      "59:133:1"
    ],
    [
      "1096:4:0",
      "78:4:1"
    ],
    [
      "1096:4:0",
      "78:4:1"
    ],
    [
      "1763:69:0",
      "139:51:1"
    ],
    [
      "1792:8:0",
      "151:8:1"
    ],
    [
      "1793:6:0",
      "152:6:1"
    ],
    [
      "1793:4:0",
      "152:4:1"
    ],
    [
      "1809:23:0",
      "167:23:1"
    ],
    [
      "1819:6:0",
      "177:6:1"
    ],
    [
      "1819:6:0",
      "177:6:1"
    ],
    [
      "1819:1:0",
      "177:1:1"
    ],
    [
      "1824:1:0",
      "182:1:1"
    ],
    [
      "2420:1362:0",
      "59:134:2"
    ],
    [
      "2467:4:0",
      "78:4:2"
    ],
    [
      "2467:4:0",
      "78:4:2"
    ],
    [
      "3130:66:0",
      "138:48:2"
    ],
    [
      "3162:2:0",
      "153:2:2"
    ],
    [
      "3173:23:0",
      "163:23:2"
    ],
    [
      "3183:6:0",
      "173:6:2"
    ],
    [
      "3183:6:0",
      "173:6:2"
    ],
    [
      "3183:1:0",
      "173:1:2"
    ],
    [
      "3188:1:0",
      "178:1:2"
    ],
    [
      "515:8:0",
      "31:28:0"
    ],
    [
      "1435:22:0",
      "94:40:1"
    ],
    [
      "2805:22:0",
      "94:39:2"
    ]
  ],
  "otherInstrumentation": [
    "112:38:0",
    "823:49:0",
    "916:34:0",
    "960:35:0",
    "1005:33:0",
    "2133:51:0",
    "2194:49:0",
    "2287:34:0",
    "2331:35:0",
    "2376:33:0",
    "1398:23:0",
    "1262:60:0",
    "1332:34:0",
    "1608:72:0",
    "1690:60:0",
    "3497:51:0",
    "3558:49:0",
    "3651:34:0",
    "3695:35:0",
    "3740:33:0",
    "2766:25:0",
    "2630:60:0",
    "2700:34:0",
    "2975:72:0",
    "3057:60:0",
    "1237:15:0",
    "2605:15:0"
  ],
  "propertyMap": [
    {
      "id": 0,
      "contract": "Base",
      "filename": "test/multifile_samples/proj1/base.sol",
      "propertySource": "53:5:0",
      "annotationSource": "31:28:0",
      "target": "contract",
      "targetName": "Base",
      "debugEventEncoding": [
        [
          [
            "53:1:0"
          ],
          "uint256"
        ]
      ],
      "message": "P0",
      "instrumentationRanges": [
        "582:42:0",
        "539:29:0",
        "511:151:0"
      ],
      "checkRanges": [
        "515:8:0"
      ],
      "assertionRanges": [
        "539:29:0",
        "582:42:0",
        "638:13:0"
      ]
    },
    {
      "id": 1,
      "contract": "Child1",
      "filename": "test/multifile_samples/proj1/child1.sol",
      "propertySource": "118:15:1",
      "annotationSource": "94:40:1",
      "target": "function",
      "targetName": "add",
      "debugEventEncoding": [
        [
          [
            "118:1:0",
            "127:1:0"
          ],
          "uint256"
        ],
        [
          [
            "132:1:0"
          ],
          "uint256"
        ]
      ],
      "message": "P1",
      "instrumentationRanges": [
        "1376:12:0",
        "1516:45:0",
        "1473:29:0",
        "1431:168:0"
      ],
      "checkRanges": [
        "1435:22:0"
      ],
      "assertionRanges": [
        "1473:29:0",
        "1516:45:0",
        "1575:13:0"
      ]
    },
    {
      "id": 2,
      "contract": "Child2",
      "filename": "test/multifile_samples/proj1/child2.sol",
      "propertySource": "118:14:2",
      "annotationSource": "94:39:2",
      "target": "function",
      "targetName": "double",
      "debugEventEncoding": [
        [
          [
            "118:1:0",
            "130:1:0"
          ],
          "uint256"
        ]
      ],
      "message": "P2",
      "instrumentationRanges": [
        "2744:12:0",
        "2886:42:0",
        "2843:29:0",
        "2801:165:0"
      ],
      "checkRanges": [
        "2805:22:0"
      ],
      "assertionRanges": [
        "2843:29:0",
        "2886:42:0",
        "2942:13:0"
      ]
    }
  ],
  "originalSourceList": [
    "test/multifile_samples/proj1/base.sol",
    "test/multifile_samples/proj1/child1.sol",
    "test/multifile_samples/proj1/child2.sol"
  ],
  "instrSourceList": [
    "--"
  ]
}
