{
  "instrToOriginalMap": [
    [
      "181:795:0",
      "60:31:0"
    ],
    [
      "201:19:0",
      "80:8:0"
    ],
    [
      "201:4:0",
      "80:4:0"
    ],
    [
      "219:1:0",
      "87:1:0"
    ],
    [
      "3191:1452:0",
      "59:133:1"
    ],
    [
      "3210:4:0",
      "78:4:1"
    ],
    [
      "3210:4:0",
      "78:4:1"
    ],
    [
      "3969:70:0",
      "139:51:1"
    ],
    [
      "3998:8:0",
      "151:8:1"
    ],
    [
      "3999:6:0",
      "152:6:1"
    ],
    [
      "3999:4:0",
      "152:4:1"
    ],
    [
      "4016:23:0",
      "167:23:1"
    ],
    [
      "4026:6:0",
      "177:6:1"
    ],
    [
      "4026:6:0",
      "177:6:1"
    ],
    [
      "4026:1:0",
      "177:1:1"
    ],
    [
      "4031:1:0",
      "182:1:1"
    ],
    [
      "4645:1445:0",
      "59:134:2"
    ],
    [
      "4664:4:0",
      "78:4:2"
    ],
    [
      "4664:4:0",
      "78:4:2"
    ],
    [
      "5419:67:0",
      "138:48:2"
    ],
    [
      "5451:2:0",
      "153:2:2"
    ],
    [
      "5463:23:0",
      "163:23:2"
    ],
    [
      "5473:6:0",
      "173:6:2"
    ],
    [
      "5473:6:0",
      "173:6:2"
    ],
    [
      "5473:1:0",
      "173:1:2"
    ],
    [
      "5478:1:0",
      "178:1:2"
    ],
    [
      "368:8:0",
      "31:28:0"
    ],
    [
      "3569:22:0",
      "94:40:1"
    ],
    [
      "5022:22:0",
      "94:39:2"
    ]
  ],
  "otherInstrumentation": [
    "1193:22:0",
    "1312:33:0",
    "1400:8:0",
    "1420:113:0",
    "1595:110:0",
    "736:49:0",
    "829:41:0",
    "880:35:0",
    "925:42:0",
    "4340:51:0",
    "4401:49:0",
    "1931:22:0",
    "2050:33:0",
    "2138:8:0",
    "2158:113:0",
    "2333:110:0",
    "4494:42:0",
    "4546:35:0",
    "4591:43:0",
    "3532:23:0",
    "3376:72:0",
    "3458:42:0",
    "3804:72:0",
    "3886:70:0",
    "5787:51:0",
    "5848:49:0",
    "2669:22:0",
    "2788:33:0",
    "2876:8:0",
    "2896:113:0",
    "3071:110:0",
    "5941:42:0",
    "5993:35:0",
    "6038:43:0",
    "4983:25:0",
    "4827:72:0",
    "4909:42:0",
    "5254:72:0",
    "5336:70:0",
    "3351:15:0",
    "4802:15:0"
  ],
  "propertyMap": [
    {
      "id": 0,
      "contract": "Base",
      "filename": "test/multifile_samples/proj1/base.sol",
      "propertySource": "53:5:0",
      "annotationSource": "31:28:0",
      "annotationText": "invariant {:msg \"P0\"} x > 0;",
      "target": "contract",
      "type": "invariant",
      "targetName": "Base",
      "debugEventEncoding": [
        [
          "x",
          [
            "53:1:0"
          ],
          "uint256"
        ]
      ],
      "message": "P0",
      "instrumentationRanges": [
        "392:64:0",
        "470:67:0",
        "364:211:0"
      ],
      "checkRanges": [
        "368:8:0"
      ],
      "assertionRanges": [
        "392:64:0",
        "470:67:0",
        "551:13:0"
      ]
    },
    {
      "id": 1,
      "contract": "Child1",
      "filename": "test/multifile_samples/proj1/child1.sol",
      "propertySource": "118:15:1",
      "annotationSource": "94:40:1",
      "annotationText": "if_succeeds {:msg \"P1\"} x == old(x) + y;",
      "target": "function",
      "type": "if_succeeds",
      "targetName": "add",
      "debugEventEncoding": [
        [
          "x",
          [
            "118:1:1",
            "127:1:1"
          ],
          "uint256"
        ],
        [
          "y",
          [
            "132:1:1"
          ],
          "uint256"
        ]
      ],
      "message": "P1",
      "instrumentationRanges": [
        "3510:12:0",
        "3607:68:0",
        "3689:68:0",
        "3565:230:0"
      ],
      "checkRanges": [
        "3569:22:0"
      ],
      "assertionRanges": [
        "3607:68:0",
        "3689:68:0",
        "3771:13:0"
      ]
    },
    {
      "id": 2,
      "contract": "Child2",
      "filename": "test/multifile_samples/proj1/child2.sol",
      "propertySource": "118:14:2",
      "annotationSource": "94:39:2",
      "annotationText": "if_succeeds {:msg \"P2\"} x == 2* old(x);",
      "target": "function",
      "type": "if_succeeds",
      "targetName": "double",
      "debugEventEncoding": [
        [
          "x",
          [
            "118:1:2",
            "130:1:2"
          ],
          "uint256"
        ]
      ],
      "message": "P2",
      "instrumentationRanges": [
        "4961:12:0",
        "5060:65:0",
        "5139:68:0",
        "5018:227:0"
      ],
      "checkRanges": [
        "5022:22:0"
      ],
      "assertionRanges": [
        "5060:65:0",
        "5139:68:0",
        "5221:13:0"
      ]
    }
  ],
  "originalSourceList": [
    "test/multifile_samples/proj1/base.sol",
    "test/multifile_samples/proj1/child1.sol",
    "test/multifile_samples/proj1/child2.sol"
  ],
  "instrSourceList": [
    "--"
  ],
  "scribbleVersion": "0.7.0"
}