{
  "instrToOriginalMap": [
    [
      "8697:626:0",
      "24:715:0"
    ],
    [
      "8830:31:0",
      "62:23:0"
    ],
    [
      "8867:20:0",
      "120:34:0"
    ],
    [
      "8893:18:0",
      "161:9:0"
    ],
    [
      "8893:6:0",
      "161:6:0"
    ],
    [
      "8917:42:0",
      "195:44:0"
    ],
    [
      "8965:35:0",
      "273:26:0"
    ],
    [
      "9006:34:0",
      "346:26:0"
    ],
    [
      "9006:23:0",
      "346:24:0"
    ],
    [
      "9006:21:0",
      "346:22:0"
    ],
    [
      "9014:4:0",
      "355:4:0"
    ],
    [
      "9022:4:0",
      "363:4:0"
    ],
    [
      "9046:33:0",
      "417:26:0"
    ],
    [
      "9046:22:0",
      "417:24:0"
    ],
    [
      "9085:44:0",
      "483:44:0"
    ],
    [
      "9135:45:0",
      "566:44:0"
    ],
    [
      "9135:34:0",
      "566:42:0"
    ],
    [
      "9143:6:0",
      "575:6:0"
    ],
    [
      "8717:66:0",
      "617:68:0"
    ],
    [
      "8737:21:0",
      "637:23:0"
    ],
    [
      "8768:8:0",
      "670:8:0"
    ],
    [
      "8768:4:0",
      "670:4:0"
    ],
    [
      "8789:35:0",
      "691:35:0"
    ],
    [
      "8809:8:0",
      "711:8:0"
    ],
    [
      "8809:4:0",
      "711:4:0"
    ],
    [
      "8809:2:0",
      "711:2:0"
    ],
    [
      "8809:2:0",
      "711:2:0"
    ],
    [
      "9186:13:0",
      "732:4:0"
    ],
    [
      "9186:2:0",
      "732:2:0"
    ],
    [
      "9186:2:0",
      "732:2:0"
    ],
    [
      "9324:9982:0",
      "45:1840:1"
    ],
    [
      "9340:4:0",
      "61:4:1"
    ],
    [
      "9340:4:0",
      "61:4:1"
    ],
    [
      "11114:108:0",
      "123:70:1"
    ],
    [
      "11141:20:0",
      "136:20:1"
    ],
    [
      "11142:8:0",
      "137:8:1"
    ],
    [
      "11142:4:0",
      "137:4:1"
    ],
    [
      "11152:8:0",
      "147:8:1"
    ],
    [
      "11152:4:0",
      "147:4:1"
    ],
    [
      "11170:52:0",
      "164:29:1"
    ],
    [
      "11180:35:0",
      "174:12:1"
    ],
    [
      "11180:35:0",
      "174:12:1"
    ],
    [
      "11203:1:0",
      "174:1:1"
    ],
    [
      "11206:3:0",
      "176:3:1"
    ],
    [
      "11211:3:0",
      "183:3:1"
    ],
    [
      "11804:93:0",
      "250:56:1"
    ],
    [
      "11831:10:0",
      "263:10:1"
    ],
    [
      "11832:8:0",
      "264:8:1"
    ],
    [
      "11832:4:0",
      "264:4:1"
    ],
    [
      "11850:47:0",
      "281:25:1"
    ],
    [
      "11860:30:0",
      "291:8:1"
    ],
    [
      "11860:30:0",
      "291:8:1"
    ],
    [
      "11883:1:0",
      "291:1:1"
    ],
    [
      "11886:3:0",
      "293:3:1"
    ],
    [
      "12499:108:0",
      "374:72:1"
    ],
    [
      "12526:26:0",
      "387:26:1"
    ],
    [
      "12527:15:0",
      "388:15:1"
    ],
    [
      "12527:6:0",
      "388:6:1"
    ],
    [
      "12544:7:0",
      "405:7:1"
    ],
    [
      "12544:5:0",
      "405:5:1"
    ],
    [
      "12561:46:0",
      "421:25:1"
    ],
    [
      "12571:29:0",
      "431:8:1"
    ],
    [
      "12571:29:0",
      "431:8:1"
    ],
    [
      "12591:2:0",
      "431:1:1"
    ],
    [
      "12595:1:0",
      "433:1:1"
    ],
    [
      "12598:1:0",
      "438:1:1"
    ],
    [
      "13600:155:0",
      "541:83:1"
    ],
    [
      "13627:34:0",
      "554:34:1"
    ],
    [
      "13628:15:0",
      "555:15:1"
    ],
    [
      "13628:6:0",
      "555:6:1"
    ],
    [
      "13645:7:0",
      "572:7:1"
    ],
    [
      "13645:5:0",
      "572:5:1"
    ],
    [
      "13654:6:0",
      "581:6:1"
    ],
    [
      "13654:4:0",
      "581:4:1"
    ],
    [
      "13670:85:0",
      "596:28:1"
    ],
    [
      "13680:68:0",
      "606:11:1"
    ],
    [
      "13680:68:0",
      "606:11:1"
    ],
    [
      "13698:43:0",
      "606:4:1"
    ],
    [
      "13736:1:0",
      "606:1:1"
    ],
    [
      "13739:1:0",
      "608:1:1"
    ],
    [
      "13743:1:0",
      "611:1:1"
    ],
    [
      "13746:1:0",
      "616:1:1"
    ],
    [
      "14364:113:0",
      "689:71:1"
    ],
    [
      "14391:25:0",
      "702:25:1"
    ],
    [
      "14392:6:0",
      "703:6:1"
    ],
    [
      "14392:4:0",
      "703:4:1"
    ],
    [
      "14400:15:0",
      "711:15:1"
    ],
    [
      "14400:6:0",
      "711:6:1"
    ],
    [
      "14400:4:0",
      "711:4:1"
    ],
    [
      "14425:52:0",
      "735:25:1"
    ],
    [
      "14435:35:0",
      "745:8:1"
    ],
    [
      "14435:35:0",
      "745:8:1"
    ],
    [
      "14462:1:0",
      "745:1:1"
    ],
    [
      "14465:1:0",
      "747:1:1"
    ],
    [
      "14468:1:0",
      "752:1:1"
    ],
    [
      "14483:49:0",
      "766:49:1"
    ],
    [
      "14497:2:0",
      "780:2:1"
    ],
    [
      "14507:25:0",
      "790:25:1"
    ],
    [
      "14517:8:0",
      "800:8:1"
    ],
    [
      "14517:8:0",
      "800:8:1"
    ],
    [
      "14517:6:0",
      "800:6:1"
    ],
    [
      "14517:1:0",
      "800:1:1"
    ],
    [
      "15067:88:0",
      "875:73:1"
    ],
    [
      "15094:24:0",
      "888:24:1"
    ],
    [
      "15095:6:0",
      "889:6:1"
    ],
    [
      "15095:4:0",
      "889:4:1"
    ],
    [
      "15103:6:0",
      "897:6:1"
    ],
    [
      "15103:4:0",
      "897:4:1"
    ],
    [
      "15111:6:0",
      "905:6:1"
    ],
    [
      "15111:4:0",
      "905:4:1"
    ],
    [
      "15127:28:0",
      "920:28:1"
    ],
    [
      "15137:11:0",
      "930:11:1"
    ],
    [
      "15137:11:0",
      "930:11:1"
    ],
    [
      "15137:7:0",
      "930:7:1"
    ],
    [
      "15137:4:0",
      "930:4:1"
    ],
    [
      "15137:1:0",
      "930:1:1"
    ],
    [
      "15139:1:0",
      "932:1:1"
    ],
    [
      "15142:1:0",
      "935:1:1"
    ],
    [
      "15147:1:0",
      "940:1:1"
    ],
    [
      "15161:49:0",
      "954:49:1"
    ],
    [
      "15175:2:0",
      "968:2:1"
    ],
    [
      "15185:25:0",
      "978:25:1"
    ],
    [
      "15195:8:0",
      "988:8:1"
    ],
    [
      "15195:8:0",
      "988:8:1"
    ],
    [
      "15195:6:0",
      "988:6:1"
    ],
    [
      "15195:1:0",
      "988:1:1"
    ],
    [
      "15822:111:0",
      "1067:73:1"
    ],
    [
      "15849:24:0",
      "1080:24:1"
    ],
    [
      "15850:6:0",
      "1081:6:1"
    ],
    [
      "15850:4:0",
      "1081:4:1"
    ],
    [
      "15858:6:0",
      "1089:6:1"
    ],
    [
      "15858:4:0",
      "1089:4:1"
    ],
    [
      "15866:6:0",
      "1097:6:1"
    ],
    [
      "15866:4:0",
      "1097:4:1"
    ],
    [
      "15882:51:0",
      "1112:28:1"
    ],
    [
      "15892:34:0",
      "1122:11:1"
    ],
    [
      "15892:34:0",
      "1122:11:1"
    ],
    [
      "15915:4:0",
      "1122:4:1"
    ],
    [
      "15915:1:0",
      "1122:1:1"
    ],
    [
      "15917:1:0",
      "1124:1:1"
    ],
    [
      "15921:1:0",
      "1127:1:1"
    ],
    [
      "15924:1:0",
      "1132:1:1"
    ],
    [
      "16559:139:0",
      "1210:83:1"
    ],
    [
      "16586:34:0",
      "1223:34:1"
    ],
    [
      "16587:15:0",
      "1224:15:1"
    ],
    [
      "16587:6:0",
      "1224:6:1"
    ],
    [
      "16604:7:0",
      "1241:7:1"
    ],
    [
      "16604:5:0",
      "1241:5:1"
    ],
    [
      "16613:6:0",
      "1250:6:1"
    ],
    [
      "16613:4:0",
      "1250:4:1"
    ],
    [
      "16629:69:0",
      "1265:28:1"
    ],
    [
      "16639:52:0",
      "1275:11:1"
    ],
    [
      "16639:52:0",
      "1275:11:1"
    ],
    [
      "16639:48:0",
      "1275:7:1"
    ],
    [
      "16639:45:0",
      "1275:4:1"
    ],
    [
      "16679:1:0",
      "1275:1:1"
    ],
    [
      "16682:1:0",
      "1277:1:1"
    ],
    [
      "16685:1:0",
      "1280:1:1"
    ],
    [
      "16690:1:0",
      "1285:1:1"
    ],
    [
      "17315:116:0",
      "1358:83:1"
    ],
    [
      "17342:34:0",
      "1371:34:1"
    ],
    [
      "17343:15:0",
      "1372:15:1"
    ],
    [
      "17343:6:0",
      "1372:6:1"
    ],
    [
      "17360:7:0",
      "1389:7:1"
    ],
    [
      "17360:5:0",
      "1389:5:1"
    ],
    [
      "17369:6:0",
      "1398:6:1"
    ],
    [
      "17369:4:0",
      "1398:4:1"
    ],
    [
      "17385:46:0",
      "1413:28:1"
    ],
    [
      "17395:29:0",
      "1423:11:1"
    ],
    [
      "17395:29:0",
      "1423:11:1"
    ],
    [
      "17413:4:0",
      "1423:4:1"
    ],
    [
      "17413:1:0",
      "1423:1:1"
    ],
    [
      "17415:1:0",
      "1425:1:1"
    ],
    [
      "17419:1:0",
      "1428:1:1"
    ],
    [
      "17422:1:0",
      "1433:1:1"
    ],
    [
      "17437:53:0",
      "1447:53:1"
    ],
    [
      "17451:2:0",
      "1461:2:1"
    ],
    [
      "17461:29:0",
      "1471:29:1"
    ],
    [
      "17471:12:0",
      "1481:12:1"
    ],
    [
      "17471:12:0",
      "1481:12:1"
    ],
    [
      "17471:10:0",
      "1481:10:1"
    ],
    [
      "17471:5:0",
      "1481:5:1"
    ],
    [
      "17471:1:0",
      "1481:1:1"
    ],
    [
      "18148:129:0",
      "1589:92:1"
    ],
    [
      "18175:35:0",
      "1602:35:1"
    ],
    [
      "18176:8:0",
      "1603:8:1"
    ],
    [
      "18176:4:0",
      "1603:4:1"
    ],
    [
      "18186:15:0",
      "1613:15:1"
    ],
    [
      "18186:6:0",
      "1613:6:1"
    ],
    [
      "18203:6:0",
      "1630:6:1"
    ],
    [
      "18203:4:0",
      "1630:4:1"
    ],
    [
      "18219:58:0",
      "1645:36:1"
    ],
    [
      "18229:41:0",
      "1655:19:1"
    ],
    [
      "18229:41:0",
      "1655:19:1"
    ],
    [
      "18251:12:0",
      "1655:12:1"
    ],
    [
      "18251:10:0",
      "1655:10:1"
    ],
    [
      "18251:5:0",
      "1655:5:1"
    ],
    [
      "18251:1:0",
      "1655:1:1"
    ],
    [
      "18257:3:0",
      "1661:3:1"
    ],
    [
      "18265:1:0",
      "1668:1:1"
    ],
    [
      "18268:1:0",
      "1673:1:1"
    ],
    [
      "19174:130:0",
      "1790:93:1"
    ],
    [
      "19202:35:0",
      "1804:35:1"
    ],
    [
      "19203:8:0",
      "1805:8:1"
    ],
    [
      "19203:4:0",
      "1805:4:1"
    ],
    [
      "19213:15:0",
      "1815:15:1"
    ],
    [
      "19213:6:0",
      "1815:6:1"
    ],
    [
      "19230:6:0",
      "1832:6:1"
    ],
    [
      "19230:4:0",
      "1832:4:1"
    ],
    [
      "19246:58:0",
      "1847:36:1"
    ],
    [
      "19256:41:0",
      "1857:19:1"
    ],
    [
      "19256:41:0",
      "1857:19:1"
    ],
    [
      "19278:12:0",
      "1857:12:1"
    ],
    [
      "19278:10:0",
      "1857:10:1"
    ],
    [
      "19278:5:0",
      "1857:5:1"
    ],
    [
      "19278:1:0",
      "1857:1:1"
    ],
    [
      "19284:3:0",
      "1863:3:1"
    ],
    [
      "19292:1:0",
      "1870:1:1"
    ],
    [
      "19295:1:0",
      "1875:1:1"
    ],
    [
      "10921:14:0",
      "77:41:1"
    ],
    [
      "11611:14:0",
      "204:41:1"
    ],
    [
      "12306:14:0",
      "317:52:1"
    ],
    [
      "13400:14:0",
      "457:79:1"
    ],
    [
      "14171:14:0",
      "635:49:1"
    ],
    [
      "14874:14:0",
      "825:45:1"
    ],
    [
      "15626:14:0",
      "1014:48:1"
    ],
    [
      "16366:14:0",
      "1151:54:1"
    ],
    [
      "17119:14:0",
      "1304:49:1"
    ],
    [
      "17949:15:0",
      "1511:73:1"
    ],
    [
      "18970:15:0",
      "1692:93:1"
    ]
  ],
  "otherInstrumentation": [
    "111:38:0",
    "395:233:0",
    "693:317:0",
    "1101:182:0",
    "1092:7:0",
    "1232:6:0",
    "18229:21:0",
    "19256:21:0",
    "1629:233:0",
    "1919:308:0",
    "2304:182:0",
    "2298:4:0",
    "2435:6:0",
    "13680:17:0",
    "2838:233:0",
    "3130:310:0",
    "3525:182:0",
    "3516:7:0",
    "3656:6:0",
    "15892:22:0",
    "17395:17:0",
    "11180:22:0",
    "3783:76:0",
    "3770:11:0",
    "11860:22:0",
    "4213:233:0",
    "4511:317:0",
    "4915:182:0",
    "4908:5:0",
    "5046:6:0",
    "12571:19:0",
    "5459:233:0",
    "5757:317:0",
    "6597:233:0",
    "6889:310:0",
    "7303:90:0",
    "7284:17:0",
    "7342:6:0",
    "14435:26:0",
    "7770:233:0",
    "8068:317:0",
    "6172:61:0",
    "6147:23:0",
    "6182:6:0",
    "13698:37:0",
    "8490:61:0",
    "8458:30:0",
    "8500:6:0",
    "16639:39:0",
    "9267:54:0",
    "5178:37:0",
    "5171:5:0",
    "9284:19:0",
    "9254:11:0",
    "10599:28:0",
    "3936:37:0",
    "3927:7:0",
    "11294:23:0",
    "11985:24:0",
    "12703:27:0",
    "6332:37:0",
    "6307:23:0",
    "2558:37:0",
    "2552:4:0",
    "13842:24:0",
    "7480:37:0",
    "7461:17:0",
    "14618:27:0",
    "15296:27:0",
    "16029:27:0",
    "8657:37:0",
    "8625:30:0",
    "16794:27:0",
    "17587:29:0",
    "1366:37:0",
    "1357:7:0",
    "18376:30:0",
    "10574:15:0",
    "11269:15:0",
    "11960:15:0",
    "12678:15:0",
    "13817:15:0",
    "14593:15:0",
    "15271:15:0",
    "16004:15:0",
    "16769:15:0",
    "17562:15:0",
    "18350:16:0"
  ],
  "propertyMap": [
    {
      "id": 0,
      "contract": "Foo",
      "filename": "test/multifile_samples/forall_maps/child.sol",
      "propertySource": "89:28:1",
      "annotationSource": "77:41:1",
      "target": "function",
      "targetName": "setA",
      "debugEventEncoding": [
        [
          [
            "111:1:0"
          ],
          "uint256"
        ]
      ],
      "message": "",
      "instrumentationRanges": [
        "10661:18:0",
        "10693:211:0",
        "10798:50:0",
        "10866:23:0",
        "11000:46:0",
        "10955:27:0",
        "10917:175:0"
      ],
      "checkRanges": [
        "10921:14:0"
      ],
      "assertionRanges": [
        "10955:27:0",
        "11000:46:0",
        "11064:13:0"
      ]
    },
    {
      "id": 1,
      "contract": "Foo",
      "filename": "test/multifile_samples/forall_maps/child.sol",
      "propertySource": "216:28:1",
      "annotationSource": "204:41:1",
      "target": "function",
      "targetName": "decA",
      "debugEventEncoding": [
        [
          [
            "238:1:0"
          ],
          "uint256"
        ]
      ],
      "message": "",
      "instrumentationRanges": [
        "11351:18:0",
        "11383:211:0",
        "11488:50:0",
        "11556:23:0",
        "11690:46:0",
        "11645:27:0",
        "11607:175:0"
      ],
      "checkRanges": [
        "11611:14:0"
      ],
      "assertionRanges": [
        "11645:27:0",
        "11690:46:0",
        "11754:13:0"
      ]
    },
    {
      "id": 2,
      "contract": "Foo",
      "filename": "test/multifile_samples/forall_maps/child.sol",
      "propertySource": "329:39:1",
      "annotationSource": "317:52:1",
      "target": "function",
      "targetName": "setC",
      "debugEventEncoding": [
        [
          [
            "361:1:0"
          ],
          "string memory"
        ]
      ],
      "message": "",
      "instrumentationRanges": [
        "12043:18:0",
        "12075:214:0",
        "12182:51:0",
        "12251:23:0",
        "12385:46:0",
        "12340:27:0",
        "12302:175:0"
      ],
      "checkRanges": [
        "12306:14:0"
      ],
      "assertionRanges": [
        "12340:27:0",
        "12385:46:0",
        "12449:13:0"
      ]
    },
    {
      "id": 3,
      "contract": "Foo",
      "filename": "test/multifile_samples/forall_maps/child.sol",
      "propertySource": "469:66:1",
      "annotationSource": "457:79:1",
      "target": "function",
      "targetName": "setD",
      "debugEventEncoding": [
        [
          [
            "520:1:0",
            "526:1:0"
          ],
          "string memory"
        ],
        [
          [
            "529:1:0"
          ],
          "uint8"
        ]
      ],
      "message": "",
      "instrumentationRanges": [
        "12764:18:0",
        "12796:587:0",
        "12901:18:0",
        "12937:348:0",
        "13134:87:0",
        "13243:23:0",
        "13302:25:0",
        "13345:23:0",
        "13479:53:0",
        "13434:27:0",
        "13396:182:0"
      ],
      "checkRanges": [
        "13400:14:0"
      ],
      "assertionRanges": [
        "13434:27:0",
        "13479:53:0",
        "13550:13:0"
      ]
    },
    {
      "id": 4,
      "contract": "Foo",
      "filename": "test/multifile_samples/forall_maps/child.sol",
      "propertySource": "647:36:1",
      "annotationSource": "635:49:1",
      "target": "function",
      "targetName": "setE",
      "debugEventEncoding": [
        [
          [
            "670:1:0"
          ],
          "uint256"
        ]
      ],
      "message": "",
      "instrumentationRanges": [
        "13900:18:0",
        "13932:222:0",
        "14037:61:0",
        "14116:23:0",
        "14250:46:0",
        "14205:27:0",
        "14167:175:0"
      ],
      "checkRanges": [
        "14171:14:0"
      ],
      "assertionRanges": [
        "14205:27:0",
        "14250:46:0",
        "14314:13:0"
      ]
    },
    {
      "id": 5,
      "contract": "Foo",
      "filename": "test/multifile_samples/forall_maps/child.sol",
      "propertySource": "837:32:1",
      "annotationSource": "825:45:1",
      "target": "function",
      "targetName": "setF",
      "debugEventEncoding": [
        [
          [
            "860:1:0"
          ],
          "uint256"
        ]
      ],
      "message": "",
      "instrumentationRanges": [
        "14679:18:0",
        "14711:146:0",
        "14772:29:0",
        "14819:23:0",
        "14953:46:0",
        "14908:27:0",
        "14870:175:0"
      ],
      "checkRanges": [
        "14874:14:0"
      ],
      "assertionRanges": [
        "14908:27:0",
        "14953:46:0",
        "15017:13:0"
      ]
    },
    {
      "id": 6,
      "contract": "Foo",
      "filename": "test/multifile_samples/forall_maps/child.sol",
      "propertySource": "1026:35:1",
      "annotationSource": "1014:48:1",
      "target": "function",
      "targetName": "setG",
      "debugEventEncoding": [
        [
          [
            "1046:1:0",
            "1052:1:0"
          ],
          "uint256"
        ],
        [
          [
            "1055:1:0"
          ],
          "uint256"
        ]
      ],
      "message": "",
      "instrumentationRanges": [
        "15357:18:0",
        "15389:220:0",
        "15500:53:0",
        "15571:23:0",
        "15705:49:0",
        "15660:27:0",
        "15622:178:0"
      ],
      "checkRanges": [
        "15626:14:0"
      ],
      "assertionRanges": [
        "15660:27:0",
        "15705:49:0",
        "15772:13:0"
      ]
    },
    {
      "id": 7,
      "contract": "Foo",
      "filename": "test/multifile_samples/forall_maps/child.sol",
      "propertySource": "1163:41:1",
      "annotationSource": "1151:54:1",
      "target": "function",
      "targetName": "setH",
      "debugEventEncoding": [
        [
          [
            "1195:1:0"
          ],
          "string memory"
        ]
      ],
      "message": "",
      "instrumentationRanges": [
        "16090:18:0",
        "16122:227:0",
        "16227:66:0",
        "16311:23:0",
        "16445:46:0",
        "16400:27:0",
        "16362:175:0"
      ],
      "checkRanges": [
        "16366:14:0"
      ],
      "assertionRanges": [
        "16400:27:0",
        "16445:46:0",
        "16509:13:0"
      ]
    },
    {
      "id": 8,
      "contract": "Foo",
      "filename": "test/multifile_samples/forall_maps/child.sol",
      "propertySource": "1316:36:1",
      "annotationSource": "1304:49:1",
      "target": "function",
      "targetName": "setI",
      "debugEventEncoding": [
        [
          [
            "1337:1:0",
            "1343:1:0"
          ],
          "string memory"
        ],
        [
          [
            "1346:1:0"
          ],
          "uint8"
        ]
      ],
      "message": "",
      "instrumentationRanges": [
        "16855:18:0",
        "16887:215:0",
        "16998:48:0",
        "17064:23:0",
        "17198:49:0",
        "17153:27:0",
        "17115:178:0"
      ],
      "checkRanges": [
        "17119:14:0"
      ],
      "assertionRanges": [
        "17153:27:0",
        "17198:49:0",
        "17265:13:0"
      ]
    },
    {
      "id": 9,
      "contract": "Foo",
      "filename": "test/multifile_samples/forall_maps/child.sol",
      "propertySource": "1523:60:1",
      "annotationSource": "1511:73:1",
      "target": "function",
      "targetName": "setJ",
      "debugEventEncoding": [
        [
          [
            "1556:3:0",
            "1570:3:0"
          ],
          "uint256"
        ],
        [
          [
            "1577:1:0"
          ],
          "string memory"
        ]
      ],
      "message": "",
      "instrumentationRanges": [
        "17650:19:0",
        "17683:249:0",
        "17814:61:0",
        "17893:24:0",
        "18029:51:0",
        "17984:27:0",
        "17945:181:0"
      ],
      "checkRanges": [
        "17949:15:0"
      ],
      "assertionRanges": [
        "17984:27:0",
        "18029:51:0",
        "18098:13:0"
      ]
    },
    {
      "id": 10,
      "contract": "Foo",
      "filename": "test/multifile_samples/forall_maps/child.sol",
      "propertySource": "1704:80:1",
      "annotationSource": "1692:93:1",
      "target": "function",
      "targetName": "setJ2",
      "debugEventEncoding": [
        [
          [
            "1761:1:0",
            "1773:1:0"
          ],
          "uint256"
        ],
        [
          [
            "1778:1:0"
          ],
          "string memory"
        ]
      ],
      "message": "",
      "instrumentationRanges": [
        "18440:19:0",
        "18473:480:0",
        "18541:19:0",
        "18578:274:0",
        "18723:64:0",
        "18809:24:0",
        "18869:27:0",
        "18914:24:0",
        "19051:55:0",
        "19005:28:0",
        "18966:186:0"
      ],
      "checkRanges": [
        "18970:15:0"
      ],
      "assertionRanges": [
        "19005:28:0",
        "19051:55:0",
        "19124:13:0"
      ]
    }
  ],
  "originalSourceList": [
    "test/multifile_samples/forall_maps/base.sol",
    "test/multifile_samples/forall_maps/child.sol"
  ],
  "instrSourceList": [
    "--"
  ],
  "scribbleVersion": "0.5.2"
}