{
  "instrToOriginalMap": [
    [
      "24:631:0",
      "24:715:0"
    ],
    [
      "157:31:0",
      "62:23:0"
    ],
    [
      "194:20:0",
      "120:34:0"
    ],
    [
      "220:18:0",
      "161:9:0"
    ],
    [
      "220:6:0",
      "161:6:0"
    ],
    [
      "244:42:0",
      "195:44:0"
    ],
    [
      "292:35:0",
      "273:26:0"
    ],
    [
      "333:34:0",
      "346:26:0"
    ],
    [
      "333:23:0",
      "346:24:0"
    ],
    [
      "333:21:0",
      "346:22:0"
    ],
    [
      "341:4:0",
      "355:4:0"
    ],
    [
      "349:4:0",
      "363:4:0"
    ],
    [
      "373:33:0",
      "417:26:0"
    ],
    [
      "373:22:0",
      "417:24:0"
    ],
    [
      "412:44:0",
      "483:44:0"
    ],
    [
      "462:45:0",
      "566:44:0"
    ],
    [
      "462:34:0",
      "566:42:0"
    ],
    [
      "470:6:0",
      "575:6:0"
    ],
    [
      "44:66:0",
      "617:68:0"
    ],
    [
      "64:21:0",
      "637:23:0"
    ],
    [
      "95:8:0",
      "670:8:0"
    ],
    [
      "95:4:0",
      "670:4:0"
    ],
    [
      "116:35:0",
      "691:35:0"
    ],
    [
      "136:8:0",
      "711:8:0"
    ],
    [
      "136:4:0",
      "711:4:0"
    ],
    [
      "136:2:0",
      "711:2:0"
    ],
    [
      "136:2:0",
      "711:2:0"
    ],
    [
      "513:13:0",
      "732:4:0"
    ],
    [
      "513:2:0",
      "732:2:0"
    ],
    [
      "513:2:0",
      "732:2:0"
    ],
    [
      "9331:9982:0",
      "45:1840:1"
    ],
    [
      "9347:4:0",
      "61:4:1"
    ],
    [
      "9347:4:0",
      "61:4:1"
    ],
    [
      "11121:108:0",
      "123:70:1"
    ],
    [
      "11148:20:0",
      "136:20:1"
    ],
    [
      "11149:8:0",
      "137:8:1"
    ],
    [
      "11149:4:0",
      "137:4:1"
    ],
    [
      "11159:8:0",
      "147:8:1"
    ],
    [
      "11159:4:0",
      "147:4:1"
    ],
    [
      "11177:52:0",
      "164:29:1"
    ],
    [
      "11187:35:0",
      "174:12:1"
    ],
    [
      "11187:35:0",
      "174:12:1"
    ],
    [
      "11210:1:0",
      "174:1:1"
    ],
    [
      "11213:3:0",
      "176:3:1"
    ],
    [
      "11218:3:0",
      "183:3:1"
    ],
    [
      "11811:93:0",
      "250:56:1"
    ],
    [
      "11838:10:0",
      "263:10:1"
    ],
    [
      "11839:8:0",
      "264:8:1"
    ],
    [
      "11839:4:0",
      "264:4:1"
    ],
    [
      "11857:47:0",
      "281:25:1"
    ],
    [
      "11867:30:0",
      "291:8:1"
    ],
    [
      "11867:30:0",
      "291:8:1"
    ],
    [
      "11890:1:0",
      "291:1:1"
    ],
    [
      "11893:3:0",
      "293:3:1"
    ],
    [
      "12506:108:0",
      "374:72:1"
    ],
    [
      "12533:26:0",
      "387:26:1"
    ],
    [
      "12534:15:0",
      "388:15:1"
    ],
    [
      "12534:6:0",
      "388:6:1"
    ],
    [
      "12551:7:0",
      "405:7:1"
    ],
    [
      "12551:5:0",
      "405:5:1"
    ],
    [
      "12568:46:0",
      "421:25:1"
    ],
    [
      "12578:29:0",
      "431:8:1"
    ],
    [
      "12578:29:0",
      "431:8:1"
    ],
    [
      "12598:2:0",
      "431:1:1"
    ],
    [
      "12602:1:0",
      "433:1:1"
    ],
    [
      "12605:1:0",
      "438:1:1"
    ],
    [
      "13607:155:0",
      "541:83:1"
    ],
    [
      "13634:34:0",
      "554:34:1"
    ],
    [
      "13635:15:0",
      "555:15:1"
    ],
    [
      "13635:6:0",
      "555:6:1"
    ],
    [
      "13652:7:0",
      "572:7:1"
    ],
    [
      "13652:5:0",
      "572:5:1"
    ],
    [
      "13661:6:0",
      "581:6:1"
    ],
    [
      "13661:4:0",
      "581:4:1"
    ],
    [
      "13677:85:0",
      "596:28:1"
    ],
    [
      "13687:68:0",
      "606:11:1"
    ],
    [
      "13687:68:0",
      "606:11:1"
    ],
    [
      "13705:43:0",
      "606:4:1"
    ],
    [
      "13743:1:0",
      "606:1:1"
    ],
    [
      "13746:1:0",
      "608:1:1"
    ],
    [
      "13750:1:0",
      "611:1:1"
    ],
    [
      "13753:1:0",
      "616:1:1"
    ],
    [
      "14371:113:0",
      "689:71:1"
    ],
    [
      "14398:25:0",
      "702:25:1"
    ],
    [
      "14399:6:0",
      "703:6:1"
    ],
    [
      "14399:4:0",
      "703:4:1"
    ],
    [
      "14407:15:0",
      "711:15:1"
    ],
    [
      "14407:6:0",
      "711:6:1"
    ],
    [
      "14407:4:0",
      "711:4:1"
    ],
    [
      "14432:52:0",
      "735:25:1"
    ],
    [
      "14442:35:0",
      "745:8:1"
    ],
    [
      "14442:35:0",
      "745:8:1"
    ],
    [
      "14469:1:0",
      "745:1:1"
    ],
    [
      "14472:1:0",
      "747:1:1"
    ],
    [
      "14475:1:0",
      "752:1:1"
    ],
    [
      "14490:49:0",
      "766:49:1"
    ],
    [
      "14504:2:0",
      "780:2:1"
    ],
    [
      "14514:25:0",
      "790:25:1"
    ],
    [
      "14524:8:0",
      "800:8:1"
    ],
    [
      "14524:8:0",
      "800:8:1"
    ],
    [
      "14524:6:0",
      "800:6:1"
    ],
    [
      "14524:1:0",
      "800:1:1"
    ],
    [
      "15074:88:0",
      "875:73:1"
    ],
    [
      "15101:24:0",
      "888:24:1"
    ],
    [
      "15102:6:0",
      "889:6:1"
    ],
    [
      "15102:4:0",
      "889:4:1"
    ],
    [
      "15110:6:0",
      "897:6:1"
    ],
    [
      "15110:4:0",
      "897:4:1"
    ],
    [
      "15118:6:0",
      "905:6:1"
    ],
    [
      "15118:4:0",
      "905:4:1"
    ],
    [
      "15134:28:0",
      "920:28:1"
    ],
    [
      "15144:11:0",
      "930:11:1"
    ],
    [
      "15144:11:0",
      "930:11:1"
    ],
    [
      "15144:7:0",
      "930:7:1"
    ],
    [
      "15144:4:0",
      "930:4:1"
    ],
    [
      "15144:1:0",
      "930:1:1"
    ],
    [
      "15146:1:0",
      "932:1:1"
    ],
    [
      "15149:1:0",
      "935:1:1"
    ],
    [
      "15154:1:0",
      "940:1:1"
    ],
    [
      "15168:49:0",
      "954:49:1"
    ],
    [
      "15182:2:0",
      "968:2:1"
    ],
    [
      "15192:25:0",
      "978:25:1"
    ],
    [
      "15202:8:0",
      "988:8:1"
    ],
    [
      "15202:8:0",
      "988:8:1"
    ],
    [
      "15202:6:0",
      "988:6:1"
    ],
    [
      "15202:1:0",
      "988:1:1"
    ],
    [
      "15829:111:0",
      "1067:73:1"
    ],
    [
      "15856:24:0",
      "1080:24:1"
    ],
    [
      "15857:6:0",
      "1081:6:1"
    ],
    [
      "15857:4:0",
      "1081:4:1"
    ],
    [
      "15865:6:0",
      "1089:6:1"
    ],
    [
      "15865:4:0",
      "1089:4:1"
    ],
    [
      "15873:6:0",
      "1097:6:1"
    ],
    [
      "15873:4:0",
      "1097:4:1"
    ],
    [
      "15889:51:0",
      "1112:28:1"
    ],
    [
      "15899:34:0",
      "1122:11:1"
    ],
    [
      "15899:34:0",
      "1122:11:1"
    ],
    [
      "15922:4:0",
      "1122:4:1"
    ],
    [
      "15922:1:0",
      "1122:1:1"
    ],
    [
      "15924:1:0",
      "1124:1:1"
    ],
    [
      "15928:1:0",
      "1127:1:1"
    ],
    [
      "15931:1:0",
      "1132:1:1"
    ],
    [
      "16566:139:0",
      "1210:83:1"
    ],
    [
      "16593:34:0",
      "1223:34:1"
    ],
    [
      "16594:15:0",
      "1224:15:1"
    ],
    [
      "16594:6:0",
      "1224:6:1"
    ],
    [
      "16611:7:0",
      "1241:7:1"
    ],
    [
      "16611:5:0",
      "1241:5:1"
    ],
    [
      "16620:6:0",
      "1250:6:1"
    ],
    [
      "16620:4:0",
      "1250:4:1"
    ],
    [
      "16636:69:0",
      "1265:28:1"
    ],
    [
      "16646:52:0",
      "1275:11:1"
    ],
    [
      "16646:52:0",
      "1275:11:1"
    ],
    [
      "16646:48:0",
      "1275:7:1"
    ],
    [
      "16646:45:0",
      "1275:4:1"
    ],
    [
      "16686:1:0",
      "1275:1:1"
    ],
    [
      "16689:1:0",
      "1277:1:1"
    ],
    [
      "16692:1:0",
      "1280:1:1"
    ],
    [
      "16697:1:0",
      "1285:1:1"
    ],
    [
      "17322:116:0",
      "1358:83:1"
    ],
    [
      "17349:34:0",
      "1371:34:1"
    ],
    [
      "17350:15:0",
      "1372:15:1"
    ],
    [
      "17350:6:0",
      "1372:6:1"
    ],
    [
      "17367:7:0",
      "1389:7:1"
    ],
    [
      "17367:5:0",
      "1389:5:1"
    ],
    [
      "17376:6:0",
      "1398:6:1"
    ],
    [
      "17376:4:0",
      "1398:4:1"
    ],
    [
      "17392:46:0",
      "1413:28:1"
    ],
    [
      "17402:29:0",
      "1423:11:1"
    ],
    [
      "17402:29:0",
      "1423:11:1"
    ],
    [
      "17420:4:0",
      "1423:4:1"
    ],
    [
      "17420:1:0",
      "1423:1:1"
    ],
    [
      "17422:1:0",
      "1425:1:1"
    ],
    [
      "17426:1:0",
      "1428:1:1"
    ],
    [
      "17429:1:0",
      "1433:1:1"
    ],
    [
      "17444:53:0",
      "1447:53:1"
    ],
    [
      "17458:2:0",
      "1461:2:1"
    ],
    [
      "17468:29:0",
      "1471:29:1"
    ],
    [
      "17478:12:0",
      "1481:12:1"
    ],
    [
      "17478:12:0",
      "1481:12:1"
    ],
    [
      "17478:10:0",
      "1481:10:1"
    ],
    [
      "17478:5:0",
      "1481:5:1"
    ],
    [
      "17478:1:0",
      "1481:1:1"
    ],
    [
      "18155:129:0",
      "1589:92:1"
    ],
    [
      "18182:35:0",
      "1602:35:1"
    ],
    [
      "18183:8:0",
      "1603:8:1"
    ],
    [
      "18183:4:0",
      "1603:4:1"
    ],
    [
      "18193:15:0",
      "1613:15:1"
    ],
    [
      "18193:6:0",
      "1613:6:1"
    ],
    [
      "18210:6:0",
      "1630:6:1"
    ],
    [
      "18210:4:0",
      "1630:4:1"
    ],
    [
      "18226:58:0",
      "1645:36:1"
    ],
    [
      "18236:41:0",
      "1655:19:1"
    ],
    [
      "18236:41:0",
      "1655:19:1"
    ],
    [
      "18258:12:0",
      "1655:12:1"
    ],
    [
      "18258:10:0",
      "1655:10:1"
    ],
    [
      "18258:5:0",
      "1655:5:1"
    ],
    [
      "18258:1:0",
      "1655:1:1"
    ],
    [
      "18264:3:0",
      "1661:3:1"
    ],
    [
      "18272:1:0",
      "1668:1:1"
    ],
    [
      "18275:1:0",
      "1673:1:1"
    ],
    [
      "19181:130:0",
      "1790:93:1"
    ],
    [
      "19209:35:0",
      "1804:35:1"
    ],
    [
      "19210:8:0",
      "1805:8:1"
    ],
    [
      "19210:4:0",
      "1805:4:1"
    ],
    [
      "19220:15:0",
      "1815:15:1"
    ],
    [
      "19220:6:0",
      "1815:6:1"
    ],
    [
      "19237:6:0",
      "1832:6:1"
    ],
    [
      "19237:4:0",
      "1832:4:1"
    ],
    [
      "19253:58:0",
      "1847:36:1"
    ],
    [
      "19263:41:0",
      "1857:19:1"
    ],
    [
      "19263:41:0",
      "1857:19:1"
    ],
    [
      "19285:12:0",
      "1857:12:1"
    ],
    [
      "19285:10:0",
      "1857:10:1"
    ],
    [
      "19285:5:0",
      "1857:5:1"
    ],
    [
      "19285:1:0",
      "1857:1:1"
    ],
    [
      "19291:3:0",
      "1863:3:1"
    ],
    [
      "19299:1:0",
      "1870:1:1"
    ],
    [
      "19302:1:0",
      "1875:1:1"
    ],
    [
      "10928:14:0",
      "77:41:1"
    ],
    [
      "11618:14:0",
      "204:41:1"
    ],
    [
      "12313:14:0",
      "317:52:1"
    ],
    [
      "13407:14:0",
      "457:79:1"
    ],
    [
      "14178:14:0",
      "635:49:1"
    ],
    [
      "14881:14:0",
      "825:45:1"
    ],
    [
      "15633:14:0",
      "1014:48:1"
    ],
    [
      "16373:14:0",
      "1151:54:1"
    ],
    [
      "17126:14:0",
      "1304:49:1"
    ],
    [
      "17956:15:0",
      "1511:73:1"
    ],
    [
      "18977:15:0",
      "1692:93:1"
    ]
  ],
  "otherInstrumentation": [
    "744:38:0",
    "1028:233:0",
    "1326:317:0",
    "1734:182:0",
    "1725:7:0",
    "1865:6:0",
    "18236:21:0",
    "19263:21:0",
    "2262:233:0",
    "2552:308:0",
    "2937:182:0",
    "2931:4:0",
    "3068:6:0",
    "13687:17:0",
    "3471:233:0",
    "3763:310:0",
    "4158:182:0",
    "4149:7:0",
    "4289:6:0",
    "15899:22:0",
    "17402:17:0",
    "11187:22:0",
    "4416:76:0",
    "4403:11:0",
    "11867:22:0",
    "4846:233:0",
    "5144:317:0",
    "5548:182:0",
    "5541:5:0",
    "5679:6:0",
    "12578:19:0",
    "6092:233:0",
    "6390:317:0",
    "7230:233:0",
    "7522:310:0",
    "7936:90:0",
    "7917:17:0",
    "7975:6:0",
    "14442:26:0",
    "8403:233:0",
    "8701:317:0",
    "6805:61:0",
    "6780:23:0",
    "6815:6:0",
    "13705:37:0",
    "9123:61:0",
    "9091:30:0",
    "9133:6:0",
    "16646:39:0",
    "599:54:0",
    "5811:37:0",
    "5804:5:0",
    "616:19:0",
    "586:11:0",
    "10606:28:0",
    "4569:37:0",
    "4560:7:0",
    "11301:23:0",
    "11992:24:0",
    "12710:27:0",
    "6965:37:0",
    "6940:23:0",
    "3191:37:0",
    "3185:4:0",
    "13849:24:0",
    "8113:37:0",
    "8094:17:0",
    "14625:27:0",
    "15303:27:0",
    "16036:27:0",
    "9290:37:0",
    "9258:30:0",
    "16801:27:0",
    "17594:29:0",
    "1999:37:0",
    "1990:7:0",
    "18383:30:0",
    "10581:15:0",
    "11276:15:0",
    "11967:15:0",
    "12685:15:0",
    "13824:15:0",
    "14600:15:0",
    "15278:15:0",
    "16011:15:0",
    "16776:15:0",
    "17569:15:0",
    "18357:16:0"
  ],
  "propertyMap": [
    {
      "id": 0,
      "contract": "Foo",
      "filename": "test/multifile_samples/forall_maps/child.sol",
      "propertySource": "89:28:1",
      "annotationSource": "77:41:1",
      "target": "function",
      "targetName": "setA",
      "debugEventEncoding": [
        [
          [
            "111:1:0"
          ],
          "uint256"
        ]
      ],
      "message": "",
      "instrumentationRanges": [
        "10668:18:0",
        "10700:211:0",
        "10805:50:0",
        "10873:23:0",
        "11007:46:0",
        "10962:27:0",
        "10924:175:0"
      ],
      "checkRanges": [
        "10928:14:0"
      ],
      "assertionRanges": [
        "10962:27:0",
        "11007:46:0",
        "11071:13:0"
      ]
    },
    {
      "id": 1,
      "contract": "Foo",
      "filename": "test/multifile_samples/forall_maps/child.sol",
      "propertySource": "216:28:1",
      "annotationSource": "204:41:1",
      "target": "function",
      "targetName": "decA",
      "debugEventEncoding": [
        [
          [
            "238:1:0"
          ],
          "uint256"
        ]
      ],
      "message": "",
      "instrumentationRanges": [
        "11358:18:0",
        "11390:211:0",
        "11495:50:0",
        "11563:23:0",
        "11697:46:0",
        "11652:27:0",
        "11614:175:0"
      ],
      "checkRanges": [
        "11618:14:0"
      ],
      "assertionRanges": [
        "11652:27:0",
        "11697:46:0",
        "11761:13:0"
      ]
    },
    {
      "id": 2,
      "contract": "Foo",
      "filename": "test/multifile_samples/forall_maps/child.sol",
      "propertySource": "329:39:1",
      "annotationSource": "317:52:1",
      "target": "function",
      "targetName": "setC",
      "debugEventEncoding": [
        [
          [
            "361:1:0"
          ],
          "string memory"
        ]
      ],
      "message": "",
      "instrumentationRanges": [
        "12050:18:0",
        "12082:214:0",
        "12189:51:0",
        "12258:23:0",
        "12392:46:0",
        "12347:27:0",
        "12309:175:0"
      ],
      "checkRanges": [
        "12313:14:0"
      ],
      "assertionRanges": [
        "12347:27:0",
        "12392:46:0",
        "12456:13:0"
      ]
    },
    {
      "id": 3,
      "contract": "Foo",
      "filename": "test/multifile_samples/forall_maps/child.sol",
      "propertySource": "469:66:1",
      "annotationSource": "457:79:1",
      "target": "function",
      "targetName": "setD",
      "debugEventEncoding": [
        [
          [
            "520:1:0",
            "526:1:0"
          ],
          "string memory"
        ],
        [
          [
            "529:1:0"
          ],
          "uint8"
        ]
      ],
      "message": "",
      "instrumentationRanges": [
        "12771:18:0",
        "12803:587:0",
        "12908:18:0",
        "12944:348:0",
        "13141:87:0",
        "13250:23:0",
        "13309:25:0",
        "13352:23:0",
        "13486:53:0",
        "13441:27:0",
        "13403:182:0"
      ],
      "checkRanges": [
        "13407:14:0"
      ],
      "assertionRanges": [
        "13441:27:0",
        "13486:53:0",
        "13557:13:0"
      ]
    },
    {
      "id": 4,
      "contract": "Foo",
      "filename": "test/multifile_samples/forall_maps/child.sol",
      "propertySource": "647:36:1",
      "annotationSource": "635:49:1",
      "target": "function",
      "targetName": "setE",
      "debugEventEncoding": [
        [
          [
            "670:1:0"
          ],
          "uint256"
        ]
      ],
      "message": "",
      "instrumentationRanges": [
        "13907:18:0",
        "13939:222:0",
        "14044:61:0",
        "14123:23:0",
        "14257:46:0",
        "14212:27:0",
        "14174:175:0"
      ],
      "checkRanges": [
        "14178:14:0"
      ],
      "assertionRanges": [
        "14212:27:0",
        "14257:46:0",
        "14321:13:0"
      ]
    },
    {
      "id": 5,
      "contract": "Foo",
      "filename": "test/multifile_samples/forall_maps/child.sol",
      "propertySource": "837:32:1",
      "annotationSource": "825:45:1",
      "target": "function",
      "targetName": "setF",
      "debugEventEncoding": [
        [
          [
            "860:1:0"
          ],
          "uint256"
        ]
      ],
      "message": "",
      "instrumentationRanges": [
        "14686:18:0",
        "14718:146:0",
        "14779:29:0",
        "14826:23:0",
        "14960:46:0",
        "14915:27:0",
        "14877:175:0"
      ],
      "checkRanges": [
        "14881:14:0"
      ],
      "assertionRanges": [
        "14915:27:0",
        "14960:46:0",
        "15024:13:0"
      ]
    },
    {
      "id": 6,
      "contract": "Foo",
      "filename": "test/multifile_samples/forall_maps/child.sol",
      "propertySource": "1026:35:1",
      "annotationSource": "1014:48:1",
      "target": "function",
      "targetName": "setG",
      "debugEventEncoding": [
        [
          [
            "1046:1:0",
            "1052:1:0"
          ],
          "uint256"
        ],
        [
          [
            "1055:1:0"
          ],
          "uint256"
        ]
      ],
      "message": "",
      "instrumentationRanges": [
        "15364:18:0",
        "15396:220:0",
        "15507:53:0",
        "15578:23:0",
        "15712:49:0",
        "15667:27:0",
        "15629:178:0"
      ],
      "checkRanges": [
        "15633:14:0"
      ],
      "assertionRanges": [
        "15667:27:0",
        "15712:49:0",
        "15779:13:0"
      ]
    },
    {
      "id": 7,
      "contract": "Foo",
      "filename": "test/multifile_samples/forall_maps/child.sol",
      "propertySource": "1163:41:1",
      "annotationSource": "1151:54:1",
      "target": "function",
      "targetName": "setH",
      "debugEventEncoding": [
        [
          [
            "1195:1:0"
          ],
          "string memory"
        ]
      ],
      "message": "",
      "instrumentationRanges": [
        "16097:18:0",
        "16129:227:0",
        "16234:66:0",
        "16318:23:0",
        "16452:46:0",
        "16407:27:0",
        "16369:175:0"
      ],
      "checkRanges": [
        "16373:14:0"
      ],
      "assertionRanges": [
        "16407:27:0",
        "16452:46:0",
        "16516:13:0"
      ]
    },
    {
      "id": 8,
      "contract": "Foo",
      "filename": "test/multifile_samples/forall_maps/child.sol",
      "propertySource": "1316:36:1",
      "annotationSource": "1304:49:1",
      "target": "function",
      "targetName": "setI",
      "debugEventEncoding": [
        [
          [
            "1337:1:0",
            "1343:1:0"
          ],
          "string memory"
        ],
        [
          [
            "1346:1:0"
          ],
          "uint8"
        ]
      ],
      "message": "",
      "instrumentationRanges": [
        "16862:18:0",
        "16894:215:0",
        "17005:48:0",
        "17071:23:0",
        "17205:49:0",
        "17160:27:0",
        "17122:178:0"
      ],
      "checkRanges": [
        "17126:14:0"
      ],
      "assertionRanges": [
        "17160:27:0",
        "17205:49:0",
        "17272:13:0"
      ]
    },
    {
      "id": 9,
      "contract": "Foo",
      "filename": "test/multifile_samples/forall_maps/child.sol",
      "propertySource": "1523:60:1",
      "annotationSource": "1511:73:1",
      "target": "function",
      "targetName": "setJ",
      "debugEventEncoding": [
        [
          [
            "1556:3:0",
            "1570:3:0"
          ],
          "uint256"
        ],
        [
          [
            "1577:1:0"
          ],
          "string memory"
        ]
      ],
      "message": "",
      "instrumentationRanges": [
        "17657:19:0",
        "17690:249:0",
        "17821:61:0",
        "17900:24:0",
        "18036:51:0",
        "17991:27:0",
        "17952:181:0"
      ],
      "checkRanges": [
        "17956:15:0"
      ],
      "assertionRanges": [
        "17991:27:0",
        "18036:51:0",
        "18105:13:0"
      ]
    },
    {
      "id": 10,
      "contract": "Foo",
      "filename": "test/multifile_samples/forall_maps/child.sol",
      "propertySource": "1704:80:1",
      "annotationSource": "1692:93:1",
      "target": "function",
      "targetName": "setJ2",
      "debugEventEncoding": [
        [
          [
            "1761:1:0",
            "1773:1:0"
          ],
          "uint256"
        ],
        [
          [
            "1778:1:0"
          ],
          "string memory"
        ]
      ],
      "message": "",
      "instrumentationRanges": [
        "18447:19:0",
        "18480:480:0",
        "18548:19:0",
        "18585:274:0",
        "18730:64:0",
        "18816:24:0",
        "18876:27:0",
        "18921:24:0",
        "19058:55:0",
        "19012:28:0",
        "18973:186:0"
      ],
      "checkRanges": [
        "18977:15:0"
      ],
      "assertionRanges": [
        "19012:28:0",
        "19058:55:0",
        "19131:13:0"
      ]
    }
  ],
  "originalSourceList": [
    "test/multifile_samples/forall_maps/base.sol",
    "test/multifile_samples/forall_maps/child.sol"
  ],
  "instrSourceList": [
    "--"
  ]
}
