{
  "instrToOriginalMap": [
    [
      "146:661:0",
      "24:715:0"
    ],
    [
      "282:34:0",
      "62:23:0"
    ],
    [
      "322:23:0",
      "120:34:0"
    ],
    [
      "351:18:0",
      "161:9:0"
    ],
    [
      "351:6:0",
      "161:6:0"
    ],
    [
      "375:48:0",
      "195:44:0"
    ],
    [
      "429:38:0",
      "273:26:0"
    ],
    [
      "473:34:0",
      "346:26:0"
    ],
    [
      "473:23:0",
      "346:24:0"
    ],
    [
      "473:21:0",
      "346:22:0"
    ],
    [
      "481:4:0",
      "355:4:0"
    ],
    [
      "489:4:0",
      "363:4:0"
    ],
    [
      "513:36:0",
      "417:26:0"
    ],
    [
      "513:25:0",
      "417:24:0"
    ],
    [
      "555:47:0",
      "483:44:0"
    ],
    [
      "608:48:0",
      "566:44:0"
    ],
    [
      "608:37:0",
      "566:42:0"
    ],
    [
      "616:6:0",
      "575:6:0"
    ],
    [
      "166:69:0",
      "617:68:0"
    ],
    [
      "186:24:0",
      "637:23:0"
    ],
    [
      "220:8:0",
      "670:8:0"
    ],
    [
      "220:4:0",
      "670:4:0"
    ],
    [
      "241:35:0",
      "691:35:0"
    ],
    [
      "261:8:0",
      "711:8:0"
    ],
    [
      "261:4:0",
      "711:4:0"
    ],
    [
      "261:2:0",
      "711:2:0"
    ],
    [
      "261:2:0",
      "711:2:0"
    ],
    [
      "662:13:0",
      "732:4:0"
    ],
    [
      "662:2:0",
      "732:2:0"
    ],
    [
      "662:2:0",
      "732:2:0"
    ],
    [
      "10125:10672:0",
      "45:1840:1"
    ],
    [
      "10141:4:0",
      "61:4:1"
    ],
    [
      "10141:4:0",
      "61:4:1"
    ],
    [
      "11873:112:0",
      "123:70:1"
    ],
    [
      "11900:20:0",
      "136:20:1"
    ],
    [
      "11901:8:0",
      "137:8:1"
    ],
    [
      "11901:4:0",
      "137:4:1"
    ],
    [
      "11911:8:0",
      "147:8:1"
    ],
    [
      "11911:4:0",
      "147:4:1"
    ],
    [
      "11930:55:0",
      "164:29:1"
    ],
    [
      "11940:38:0",
      "174:12:1"
    ],
    [
      "11940:38:0",
      "174:12:1"
    ],
    [
      "11966:1:0",
      "174:1:1"
    ],
    [
      "11969:3:0",
      "176:3:1"
    ],
    [
      "11974:3:0",
      "183:3:1"
    ],
    [
      "12634:97:0",
      "250:56:1"
    ],
    [
      "12661:10:0",
      "263:10:1"
    ],
    [
      "12662:8:0",
      "264:8:1"
    ],
    [
      "12662:4:0",
      "264:4:1"
    ],
    [
      "12681:50:0",
      "281:25:1"
    ],
    [
      "12691:33:0",
      "291:8:1"
    ],
    [
      "12691:33:0",
      "291:8:1"
    ],
    [
      "12717:1:0",
      "291:1:1"
    ],
    [
      "12720:3:0",
      "293:3:1"
    ],
    [
      "13400:112:0",
      "374:72:1"
    ],
    [
      "13427:26:0",
      "387:26:1"
    ],
    [
      "13428:15:0",
      "388:15:1"
    ],
    [
      "13428:6:0",
      "388:6:1"
    ],
    [
      "13445:7:0",
      "405:7:1"
    ],
    [
      "13445:5:0",
      "405:5:1"
    ],
    [
      "13463:49:0",
      "421:25:1"
    ],
    [
      "13473:32:0",
      "431:8:1"
    ],
    [
      "13473:32:0",
      "431:8:1"
    ],
    [
      "13496:2:0",
      "431:1:1"
    ],
    [
      "13500:1:0",
      "433:1:1"
    ],
    [
      "13503:1:0",
      "438:1:1"
    ],
    [
      "14590:165:0",
      "541:83:1"
    ],
    [
      "14617:34:0",
      "554:34:1"
    ],
    [
      "14618:15:0",
      "555:15:1"
    ],
    [
      "14618:6:0",
      "555:6:1"
    ],
    [
      "14635:7:0",
      "572:7:1"
    ],
    [
      "14635:5:0",
      "572:5:1"
    ],
    [
      "14644:6:0",
      "581:6:1"
    ],
    [
      "14644:4:0",
      "581:4:1"
    ],
    [
      "14661:94:0",
      "596:28:1"
    ],
    [
      "14671:77:0",
      "606:11:1"
    ],
    [
      "14671:77:0",
      "606:11:1"
    ],
    [
      "14692:49:0",
      "606:4:1"
    ],
    [
      "14736:1:0",
      "606:1:1"
    ],
    [
      "14739:1:0",
      "608:1:1"
    ],
    [
      "14743:1:0",
      "611:1:1"
    ],
    [
      "14746:1:0",
      "616:1:1"
    ],
    [
      "15431:117:0",
      "689:71:1"
    ],
    [
      "15458:25:0",
      "702:25:1"
    ],
    [
      "15459:6:0",
      "703:6:1"
    ],
    [
      "15459:4:0",
      "703:4:1"
    ],
    [
      "15467:15:0",
      "711:15:1"
    ],
    [
      "15467:6:0",
      "711:6:1"
    ],
    [
      "15467:4:0",
      "711:4:1"
    ],
    [
      "15493:55:0",
      "735:25:1"
    ],
    [
      "15503:38:0",
      "745:8:1"
    ],
    [
      "15503:38:0",
      "745:8:1"
    ],
    [
      "15533:1:0",
      "745:1:1"
    ],
    [
      "15536:1:0",
      "747:1:1"
    ],
    [
      "15539:1:0",
      "752:1:1"
    ],
    [
      "15554:49:0",
      "766:49:1"
    ],
    [
      "15568:2:0",
      "780:2:1"
    ],
    [
      "15578:25:0",
      "790:25:1"
    ],
    [
      "15588:8:0",
      "800:8:1"
    ],
    [
      "15588:8:0",
      "800:8:1"
    ],
    [
      "15588:6:0",
      "800:6:1"
    ],
    [
      "15588:1:0",
      "800:1:1"
    ],
    [
      "16202:89:0",
      "875:73:1"
    ],
    [
      "16229:24:0",
      "888:24:1"
    ],
    [
      "16230:6:0",
      "889:6:1"
    ],
    [
      "16230:4:0",
      "889:4:1"
    ],
    [
      "16238:6:0",
      "897:6:1"
    ],
    [
      "16238:4:0",
      "897:4:1"
    ],
    [
      "16246:6:0",
      "905:6:1"
    ],
    [
      "16246:4:0",
      "905:4:1"
    ],
    [
      "16263:28:0",
      "920:28:1"
    ],
    [
      "16273:11:0",
      "930:11:1"
    ],
    [
      "16273:11:0",
      "930:11:1"
    ],
    [
      "16273:7:0",
      "930:7:1"
    ],
    [
      "16273:4:0",
      "930:4:1"
    ],
    [
      "16273:1:0",
      "930:1:1"
    ],
    [
      "16275:1:0",
      "932:1:1"
    ],
    [
      "16278:1:0",
      "935:1:1"
    ],
    [
      "16283:1:0",
      "940:1:1"
    ],
    [
      "16297:49:0",
      "954:49:1"
    ],
    [
      "16311:2:0",
      "968:2:1"
    ],
    [
      "16321:25:0",
      "978:25:1"
    ],
    [
      "16331:8:0",
      "988:8:1"
    ],
    [
      "16331:8:0",
      "988:8:1"
    ],
    [
      "16331:6:0",
      "988:6:1"
    ],
    [
      "16331:1:0",
      "988:1:1"
    ],
    [
      "17025:115:0",
      "1067:73:1"
    ],
    [
      "17052:24:0",
      "1080:24:1"
    ],
    [
      "17053:6:0",
      "1081:6:1"
    ],
    [
      "17053:4:0",
      "1081:4:1"
    ],
    [
      "17061:6:0",
      "1089:6:1"
    ],
    [
      "17061:4:0",
      "1089:4:1"
    ],
    [
      "17069:6:0",
      "1097:6:1"
    ],
    [
      "17069:4:0",
      "1097:4:1"
    ],
    [
      "17086:54:0",
      "1112:28:1"
    ],
    [
      "17096:37:0",
      "1122:11:1"
    ],
    [
      "17096:37:0",
      "1122:11:1"
    ],
    [
      "17122:4:0",
      "1122:4:1"
    ],
    [
      "17122:1:0",
      "1122:1:1"
    ],
    [
      "17124:1:0",
      "1124:1:1"
    ],
    [
      "17128:1:0",
      "1127:1:1"
    ],
    [
      "17131:1:0",
      "1132:1:1"
    ],
    [
      "17833:143:0",
      "1210:83:1"
    ],
    [
      "17860:34:0",
      "1223:34:1"
    ],
    [
      "17861:15:0",
      "1224:15:1"
    ],
    [
      "17861:6:0",
      "1224:6:1"
    ],
    [
      "17878:7:0",
      "1241:7:1"
    ],
    [
      "17878:5:0",
      "1241:5:1"
    ],
    [
      "17887:6:0",
      "1250:6:1"
    ],
    [
      "17887:4:0",
      "1250:4:1"
    ],
    [
      "17904:72:0",
      "1265:28:1"
    ],
    [
      "17914:55:0",
      "1275:11:1"
    ],
    [
      "17914:55:0",
      "1275:11:1"
    ],
    [
      "17914:51:0",
      "1275:7:1"
    ],
    [
      "17914:48:0",
      "1275:4:1"
    ],
    [
      "17957:1:0",
      "1275:1:1"
    ],
    [
      "17960:1:0",
      "1277:1:1"
    ],
    [
      "17963:1:0",
      "1280:1:1"
    ],
    [
      "17968:1:0",
      "1285:1:1"
    ],
    [
      "18660:120:0",
      "1358:83:1"
    ],
    [
      "18687:34:0",
      "1371:34:1"
    ],
    [
      "18688:15:0",
      "1372:15:1"
    ],
    [
      "18688:6:0",
      "1372:6:1"
    ],
    [
      "18705:7:0",
      "1389:7:1"
    ],
    [
      "18705:5:0",
      "1389:5:1"
    ],
    [
      "18714:6:0",
      "1398:6:1"
    ],
    [
      "18714:4:0",
      "1398:4:1"
    ],
    [
      "18731:49:0",
      "1413:28:1"
    ],
    [
      "18741:32:0",
      "1423:11:1"
    ],
    [
      "18741:32:0",
      "1423:11:1"
    ],
    [
      "18762:4:0",
      "1423:4:1"
    ],
    [
      "18762:1:0",
      "1423:1:1"
    ],
    [
      "18764:1:0",
      "1425:1:1"
    ],
    [
      "18768:1:0",
      "1428:1:1"
    ],
    [
      "18771:1:0",
      "1433:1:1"
    ],
    [
      "18786:53:0",
      "1447:53:1"
    ],
    [
      "18800:2:0",
      "1461:2:1"
    ],
    [
      "18810:29:0",
      "1471:29:1"
    ],
    [
      "18820:12:0",
      "1481:12:1"
    ],
    [
      "18820:12:0",
      "1481:12:1"
    ],
    [
      "18820:10:0",
      "1481:10:1"
    ],
    [
      "18820:5:0",
      "1481:5:1"
    ],
    [
      "18820:1:0",
      "1481:1:1"
    ],
    [
      "19564:133:0",
      "1589:92:1"
    ],
    [
      "19591:35:0",
      "1602:35:1"
    ],
    [
      "19592:8:0",
      "1603:8:1"
    ],
    [
      "19592:4:0",
      "1603:4:1"
    ],
    [
      "19602:15:0",
      "1613:15:1"
    ],
    [
      "19602:6:0",
      "1613:6:1"
    ],
    [
      "19619:6:0",
      "1630:6:1"
    ],
    [
      "19619:4:0",
      "1630:4:1"
    ],
    [
      "19636:61:0",
      "1645:36:1"
    ],
    [
      "19646:44:0",
      "1655:19:1"
    ],
    [
      "19646:44:0",
      "1655:19:1"
    ],
    [
      "19671:12:0",
      "1655:12:1"
    ],
    [
      "19671:10:0",
      "1655:10:1"
    ],
    [
      "19671:5:0",
      "1655:5:1"
    ],
    [
      "19671:1:0",
      "1655:1:1"
    ],
    [
      "19677:3:0",
      "1661:3:1"
    ],
    [
      "19685:1:0",
      "1668:1:1"
    ],
    [
      "19688:1:0",
      "1673:1:1"
    ],
    [
      "20661:134:0",
      "1790:93:1"
    ],
    [
      "20689:35:0",
      "1804:35:1"
    ],
    [
      "20690:8:0",
      "1805:8:1"
    ],
    [
      "20690:4:0",
      "1805:4:1"
    ],
    [
      "20700:15:0",
      "1815:15:1"
    ],
    [
      "20700:6:0",
      "1815:6:1"
    ],
    [
      "20717:6:0",
      "1832:6:1"
    ],
    [
      "20717:4:0",
      "1832:4:1"
    ],
    [
      "20734:61:0",
      "1847:36:1"
    ],
    [
      "20744:44:0",
      "1857:19:1"
    ],
    [
      "20744:44:0",
      "1857:19:1"
    ],
    [
      "20769:12:0",
      "1857:12:1"
    ],
    [
      "20769:10:0",
      "1857:10:1"
    ],
    [
      "20769:5:0",
      "1857:5:1"
    ],
    [
      "20769:1:0",
      "1857:1:1"
    ],
    [
      "20775:3:0",
      "1863:3:1"
    ],
    [
      "20783:1:0",
      "1870:1:1"
    ],
    [
      "20786:1:0",
      "1875:1:1"
    ],
    [
      "11616:14:0",
      "77:41:1"
    ],
    [
      "12377:14:0",
      "204:41:1"
    ],
    [
      "13143:14:0",
      "317:52:1"
    ],
    [
      "14326:14:0",
      "457:79:1"
    ],
    [
      "15174:14:0",
      "635:49:1"
    ],
    [
      "15945:14:0",
      "825:45:1"
    ],
    [
      "16765:14:0",
      "1014:48:1"
    ],
    [
      "17576:14:0",
      "1151:54:1"
    ],
    [
      "18400:14:0",
      "1304:49:1"
    ],
    [
      "19301:15:0",
      "1511:73:1"
    ],
    [
      "20393:15:0",
      "1692:93:1"
    ]
  ],
  "otherInstrumentation": [
    "1053:233:0",
    "1351:317:0",
    "1759:182:0",
    "1750:7:0",
    "1890:6:0",
    "19646:24:0",
    "20744:24:0",
    "2290:233:0",
    "2580:308:0",
    "2965:182:0",
    "2959:4:0",
    "3096:6:0",
    "14671:20:0",
    "3502:233:0",
    "3794:310:0",
    "4189:182:0",
    "4180:7:0",
    "4320:6:0",
    "17096:25:0",
    "18741:20:0",
    "11940:25:0",
    "4447:76:0",
    "4434:11:0",
    "12691:25:0",
    "4880:233:0",
    "5178:317:0",
    "5582:182:0",
    "5575:5:0",
    "5713:6:0",
    "13473:22:0",
    "6135:233:0",
    "6433:317:0",
    "7282:233:0",
    "7574:310:0",
    "7988:90:0",
    "7969:17:0",
    "8027:6:0",
    "15503:29:0",
    "8458:233:0",
    "8756:317:0",
    "6851:61:0",
    "6823:26:0",
    "6861:6:0",
    "14692:43:0",
    "9178:61:0",
    "9146:30:0",
    "9188:6:0",
    "17914:42:0",
    "748:57:0",
    "5845:37:0",
    "5838:5:0",
    "765:22:0",
    "735:11:0",
    "11291:28:0",
    "4600:37:0",
    "4591:7:0",
    "9603:22:0",
    "9722:33:0",
    "9810:8:0",
    "9830:113:0",
    "10005:110:0",
    "12057:23:0",
    "12819:24:0",
    "13608:27:0",
    "7014:37:0",
    "6986:26:0",
    "3219:37:0",
    "3213:4:0",
    "14842:24:0",
    "8165:37:0",
    "8146:17:0",
    "15689:27:0",
    "16432:27:0",
    "17236:27:0",
    "9345:37:0",
    "9313:30:0",
    "18072:27:0",
    "18936:29:0",
    "2024:37:0",
    "2015:7:0",
    "19796:30:0",
    "11266:15:0",
    "12032:15:0",
    "12794:15:0",
    "13583:15:0",
    "14817:15:0",
    "15664:15:0",
    "16407:15:0",
    "17211:15:0",
    "18047:15:0",
    "18911:15:0",
    "19770:16:0"
  ],
  "propertyMap": [
    {
      "id": 0,
      "contract": "Foo",
      "filename": "test/multifile_samples/forall_maps/child.sol",
      "propertySource": "89:28:1",
      "annotationSource": "77:41:1",
      "annotationText": "if_succeeds forall(uint k in a) a[k] > 1;",
      "target": "function",
      "type": "if_succeeds",
      "targetName": "setA",
      "debugEventEncoding": [
        [
          "k",
          [
            "111:1:1"
          ],
          "uint256"
        ]
      ],
      "message": "",
      "instrumentationRanges": [
        "11353:18:0",
        "11385:214:0",
        "11490:53:0",
        "11561:23:0",
        "11650:70:0",
        "11738:67:0",
        "11612:239:0"
      ],
      "checkRanges": [
        "11616:14:0"
      ],
      "assertionRanges": [
        "11650:70:0",
        "11738:67:0",
        "11823:13:0"
      ]
    },
    {
      "id": 1,
      "contract": "Foo",
      "filename": "test/multifile_samples/forall_maps/child.sol",
      "propertySource": "216:28:1",
      "annotationSource": "204:41:1",
      "annotationText": "if_succeeds forall(uint k in a) a[k] > 1;",
      "target": "function",
      "type": "if_succeeds",
      "targetName": "decA",
      "debugEventEncoding": [
        [
          "k",
          [
            "238:1:1"
          ],
          "uint256"
        ]
      ],
      "message": "",
      "instrumentationRanges": [
        "12114:18:0",
        "12146:214:0",
        "12251:53:0",
        "12322:23:0",
        "12411:70:0",
        "12499:67:0",
        "12373:239:0"
      ],
      "checkRanges": [
        "12377:14:0"
      ],
      "assertionRanges": [
        "12411:70:0",
        "12499:67:0",
        "12584:13:0"
      ]
    },
    {
      "id": 2,
      "contract": "Foo",
      "filename": "test/multifile_samples/forall_maps/child.sol",
      "propertySource": "329:39:1",
      "annotationSource": "317:52:1",
      "annotationText": "if_succeeds forall (string memory s in c) c[s] > -1;",
      "target": "function",
      "type": "if_succeeds",
      "targetName": "setC",
      "debugEventEncoding": [
        [
          "s",
          [
            "361:1:1"
          ],
          "string"
        ]
      ],
      "message": "",
      "instrumentationRanges": [
        "12877:18:0",
        "12909:217:0",
        "13016:54:0",
        "13088:23:0",
        "13177:70:0",
        "13265:67:0",
        "13139:239:0"
      ],
      "checkRanges": [
        "13143:14:0"
      ],
      "assertionRanges": [
        "13177:70:0",
        "13265:67:0",
        "13350:13:0"
      ]
    },
    {
      "id": 3,
      "contract": "Foo",
      "filename": "test/multifile_samples/forall_maps/child.sol",
      "propertySource": "469:66:1",
      "annotationSource": "457:79:1",
      "annotationText": "if_succeeds forall (string memory s in d) forall (uint8 k in d[s]) d[s][k] > 0;",
      "target": "function",
      "type": "if_succeeds",
      "targetName": "setD",
      "debugEventEncoding": [
        [
          "s",
          [
            "520:1:1",
            "526:1:1"
          ],
          "string"
        ],
        [
          "k",
          [
            "529:1:1"
          ],
          "uint8"
        ]
      ],
      "message": "",
      "instrumentationRanges": [
        "13669:18:0",
        "13701:608:0",
        "13806:18:0",
        "13842:369:0",
        "14051:96:0",
        "14169:23:0",
        "14228:25:0",
        "14271:23:0",
        "14360:77:0",
        "14455:67:0",
        "14322:246:0"
      ],
      "checkRanges": [
        "14326:14:0"
      ],
      "assertionRanges": [
        "14360:77:0",
        "14455:67:0",
        "14540:13:0"
      ]
    },
    {
      "id": 4,
      "contract": "Foo",
      "filename": "test/multifile_samples/forall_maps/child.sol",
      "propertySource": "647:36:1",
      "annotationSource": "635:49:1",
      "annotationText": "if_succeeds forall (uint k in e) e[k].length > 0;",
      "target": "function",
      "type": "if_succeeds",
      "targetName": "setE",
      "debugEventEncoding": [
        [
          "k",
          [
            "670:1:1"
          ],
          "uint256"
        ]
      ],
      "message": "",
      "instrumentationRanges": [
        "14900:18:0",
        "14932:225:0",
        "15037:64:0",
        "15119:23:0",
        "15208:70:0",
        "15296:67:0",
        "15170:239:0"
      ],
      "checkRanges": [
        "15174:14:0"
      ],
      "assertionRanges": [
        "15208:70:0",
        "15296:67:0",
        "15381:13:0"
      ]
    },
    {
      "id": 5,
      "contract": "Foo",
      "filename": "test/multifile_samples/forall_maps/child.sol",
      "propertySource": "837:32:1",
      "annotationSource": "825:45:1",
      "annotationText": "if_succeeds forall (uint i in f) f[i][0] > 0;",
      "target": "function",
      "type": "if_succeeds",
      "targetName": "setF",
      "debugEventEncoding": [
        [
          "i",
          [
            "860:1:1"
          ],
          "uint256"
        ]
      ],
      "message": "",
      "instrumentationRanges": [
        "15750:18:0",
        "15782:146:0",
        "15843:29:0",
        "15890:23:0",
        "15979:70:0",
        "16067:67:0",
        "15941:239:0"
      ],
      "checkRanges": [
        "15945:14:0"
      ],
      "assertionRanges": [
        "15979:70:0",
        "16067:67:0",
        "16152:13:0"
      ]
    },
    {
      "id": 6,
      "contract": "Foo",
      "filename": "test/multifile_samples/forall_maps/child.sol",
      "propertySource": "1026:35:1",
      "annotationSource": "1014:48:1",
      "annotationText": "if_succeeds forall (uint k in g[i]) g[i][k] > 0;",
      "target": "function",
      "type": "if_succeeds",
      "targetName": "setG",
      "debugEventEncoding": [
        [
          "i",
          [
            "1046:1:1",
            "1052:1:1"
          ],
          "uint256"
        ],
        [
          "k",
          [
            "1055:1:1"
          ],
          "uint256"
        ]
      ],
      "message": "",
      "instrumentationRanges": [
        "16493:18:0",
        "16525:223:0",
        "16636:56:0",
        "16710:23:0",
        "16799:73:0",
        "16890:67:0",
        "16761:242:0"
      ],
      "checkRanges": [
        "16765:14:0"
      ],
      "assertionRanges": [
        "16799:73:0",
        "16890:67:0",
        "16975:13:0"
      ]
    },
    {
      "id": 7,
      "contract": "Foo",
      "filename": "test/multifile_samples/forall_maps/child.sol",
      "propertySource": "1163:41:1",
      "annotationSource": "1151:54:1",
      "annotationText": "if_succeeds forall (string memory s in h) h[s][0] > 0;",
      "target": "function",
      "type": "if_succeeds",
      "targetName": "setH",
      "debugEventEncoding": [
        [
          "s",
          [
            "1195:1:1"
          ],
          "string"
        ]
      ],
      "message": "",
      "instrumentationRanges": [
        "17297:18:0",
        "17329:230:0",
        "17434:69:0",
        "17521:23:0",
        "17610:70:0",
        "17698:67:0",
        "17572:239:0"
      ],
      "checkRanges": [
        "17576:14:0"
      ],
      "assertionRanges": [
        "17610:70:0",
        "17698:67:0",
        "17783:13:0"
      ]
    },
    {
      "id": 8,
      "contract": "Foo",
      "filename": "test/multifile_samples/forall_maps/child.sol",
      "propertySource": "1316:36:1",
      "annotationSource": "1304:49:1",
      "annotationText": "if_succeeds forall (uint8 x in i[s]) i[s][x] > 0;",
      "target": "function",
      "type": "if_succeeds",
      "targetName": "setI",
      "debugEventEncoding": [
        [
          "s",
          [
            "1337:1:1",
            "1343:1:1"
          ],
          "string"
        ],
        [
          "x",
          [
            "1346:1:1"
          ],
          "uint8"
        ]
      ],
      "message": "",
      "instrumentationRanges": [
        "18133:18:0",
        "18165:218:0",
        "18276:51:0",
        "18345:23:0",
        "18434:73:0",
        "18525:67:0",
        "18396:242:0"
      ],
      "checkRanges": [
        "18400:14:0"
      ],
      "assertionRanges": [
        "18434:73:0",
        "18525:67:0",
        "18610:13:0"
      ]
    },
    {
      "id": 9,
      "contract": "Foo",
      "filename": "test/multifile_samples/forall_maps/child.sol",
      "propertySource": "1523:60:1",
      "annotationSource": "1511:73:1",
      "annotationText": "if_succeeds forall (string memory s in j.sas[saI].m) j.sas[saI].m[s] > 0;",
      "target": "function",
      "type": "if_succeeds",
      "targetName": "setJ",
      "debugEventEncoding": [
        [
          "saI",
          [
            "1556:3:1",
            "1570:3:1"
          ],
          "uint256"
        ],
        [
          "s",
          [
            "1577:1:1"
          ],
          "string"
        ]
      ],
      "message": "",
      "instrumentationRanges": [
        "18999:19:0",
        "19032:252:0",
        "19163:64:0",
        "19245:24:0",
        "19336:75:0",
        "19429:67:0",
        "19297:245:0"
      ],
      "checkRanges": [
        "19301:15:0"
      ],
      "assertionRanges": [
        "19336:75:0",
        "19429:67:0",
        "19514:13:0"
      ]
    },
    {
      "id": 10,
      "contract": "Foo",
      "filename": "test/multifile_samples/forall_maps/child.sol",
      "propertySource": "1704:80:1",
      "annotationSource": "1692:93:1",
      "annotationText": "if_succeeds forall(uint i in j.sas) forall (string memory s in j.sas[i].m) j.sas[i].m[s] > 0;",
      "target": "function",
      "type": "if_succeeds",
      "targetName": "setJ2",
      "debugEventEncoding": [
        [
          "i",
          [
            "1761:1:1",
            "1773:1:1"
          ],
          "uint256"
        ],
        [
          "s",
          [
            "1778:1:1"
          ],
          "string"
        ]
      ],
      "message": "",
      "instrumentationRanges": [
        "19860:19:0",
        "19893:483:0",
        "19961:19:0",
        "19998:277:0",
        "20143:67:0",
        "20232:24:0",
        "20292:27:0",
        "20337:24:0",
        "20428:79:0",
        "20525:68:0",
        "20389:250:0"
      ],
      "checkRanges": [
        "20393:15:0"
      ],
      "assertionRanges": [
        "20428:79:0",
        "20525:68:0",
        "20611:13:0"
      ]
    }
  ],
  "originalSourceList": [
    "test/multifile_samples/forall_maps/base.sol",
    "test/multifile_samples/forall_maps/child.sol"
  ],
  "instrSourceList": [
    "--"
  ],
  "scribbleVersion": "0.7.0"
}