{
  "instrToOriginalMap": [
    [
      "24:3401:0",
      "24:977:0"
    ],
    [
      "152:24:0",
      "61:15:0"
    ],
    [
      "152:6:0",
      "61:6:0"
    ],
    [
      "152:4:0",
      "61:4:0"
    ],
    [
      "172:4:0",
      "72:4:0"
    ],
    [
      "173:2:0",
      "73:2:0"
    ],
    [
      "182:17:0",
      "82:8:0"
    ],
    [
      "182:6:0",
      "82:6:0"
    ],
    [
      "182:4:0",
      "82:4:0"
    ],
    [
      "588:71:0",
      "166:56:0"
    ],
    [
      "616:8:0",
      "180:8:0"
    ],
    [
      "617:6:0",
      "181:6:0"
    ],
    [
      "617:4:0",
      "181:4:0"
    ],
    [
      "633:26:0",
      "196:26:0"
    ],
    [
      "643:9:0",
      "206:9:0"
    ],
    [
      "643:9:0",
      "206:9:0"
    ],
    [
      "643:6:0",
      "206:6:0"
    ],
    [
      "643:1:0",
      "206:1:0"
    ],
    [
      "650:1:0",
      "213:1:0"
    ],
    [
      "1056:77:0",
      "297:62:0"
    ],
    [
      "1083:16:0",
      "310:16:0"
    ],
    [
      "1084:6:0",
      "311:6:0"
    ],
    [
      "1084:4:0",
      "311:4:0"
    ],
    [
      "1092:6:0",
      "319:6:0"
    ],
    [
      "1092:4:0",
      "319:4:0"
    ],
    [
      "1108:25:0",
      "334:25:0"
    ],
    [
      "1118:8:0",
      "344:8:0"
    ],
    [
      "1118:8:0",
      "344:8:0"
    ],
    [
      "1118:4:0",
      "344:4:0"
    ],
    [
      "1118:1:0",
      "344:1:0"
    ],
    [
      "1120:1:0",
      "346:1:0"
    ],
    [
      "1125:1:0",
      "351:1:0"
    ],
    [
      "1518:71:0",
      "435:56:0"
    ],
    [
      "1546:8:0",
      "449:8:0"
    ],
    [
      "1547:6:0",
      "450:6:0"
    ],
    [
      "1547:4:0",
      "450:4:0"
    ],
    [
      "1563:26:0",
      "465:26:0"
    ],
    [
      "1573:9:0",
      "475:9:0"
    ],
    [
      "1573:9:0",
      "475:9:0"
    ],
    [
      "1573:6:0",
      "475:6:0"
    ],
    [
      "1573:1:0",
      "475:1:0"
    ],
    [
      "1580:1:0",
      "482:1:0"
    ],
    [
      "1983:77:0",
      "567:62:0"
    ],
    [
      "2010:16:0",
      "580:16:0"
    ],
    [
      "2011:6:0",
      "581:6:0"
    ],
    [
      "2011:4:0",
      "581:4:0"
    ],
    [
      "2019:6:0",
      "589:6:0"
    ],
    [
      "2019:4:0",
      "589:4:0"
    ],
    [
      "2035:25:0",
      "604:25:0"
    ],
    [
      "2045:8:0",
      "614:8:0"
    ],
    [
      "2045:8:0",
      "614:8:0"
    ],
    [
      "2045:4:0",
      "614:4:0"
    ],
    [
      "2045:1:0",
      "614:1:0"
    ],
    [
      "2047:1:0",
      "616:1:0"
    ],
    [
      "2052:1:0",
      "621:1:0"
    ],
    [
      "2457:58:0",
      "710:48:0"
    ],
    [
      "2486:18:0",
      "725:18:0"
    ],
    [
      "2487:16:0",
      "726:16:0"
    ],
    [
      "2487:7:0",
      "726:7:0"
    ],
    [
      "2487:5:0",
      "726:5:0"
    ],
    [
      "2513:2:0",
      "751:7:0"
    ],
    [
      "2930:65:0",
      "834:57:0"
    ],
    [
      "2964:20:0",
      "854:20:0"
    ],
    [
      "2965:18:0",
      "855:18:0"
    ],
    [
      "2965:7:0",
      "855:7:0"
    ],
    [
      "2965:5:0",
      "855:5:0"
    ],
    [
      "2993:2:0",
      "884:7:0"
    ],
    [
      "3357:66:0",
      "941:58:0"
    ],
    [
      "3393:19:0",
      "963:19:0"
    ],
    [
      "3394:17:0",
      "964:17:0"
    ],
    [
      "3394:6:0",
      "964:6:0"
    ],
    [
      "3394:4:0",
      "964:4:0"
    ],
    [
      "3421:2:0",
      "992:7:0"
    ],
    [
      "306:107:0",
      "102:59:0"
    ],
    [
      "774:107:0",
      "233:59:0"
    ],
    [
      "1239:104:0",
      "370:60:0"
    ],
    [
      "1704:104:0",
      "502:60:0"
    ],
    [
      "2178:104:0",
      "645:60:0"
    ],
    [
      "2647:108:0",
      "769:60:0"
    ],
    [
      "3130:52:0",
      "902:34:0"
    ]
  ],
  "otherInstrumentation": [
    "3514:38:0",
    "246:22:0",
    "3675:113:0",
    "3662:11:0",
    "309:40:0",
    "363:40:0",
    "712:24:0",
    "777:40:0",
    "831:40:0",
    "1179:22:0",
    "3878:113:0",
    "3866:10:0",
    "1242:37:0",
    "1296:37:0",
    "1642:24:0",
    "1707:37:0",
    "1761:37:0",
    "2117:23:0",
    "4081:113:0",
    "4069:10:0",
    "2181:37:0",
    "2235:37:0",
    "2581:28:0",
    "4288:113:0",
    "4276:10:0",
    "2650:39:0",
    "2706:39:0",
    "3062:30:0",
    "4500:113:0",
    "4487:11:0",
    "3132:41:0"
  ],
  "propertyMap": [
    {
      "id": 0,
      "contract": "Foo",
      "filename": "test/multifile_samples/arr_sum/main.sol",
      "propertySource": "114:46:0",
      "annotationSource": "102:59:0",
      "target": "function",
      "targetName": "pushA",
      "debugEventEncoding": [
        [
          [
            "128:1:0",
            "153:1:0"
          ],
          "uint256[] storage"
        ]
      ],
      "message": "",
      "instrumentationRanges": [
        "478:42:0",
        "433:27:0",
        "302:264:0"
      ],
      "checkRanges": [
        "306:107:0"
      ],
      "assertionRanges": [
        "433:27:0",
        "478:42:0",
        "538:13:0"
      ]
    },
    {
      "id": 1,
      "contract": "Foo",
      "filename": "test/multifile_samples/arr_sum/main.sol",
      "propertySource": "245:46:0",
      "annotationSource": "233:59:0",
      "target": "function",
      "targetName": "setA",
      "debugEventEncoding": [
        [
          [
            "259:1:0",
            "284:1:0"
          ],
          "uint256[] storage"
        ]
      ],
      "message": "",
      "instrumentationRanges": [
        "946:42:0",
        "901:27:0",
        "770:264:0"
      ],
      "checkRanges": [
        "774:107:0"
      ],
      "assertionRanges": [
        "901:27:0",
        "946:42:0",
        "1006:13:0"
      ]
    },
    {
      "id": 2,
      "contract": "Foo",
      "filename": "test/multifile_samples/arr_sum/main.sol",
      "propertySource": "382:47:0",
      "annotationSource": "370:60:0",
      "target": "function",
      "targetName": "pushB",
      "debugEventEncoding": [
        [
          [
            "396:1:0",
            "422:1:0"
          ],
          "int8[] storage"
        ]
      ],
      "message": "",
      "instrumentationRanges": [
        "1408:42:0",
        "1363:27:0",
        "1235:261:0"
      ],
      "checkRanges": [
        "1239:104:0"
      ],
      "assertionRanges": [
        "1363:27:0",
        "1408:42:0",
        "1468:13:0"
      ]
    },
    {
      "id": 3,
      "contract": "Foo",
      "filename": "test/multifile_samples/arr_sum/main.sol",
      "propertySource": "514:47:0",
      "annotationSource": "502:60:0",
      "target": "function",
      "targetName": "setB",
      "debugEventEncoding": [
        [
          [
            "528:1:0",
            "554:1:0"
          ],
          "int8[] storage"
        ]
      ],
      "message": "",
      "instrumentationRanges": [
        "1873:42:0",
        "1828:27:0",
        "1700:261:0"
      ],
      "checkRanges": [
        "1704:104:0"
      ],
      "assertionRanges": [
        "1828:27:0",
        "1873:42:0",
        "1933:13:0"
      ]
    },
    {
      "id": 4,
      "contract": "Foo",
      "filename": "test/multifile_samples/arr_sum/main.sol",
      "propertySource": "657:47:0",
      "annotationSource": "645:60:0",
      "target": "function",
      "targetName": "memArr",
      "debugEventEncoding": [
        [
          [
            "671:1:0",
            "697:1:0"
          ],
          "int16[] memory"
        ]
      ],
      "message": "",
      "instrumentationRanges": [
        "2347:42:0",
        "2302:27:0",
        "2174:261:0"
      ],
      "checkRanges": [
        "2178:104:0"
      ],
      "assertionRanges": [
        "2302:27:0",
        "2347:42:0",
        "2407:13:0"
      ]
    },
    {
      "id": 5,
      "contract": "Foo",
      "filename": "test/multifile_samples/arr_sum/main.sol",
      "propertySource": "781:47:0",
      "annotationSource": "769:60:0",
      "target": "function",
      "targetName": "calldataArr",
      "debugEventEncoding": [
        [
          [
            "795:1:0",
            "821:1:0"
          ],
          "int16[] calldata"
        ]
      ],
      "message": "",
      "instrumentationRanges": [
        "2820:42:0",
        "2775:27:0",
        "2643:265:0"
      ],
      "checkRanges": [
        "2647:108:0"
      ],
      "assertionRanges": [
        "2775:27:0",
        "2820:42:0",
        "2880:13:0"
      ]
    },
    {
      "id": 6,
      "contract": "Foo",
      "filename": "test/multifile_samples/arr_sum/main.sol",
      "propertySource": "914:21:0",
      "annotationSource": "902:34:0",
      "target": "function",
      "targetName": "overflowCheck",
      "debugEventEncoding": [
        [
          [
            "928:1:0"
          ],
          "uint256[] calldata"
        ]
      ],
      "message": "",
      "instrumentationRanges": [
        "3247:42:0",
        "3202:27:0",
        "3126:209:0"
      ],
      "checkRanges": [
        "3130:52:0"
      ],
      "assertionRanges": [
        "3202:27:0",
        "3247:42:0",
        "3307:13:0"
      ]
    }
  ],
  "originalSourceList": [
    "test/multifile_samples/arr_sum/main.sol"
  ],
  "instrSourceList": [
    "--"
  ]
}
