{
  "instrToOriginalMap": [
    [
      "164:3401:0",
      "24:977:0"
    ],
    [
      "292:24:0",
      "61:15:0"
    ],
    [
      "292:6:0",
      "61:6:0"
    ],
    [
      "292:4:0",
      "61:4:0"
    ],
    [
      "312:4:0",
      "72:4:0"
    ],
    [
      "313:2:0",
      "73:2:0"
    ],
    [
      "322:17:0",
      "82:8:0"
    ],
    [
      "322:6:0",
      "82:6:0"
    ],
    [
      "322:4:0",
      "82:4:0"
    ],
    [
      "728:71:0",
      "166:56:0"
    ],
    [
      "756:8:0",
      "180:8:0"
    ],
    [
      "757:6:0",
      "181:6:0"
    ],
    [
      "757:4:0",
      "181:4:0"
    ],
    [
      "773:26:0",
      "196:26:0"
    ],
    [
      "783:9:0",
      "206:9:0"
    ],
    [
      "783:9:0",
      "206:9:0"
    ],
    [
      "783:6:0",
      "206:6:0"
    ],
    [
      "783:1:0",
      "206:1:0"
    ],
    [
      "790:1:0",
      "213:1:0"
    ],
    [
      "1196:77:0",
      "297:62:0"
    ],
    [
      "1223:16:0",
      "310:16:0"
    ],
    [
      "1224:6:0",
      "311:6:0"
    ],
    [
      "1224:4:0",
      "311:4:0"
    ],
    [
      "1232:6:0",
      "319:6:0"
    ],
    [
      "1232:4:0",
      "319:4:0"
    ],
    [
      "1248:25:0",
      "334:25:0"
    ],
    [
      "1258:8:0",
      "344:8:0"
    ],
    [
      "1258:8:0",
      "344:8:0"
    ],
    [
      "1258:4:0",
      "344:4:0"
    ],
    [
      "1258:1:0",
      "344:1:0"
    ],
    [
      "1260:1:0",
      "346:1:0"
    ],
    [
      "1265:1:0",
      "351:1:0"
    ],
    [
      "1658:71:0",
      "435:56:0"
    ],
    [
      "1686:8:0",
      "449:8:0"
    ],
    [
      "1687:6:0",
      "450:6:0"
    ],
    [
      "1687:4:0",
      "450:4:0"
    ],
    [
      "1703:26:0",
      "465:26:0"
    ],
    [
      "1713:9:0",
      "475:9:0"
    ],
    [
      "1713:9:0",
      "475:9:0"
    ],
    [
      "1713:6:0",
      "475:6:0"
    ],
    [
      "1713:1:0",
      "475:1:0"
    ],
    [
      "1720:1:0",
      "482:1:0"
    ],
    [
      "2123:77:0",
      "567:62:0"
    ],
    [
      "2150:16:0",
      "580:16:0"
    ],
    [
      "2151:6:0",
      "581:6:0"
    ],
    [
      "2151:4:0",
      "581:4:0"
    ],
    [
      "2159:6:0",
      "589:6:0"
    ],
    [
      "2159:4:0",
      "589:4:0"
    ],
    [
      "2175:25:0",
      "604:25:0"
    ],
    [
      "2185:8:0",
      "614:8:0"
    ],
    [
      "2185:8:0",
      "614:8:0"
    ],
    [
      "2185:4:0",
      "614:4:0"
    ],
    [
      "2185:1:0",
      "614:1:0"
    ],
    [
      "2187:1:0",
      "616:1:0"
    ],
    [
      "2192:1:0",
      "621:1:0"
    ],
    [
      "2597:58:0",
      "710:48:0"
    ],
    [
      "2626:18:0",
      "725:18:0"
    ],
    [
      "2627:16:0",
      "726:16:0"
    ],
    [
      "2627:7:0",
      "726:7:0"
    ],
    [
      "2627:5:0",
      "726:5:0"
    ],
    [
      "2653:2:0",
      "751:7:0"
    ],
    [
      "3070:65:0",
      "834:57:0"
    ],
    [
      "3104:20:0",
      "854:20:0"
    ],
    [
      "3105:18:0",
      "855:18:0"
    ],
    [
      "3105:7:0",
      "855:7:0"
    ],
    [
      "3105:5:0",
      "855:5:0"
    ],
    [
      "3133:2:0",
      "884:7:0"
    ],
    [
      "3497:66:0",
      "941:58:0"
    ],
    [
      "3533:19:0",
      "963:19:0"
    ],
    [
      "3534:17:0",
      "964:17:0"
    ],
    [
      "3534:6:0",
      "964:6:0"
    ],
    [
      "3534:4:0",
      "964:4:0"
    ],
    [
      "3561:2:0",
      "992:7:0"
    ],
    [
      "446:107:0",
      "102:59:0"
    ],
    [
      "914:107:0",
      "233:59:0"
    ],
    [
      "1379:104:0",
      "370:60:0"
    ],
    [
      "1844:104:0",
      "502:60:0"
    ],
    [
      "2318:104:0",
      "645:60:0"
    ],
    [
      "2787:108:0",
      "769:60:0"
    ],
    [
      "3270:52:0",
      "902:34:0"
    ]
  ],
  "otherInstrumentation": [
    "3654:38:0",
    "386:22:0",
    "3815:113:0",
    "3802:11:0",
    "449:40:0",
    "503:40:0",
    "852:24:0",
    "917:40:0",
    "971:40:0",
    "1319:22:0",
    "4018:113:0",
    "4006:10:0",
    "1382:37:0",
    "1436:37:0",
    "1782:24:0",
    "1847:37:0",
    "1901:37:0",
    "2257:23:0",
    "4221:113:0",
    "4209:10:0",
    "2321:37:0",
    "2375:37:0",
    "2721:28:0",
    "4428:113:0",
    "4416:10:0",
    "2790:39:0",
    "2846:39:0",
    "3202:30:0",
    "4640:113:0",
    "4627:11:0",
    "3272:41:0"
  ],
  "propertyMap": [
    {
      "id": 0,
      "contract": "Foo",
      "filename": "test/multifile_samples/arr_sum/main.sol",
      "propertySource": "114:46:0",
      "annotationSource": "102:59:0",
      "target": "function",
      "type": "if_succeeds",
      "targetName": "pushA",
      "debugEventEncoding": [
        [
          [
            "128:1:0",
            "153:1:0"
          ],
          "uint256[] storage"
        ]
      ],
      "message": "",
      "instrumentationRanges": [
        "618:42:0",
        "573:27:0",
        "442:264:0"
      ],
      "checkRanges": [
        "446:107:0"
      ],
      "assertionRanges": [
        "573:27:0",
        "618:42:0",
        "678:13:0"
      ]
    },
    {
      "id": 1,
      "contract": "Foo",
      "filename": "test/multifile_samples/arr_sum/main.sol",
      "propertySource": "245:46:0",
      "annotationSource": "233:59:0",
      "target": "function",
      "type": "if_succeeds",
      "targetName": "setA",
      "debugEventEncoding": [
        [
          [
            "259:1:0",
            "284:1:0"
          ],
          "uint256[] storage"
        ]
      ],
      "message": "",
      "instrumentationRanges": [
        "1086:42:0",
        "1041:27:0",
        "910:264:0"
      ],
      "checkRanges": [
        "914:107:0"
      ],
      "assertionRanges": [
        "1041:27:0",
        "1086:42:0",
        "1146:13:0"
      ]
    },
    {
      "id": 2,
      "contract": "Foo",
      "filename": "test/multifile_samples/arr_sum/main.sol",
      "propertySource": "382:47:0",
      "annotationSource": "370:60:0",
      "target": "function",
      "type": "if_succeeds",
      "targetName": "pushB",
      "debugEventEncoding": [
        [
          [
            "396:1:0",
            "422:1:0"
          ],
          "int8[] storage"
        ]
      ],
      "message": "",
      "instrumentationRanges": [
        "1548:42:0",
        "1503:27:0",
        "1375:261:0"
      ],
      "checkRanges": [
        "1379:104:0"
      ],
      "assertionRanges": [
        "1503:27:0",
        "1548:42:0",
        "1608:13:0"
      ]
    },
    {
      "id": 3,
      "contract": "Foo",
      "filename": "test/multifile_samples/arr_sum/main.sol",
      "propertySource": "514:47:0",
      "annotationSource": "502:60:0",
      "target": "function",
      "type": "if_succeeds",
      "targetName": "setB",
      "debugEventEncoding": [
        [
          [
            "528:1:0",
            "554:1:0"
          ],
          "int8[] storage"
        ]
      ],
      "message": "",
      "instrumentationRanges": [
        "2013:42:0",
        "1968:27:0",
        "1840:261:0"
      ],
      "checkRanges": [
        "1844:104:0"
      ],
      "assertionRanges": [
        "1968:27:0",
        "2013:42:0",
        "2073:13:0"
      ]
    },
    {
      "id": 4,
      "contract": "Foo",
      "filename": "test/multifile_samples/arr_sum/main.sol",
      "propertySource": "657:47:0",
      "annotationSource": "645:60:0",
      "target": "function",
      "type": "if_succeeds",
      "targetName": "memArr",
      "debugEventEncoding": [
        [
          [
            "671:1:0",
            "697:1:0"
          ],
          "int16[] memory"
        ]
      ],
      "message": "",
      "instrumentationRanges": [
        "2487:42:0",
        "2442:27:0",
        "2314:261:0"
      ],
      "checkRanges": [
        "2318:104:0"
      ],
      "assertionRanges": [
        "2442:27:0",
        "2487:42:0",
        "2547:13:0"
      ]
    },
    {
      "id": 5,
      "contract": "Foo",
      "filename": "test/multifile_samples/arr_sum/main.sol",
      "propertySource": "781:47:0",
      "annotationSource": "769:60:0",
      "target": "function",
      "type": "if_succeeds",
      "targetName": "calldataArr",
      "debugEventEncoding": [
        [
          [
            "795:1:0",
            "821:1:0"
          ],
          "int16[] calldata"
        ]
      ],
      "message": "",
      "instrumentationRanges": [
        "2960:42:0",
        "2915:27:0",
        "2783:265:0"
      ],
      "checkRanges": [
        "2787:108:0"
      ],
      "assertionRanges": [
        "2915:27:0",
        "2960:42:0",
        "3020:13:0"
      ]
    },
    {
      "id": 6,
      "contract": "Foo",
      "filename": "test/multifile_samples/arr_sum/main.sol",
      "propertySource": "914:21:0",
      "annotationSource": "902:34:0",
      "target": "function",
      "type": "if_succeeds",
      "targetName": "overflowCheck",
      "debugEventEncoding": [
        [
          [
            "928:1:0"
          ],
          "uint256[] calldata"
        ]
      ],
      "message": "",
      "instrumentationRanges": [
        "3387:42:0",
        "3342:27:0",
        "3266:209:0"
      ],
      "checkRanges": [
        "3270:52:0"
      ],
      "assertionRanges": [
        "3342:27:0",
        "3387:42:0",
        "3447:13:0"
      ]
    }
  ],
  "originalSourceList": [
    "test/multifile_samples/arr_sum/main.sol"
  ],
  "instrSourceList": [
    "--"
  ]
}