{
  "instrToOriginalMap": [
    [
      "1043:2916:0",
      "24:977:0"
    ],
    [
      "1106:24:0",
      "61:15:0"
    ],
    [
      "1106:6:0",
      "61:6:0"
    ],
    [
      "1106:4:0",
      "61:4:0"
    ],
    [
      "1126:4:0",
      "72:4:0"
    ],
    [
      "1127:2:0",
      "73:2:0"
    ],
    [
      "1136:17:0",
      "82:8:0"
    ],
    [
      "1136:6:0",
      "82:6:0"
    ],
    [
      "1136:4:0",
      "82:4:0"
    ],
    [
      "1482:71:0",
      "166:56:0"
    ],
    [
      "1510:8:0",
      "180:8:0"
    ],
    [
      "1511:6:0",
      "181:6:0"
    ],
    [
      "1511:4:0",
      "181:4:0"
    ],
    [
      "1527:26:0",
      "196:26:0"
    ],
    [
      "1537:9:0",
      "206:9:0"
    ],
    [
      "1537:9:0",
      "206:9:0"
    ],
    [
      "1537:6:0",
      "206:6:0"
    ],
    [
      "1537:1:0",
      "206:1:0"
    ],
    [
      "1544:1:0",
      "213:1:0"
    ],
    [
      "1890:77:0",
      "297:62:0"
    ],
    [
      "1917:16:0",
      "310:16:0"
    ],
    [
      "1918:6:0",
      "311:6:0"
    ],
    [
      "1918:4:0",
      "311:4:0"
    ],
    [
      "1926:6:0",
      "319:6:0"
    ],
    [
      "1926:4:0",
      "319:4:0"
    ],
    [
      "1942:25:0",
      "334:25:0"
    ],
    [
      "1952:8:0",
      "344:8:0"
    ],
    [
      "1952:8:0",
      "344:8:0"
    ],
    [
      "1952:4:0",
      "344:4:0"
    ],
    [
      "1952:1:0",
      "344:1:0"
    ],
    [
      "1954:1:0",
      "346:1:0"
    ],
    [
      "1959:1:0",
      "351:1:0"
    ],
    [
      "2292:71:0",
      "435:56:0"
    ],
    [
      "2320:8:0",
      "449:8:0"
    ],
    [
      "2321:6:0",
      "450:6:0"
    ],
    [
      "2321:4:0",
      "450:4:0"
    ],
    [
      "2337:26:0",
      "465:26:0"
    ],
    [
      "2347:9:0",
      "475:9:0"
    ],
    [
      "2347:9:0",
      "475:9:0"
    ],
    [
      "2347:6:0",
      "475:6:0"
    ],
    [
      "2347:1:0",
      "475:1:0"
    ],
    [
      "2354:1:0",
      "482:1:0"
    ],
    [
      "2697:77:0",
      "567:62:0"
    ],
    [
      "2724:16:0",
      "580:16:0"
    ],
    [
      "2725:6:0",
      "581:6:0"
    ],
    [
      "2725:4:0",
      "581:4:0"
    ],
    [
      "2733:6:0",
      "589:6:0"
    ],
    [
      "2733:4:0",
      "589:4:0"
    ],
    [
      "2749:25:0",
      "604:25:0"
    ],
    [
      "2759:8:0",
      "614:8:0"
    ],
    [
      "2759:8:0",
      "614:8:0"
    ],
    [
      "2759:4:0",
      "614:4:0"
    ],
    [
      "2759:1:0",
      "614:1:0"
    ],
    [
      "2761:1:0",
      "616:1:0"
    ],
    [
      "2766:1:0",
      "621:1:0"
    ],
    [
      "3111:58:0",
      "710:48:0"
    ],
    [
      "3140:18:0",
      "725:18:0"
    ],
    [
      "3141:16:0",
      "726:16:0"
    ],
    [
      "3141:7:0",
      "726:7:0"
    ],
    [
      "3141:5:0",
      "726:5:0"
    ],
    [
      "3167:2:0",
      "751:7:0"
    ],
    [
      "3524:65:0",
      "834:57:0"
    ],
    [
      "3558:20:0",
      "854:20:0"
    ],
    [
      "3559:18:0",
      "855:18:0"
    ],
    [
      "3559:7:0",
      "855:7:0"
    ],
    [
      "3559:5:0",
      "855:5:0"
    ],
    [
      "3587:2:0",
      "884:7:0"
    ],
    [
      "3891:66:0",
      "941:58:0"
    ],
    [
      "3927:19:0",
      "963:19:0"
    ],
    [
      "3928:17:0",
      "964:17:0"
    ],
    [
      "3928:6:0",
      "964:6:0"
    ],
    [
      "3928:4:0",
      "964:4:0"
    ],
    [
      "3955:2:0",
      "992:7:0"
    ],
    [
      "1260:107:0",
      "102:59:0"
    ],
    [
      "1668:107:0",
      "233:59:0"
    ],
    [
      "2073:104:0",
      "370:60:0"
    ],
    [
      "2478:104:0",
      "502:60:0"
    ],
    [
      "2892:104:0",
      "645:60:0"
    ],
    [
      "3301:108:0",
      "769:60:0"
    ],
    [
      "3724:52:0",
      "902:34:0"
    ]
  ],
  "otherInstrumentation": [
    "111:38:0",
    "1200:22:0",
    "272:79:0",
    "259:11:0",
    "1263:40:0",
    "1317:40:0",
    "1606:24:0",
    "1671:40:0",
    "1725:40:0",
    "2013:22:0",
    "441:79:0",
    "429:10:0",
    "2076:37:0",
    "2130:37:0",
    "2416:24:0",
    "2481:37:0",
    "2535:37:0",
    "2831:23:0",
    "610:79:0",
    "598:10:0",
    "2895:37:0",
    "2949:37:0",
    "3235:28:0",
    "783:79:0",
    "771:10:0",
    "3304:39:0",
    "3360:39:0",
    "3656:30:0",
    "961:79:0",
    "948:11:0",
    "3726:41:0"
  ],
  "propertyMap": [
    {
      "id": 0,
      "contract": "Foo",
      "filename": "test/multifile_samples/arr_sum/main.sol",
      "propertySource": "114:46:0",
      "annotationSource": "102:59:0",
      "target": "function",
      "targetName": "pushA",
      "debugEventSignature": "",
      "message": "",
      "instrumentationRanges": [
        "1387:27:0",
        "1256:204:0"
      ],
      "checkRanges": [
        "1260:107:0"
      ],
      "assertionRanges": [
        "1387:27:0",
        "1432:13:0"
      ]
    },
    {
      "id": 1,
      "contract": "Foo",
      "filename": "test/multifile_samples/arr_sum/main.sol",
      "propertySource": "245:46:0",
      "annotationSource": "233:59:0",
      "target": "function",
      "targetName": "setA",
      "debugEventSignature": "",
      "message": "",
      "instrumentationRanges": [
        "1795:27:0",
        "1664:204:0"
      ],
      "checkRanges": [
        "1668:107:0"
      ],
      "assertionRanges": [
        "1795:27:0",
        "1840:13:0"
      ]
    },
    {
      "id": 2,
      "contract": "Foo",
      "filename": "test/multifile_samples/arr_sum/main.sol",
      "propertySource": "382:47:0",
      "annotationSource": "370:60:0",
      "target": "function",
      "targetName": "pushB",
      "debugEventSignature": "",
      "message": "",
      "instrumentationRanges": [
        "2197:27:0",
        "2069:201:0"
      ],
      "checkRanges": [
        "2073:104:0"
      ],
      "assertionRanges": [
        "2197:27:0",
        "2242:13:0"
      ]
    },
    {
      "id": 3,
      "contract": "Foo",
      "filename": "test/multifile_samples/arr_sum/main.sol",
      "propertySource": "514:47:0",
      "annotationSource": "502:60:0",
      "target": "function",
      "targetName": "setB",
      "debugEventSignature": "",
      "message": "",
      "instrumentationRanges": [
        "2602:27:0",
        "2474:201:0"
      ],
      "checkRanges": [
        "2478:104:0"
      ],
      "assertionRanges": [
        "2602:27:0",
        "2647:13:0"
      ]
    },
    {
      "id": 4,
      "contract": "Foo",
      "filename": "test/multifile_samples/arr_sum/main.sol",
      "propertySource": "657:47:0",
      "annotationSource": "645:60:0",
      "target": "function",
      "targetName": "memArr",
      "debugEventSignature": "",
      "message": "",
      "instrumentationRanges": [
        "3016:27:0",
        "2888:201:0"
      ],
      "checkRanges": [
        "2892:104:0"
      ],
      "assertionRanges": [
        "3016:27:0",
        "3061:13:0"
      ]
    },
    {
      "id": 5,
      "contract": "Foo",
      "filename": "test/multifile_samples/arr_sum/main.sol",
      "propertySource": "781:47:0",
      "annotationSource": "769:60:0",
      "target": "function",
      "targetName": "calldataArr",
      "debugEventSignature": "",
      "message": "",
      "instrumentationRanges": [
        "3429:27:0",
        "3297:205:0"
      ],
      "checkRanges": [
        "3301:108:0"
      ],
      "assertionRanges": [
        "3429:27:0",
        "3474:13:0"
      ]
    },
    {
      "id": 6,
      "contract": "Foo",
      "filename": "test/multifile_samples/arr_sum/main.sol",
      "propertySource": "914:21:0",
      "annotationSource": "902:34:0",
      "target": "function",
      "targetName": "overflowCheck",
      "debugEventSignature": "",
      "message": "",
      "instrumentationRanges": [
        "3796:27:0",
        "3720:149:0"
      ],
      "checkRanges": [
        "3724:52:0"
      ],
      "assertionRanges": [
        "3796:27:0",
        "3841:13:0"
      ]
    }
  ],
  "originalSourceList": [
    "test/multifile_samples/arr_sum/main.sol"
  ],
  "instrSourceList": [
    "--"
  ]
}
